Component: Arm Compiler for Embedded 6.18 Tool: armlink [5e4cc100]

==============================================================================

Section Cross References

    startup_stm32h503xx.o(STACK) refers (Special) to heapauxi.o(.text) for __use_two_region_memory
    startup_stm32h503xx.o(HEAP) refers (Special) to heapauxi.o(.text) for __use_two_region_memory
    startup_stm32h503xx.o(RESET) refers (Special) to heapauxi.o(.text) for __use_two_region_memory
    startup_stm32h503xx.o(RESET) refers to startup_stm32h503xx.o(STACK) for __initial_sp
    startup_stm32h503xx.o(RESET) refers to startup_stm32h503xx.o(.text) for Reset_Handler
    startup_stm32h503xx.o(RESET) refers to stm32h5xx_it.o(.text.NMI_Handler) for NMI_Handler
    startup_stm32h503xx.o(RESET) refers to stm32h5xx_it.o(.text.HardFault_Handler) for HardFault_Handler
    startup_stm32h503xx.o(RESET) refers to stm32h5xx_it.o(.text.MemManage_Handler) for MemManage_Handler
    startup_stm32h503xx.o(RESET) refers to stm32h5xx_it.o(.text.BusFault_Handler) for BusFault_Handler
    startup_stm32h503xx.o(RESET) refers to stm32h5xx_it.o(.text.UsageFault_Handler) for UsageFault_Handler
    startup_stm32h503xx.o(RESET) refers to stm32h5xx_it.o(.text.SVC_Handler) for SVC_Handler
    startup_stm32h503xx.o(RESET) refers to stm32h5xx_it.o(.text.DebugMon_Handler) for DebugMon_Handler
    startup_stm32h503xx.o(RESET) refers to stm32h5xx_it.o(.text.PendSV_Handler) for PendSV_Handler
    startup_stm32h503xx.o(RESET) refers to stm32h5xx_it.o(.text.SysTick_Handler) for SysTick_Handler
    startup_stm32h503xx.o(RESET) refers to stm32h5xx_it.o(.text.TIM1_CC_IRQHandler) for TIM1_CC_IRQHandler
    startup_stm32h503xx.o(.text) refers (Special) to heapauxi.o(.text) for __use_two_region_memory
    startup_stm32h503xx.o(.text) refers to system_stm32h5xx.o(.text.SystemInit) for SystemInit
    startup_stm32h503xx.o(.text) refers to __main.o(!!!main) for __main
    startup_stm32h503xx.o(.text) refers to startup_stm32h503xx.o(HEAP) for Heap_Mem
    startup_stm32h503xx.o(.text) refers to startup_stm32h503xx.o(STACK) for Stack_Mem
    stspin220.o(.text.STSPIN220_SetStepMode) refers to stm32h5xx_hal_gpio.o(.text.HAL_GPIO_WritePin) for HAL_GPIO_WritePin
    stspin220.o(.ARM.exidx.text.STSPIN220_SetStepMode) refers to stspin220.o(.text.STSPIN220_SetStepMode) for [Anonymous Symbol]
    stspin220.o(.text.STSPIN220_enable) refers to stm32h5xx_hal_gpio.o(.text.HAL_GPIO_WritePin) for HAL_GPIO_WritePin
    stspin220.o(.ARM.exidx.text.STSPIN220_enable) refers to stspin220.o(.text.STSPIN220_enable) for [Anonymous Symbol]
    stspin220.o(.text.STSPIN220_setDirection) refers to stm32h5xx_hal_gpio.o(.text.HAL_GPIO_WritePin) for HAL_GPIO_WritePin
    stspin220.o(.ARM.exidx.text.STSPIN220_setDirection) refers to stspin220.o(.text.STSPIN220_setDirection) for [Anonymous Symbol]
    stspin220.o(.text.STSPIN220_Stby) refers to stm32h5xx_hal_gpio.o(.text.HAL_GPIO_WritePin) for HAL_GPIO_WritePin
    stspin220.o(.ARM.exidx.text.STSPIN220_Stby) refers to stspin220.o(.text.STSPIN220_Stby) for [Anonymous Symbol]
    main.o(.text.main) refers to stm32h5xx_hal.o(.text.HAL_Init) for HAL_Init
    main.o(.text.main) refers to main.o(.text.SystemClock_Config) for SystemClock_Config
    main.o(.text.main) refers to gpio.o(.text.MX_GPIO_Init) for MX_GPIO_Init
    main.o(.text.main) refers to stm32h5xx_hal_gpio.o(.text.HAL_GPIO_WritePin) for HAL_GPIO_WritePin
    main.o(.text.main) refers to stm32h5xx_hal_gpio.o(.text.HAL_GPIO_Init) for HAL_GPIO_Init
    main.o(.text.main) refers to stm32h5xx_hal.o(.text.HAL_Delay) for HAL_Delay
    main.o(.text.main) refers to stspin220.o(.text.STSPIN220_SetStepMode) for STSPIN220_SetStepMode
    main.o(.text.main) refers to stspin220.o(.text.STSPIN220_enable) for STSPIN220_enable
    main.o(.text.main) refers to stspin220.o(.text.STSPIN220_Stby) for STSPIN220_Stby
    main.o(.text.main) refers to stspin220.o(.text.STSPIN220_setDirection) for STSPIN220_setDirection
    main.o(.text.main) refers to main.o(.bss..L_MergedGlobals) for .L_MergedGlobals
    main.o(.text.main) refers to tim.o(.text.MX_TIM1_Init) for MX_TIM1_Init
    main.o(.text.main) refers to tim.o(.bss.htim1) for htim1
    main.o(.text.main) refers to stm32h5xx_hal_tim.o(.text.HAL_TIM_PWM_Start_IT) for HAL_TIM_PWM_Start_IT
    main.o(.ARM.exidx.text.main) refers to main.o(.text.main) for [Anonymous Symbol]
    main.o(.text.SystemClock_Config) refers to rt_memclr_w.o(.text) for __aeabi_memclr4
    main.o(.text.SystemClock_Config) refers to stm32h5xx_hal_rcc.o(.text.HAL_RCC_OscConfig) for HAL_RCC_OscConfig
    main.o(.text.SystemClock_Config) refers to stm32h5xx_hal_rcc.o(.text.HAL_RCC_ClockConfig) for HAL_RCC_ClockConfig
    main.o(.ARM.exidx.text.SystemClock_Config) refers to main.o(.text.SystemClock_Config) for [Anonymous Symbol]
    main.o(.text.MX_GPIO_Init_mode3) refers to stm32h5xx_hal_gpio.o(.text.HAL_GPIO_WritePin) for HAL_GPIO_WritePin
[...]
    Removing stm32h5xx_hal_tim.o(.ARM.exidx.text.TIM_DMACaptureHalfCplt), (8 bytes).
    Removing stm32h5xx_hal_tim.o(.text.HAL_TIM_IC_Stop_DMA), (284 bytes).
    Removing stm32h5xx_hal_tim.o(.ARM.exidx.text.HAL_TIM_IC_Stop_DMA), (8 bytes).
    Removing stm32h5xx_hal_tim.o(.text.HAL_TIM_OnePulse_Init), (204 bytes).
    Removing stm32h5xx_hal_tim.o(.ARM.exidx.text.HAL_TIM_OnePulse_Init), (8 bytes).
    Removing stm32h5xx_hal_tim.o(.text.HAL_TIM_OnePulse_MspInit), (2 bytes).
    Removing stm32h5xx_hal_tim.o(.ARM.exidx.text.HAL_TIM_OnePulse_MspInit), (8 bytes).
    Removing stm32h5xx_hal_tim.o(.text.HAL_TIM_OnePulse_DeInit), (80 bytes).
    Removing stm32h5xx_hal_tim.o(.ARM.exidx.text.HAL_TIM_OnePulse_DeInit), (8 bytes).
    Removing stm32h5xx_hal_tim.o(.text.HAL_TIM_OnePulse_MspDeInit), (2 bytes).
    Removing stm32h5xx_hal_tim.o(.ARM.exidx.text.HAL_TIM_OnePulse_MspDeInit), (8 bytes).
    Removing stm32h5xx_hal_tim.o(.text.HAL_TIM_OnePulse_Start), (126 bytes).
    Removing stm32h5xx_hal_tim.o(.ARM.exidx.text.HAL_TIM_OnePulse_Start), (8 bytes).
    Removing stm32h5xx_hal_tim.o(.text.HAL_TIM_OnePulse_Stop), (128 bytes).
    Removing stm32h5xx_hal_tim.o(.ARM.exidx.text.HAL_TIM_OnePulse_Stop), (8 bytes).
    Removing stm32h5xx_hal_tim.o(.text.HAL_TIM_OnePulse_Start_IT), (142 bytes).
    Removing stm32h5xx_hal_tim.o(.ARM.exidx.text.HAL_TIM_OnePulse_Start_IT), (8 bytes).
    Removing stm32h5xx_hal_tim.o(.text.HAL_TIM_OnePulse_Stop_IT), (144 bytes).
    Removing stm32h5xx_hal_tim.o(.ARM.exidx.text.HAL_TIM_OnePulse_Stop_IT), (8 bytes).
    Removing stm32h5xx_hal_tim.o(.text.HAL_TIM_Encoder_Init), (300 bytes).
    Removing stm32h5xx_hal_tim.o(.ARM.exidx.text.HAL_TIM_Encoder_Init), (8 bytes).
    Removing stm32h5xx_hal_tim.o(.text.HAL_TIM_Encoder_MspInit), (2 bytes).
    Removing stm32h5xx_hal_tim.o(.ARM.exidx.text.HAL_TIM_Encoder_MspInit), (8 bytes).
    Removing stm32h5xx_hal_tim.o(.text.HAL_TIM_Encoder_DeInit), (80 bytes).
    Removing stm32h5xx_hal_tim.o(.ARM.exidx.text.HAL_TIM_Encoder_DeInit), (8 bytes).
    Removing stm32h5xx_hal_tim.o(.text.HAL_TIM_Encoder_MspDeInit), (2 bytes).
    Removing stm32h5xx_hal_tim.o(.ARM.exidx.text.HAL_TIM_Encoder_MspDeInit), (8 bytes).
    Removing stm32h5xx_hal_tim.o(.text.HAL_TIM_Encoder_Start), (188 bytes).
    Removing stm32h5xx_hal_tim.o(.ARM.exidx.text.HAL_TIM_Encoder_Start), (8 bytes).
    Removing stm32h5xx_hal_tim.o(.text.HAL_TIM_Encoder_Stop), (174 bytes).
    Removing stm32h5xx_hal_tim.o(.ARM.exidx.text.HAL_TIM_Encoder_Stop), (8 bytes).
    Removing stm32h5xx_hal_tim.o(.text.HAL_TIM_Encoder_Start_IT), (230 bytes).
    Removing stm32h5xx_hal_tim.o(.ARM.exidx.text.HAL_TIM_Encoder_Start_IT), (8 bytes).
    Removing stm32h5xx_hal_tim.o(.text.HAL_TIM_Encoder_Stop_IT), (210 bytes).
    Removing stm32h5xx_hal_tim.o(.ARM.exidx.text.HAL_TIM_Encoder_Stop_IT), (8 bytes).
    Removing stm32h5xx_hal_tim.o(.text.HAL_TIM_Encoder_Start_DMA), (632 bytes).
    Removing stm32h5xx_hal_tim.o(.ARM.exidx.text.HAL_TIM_Encoder_Start_DMA), (8 bytes).
    Removing stm32h5xx_hal_tim.o(.text.HAL_TIM_Encoder_Stop_DMA), (232 bytes).
    Removing stm32h5xx_hal_tim.o(.ARM.exidx.text.HAL_TIM_Encoder_Stop_DMA), (8 bytes).
    Removing stm32h5xx_hal_tim.o(.ARM.exidx.text.HAL_TIM_IRQHandler), (8 bytes).
    Removing stm32h5xx_hal_tim.o(.ARM.exidx.text.HAL_TIM_IC_CaptureCallback), (8 bytes).
    Removing stm32h5xx_hal_tim.o(.ARM.exidx.text.HAL_TIM_OC_DelayElapsedCallback), (8 bytes).
    Removing stm32h5xx_hal_tim.o(.text.HAL_TIM_PWM_PulseFinishedCallback), (2 bytes).
    Removing stm32h5xx_hal_tim.o(.ARM.exidx.text.HAL_TIM_PWM_PulseFinishedCallback), (8 bytes).
    Removing stm32h5xx_hal_tim.o(.ARM.exidx.text.HAL_TIM_PeriodElapsedCallback), (8 bytes).
    Removing stm32h5xx_hal_tim.o(.ARM.exidx.text.HAL_TIM_TriggerCallback), (8 bytes).
    Removing stm32h5xx_hal_tim.o(.text.HAL_TIM_OC_ConfigChannel), (652 bytes).
    Removing stm32h5xx_hal_tim.o(.ARM.exidx.text.HAL_TIM_OC_ConfigChannel), (8 bytes).
    Removing stm32h5xx_hal_tim.o(.text.TIM_OC2_SetConfig), (104 bytes).
    Removing stm32h5xx_hal_tim.o(.ARM.exidx.text.TIM_OC2_SetConfig), (8 bytes).
    Removing stm32h5xx_hal_tim.o(.text.HAL_TIM_IC_ConfigChannel), (358 bytes).
    Removing stm32h5xx_hal_tim.o(.ARM.exidx.text.HAL_TIM_IC_ConfigChannel), (8 bytes).
    Removing stm32h5xx_hal_tim.o(.text.TIM_TI1_SetConfig), (84 bytes).
    Removing stm32h5xx_hal_tim.o(.ARM.exidx.text.TIM_TI1_SetConfig), (8 bytes).
    Removing stm32h5xx_hal_tim.o(.ARM.exidx.text.HAL_TIM_PWM_ConfigChannel), (8 bytes).
    Removing stm32h5xx_hal_tim.o(.text.HAL_TIM_OnePulse_ConfigChannel), (476 bytes).
    Removing stm32h5xx_hal_tim.o(.ARM.exidx.text.HAL_TIM_OnePulse_ConfigChannel), (8 bytes).
    Removing stm32h5xx_hal_tim.o(.text.HAL_TIM_DMABurst_WriteStart), (336 bytes).
    Removing stm32h5xx_hal_tim.o(.ARM.exidx.text.HAL_TIM_DMABurst_WriteStart), (8 bytes).
    Removing stm32h5xx_hal_tim.o(.text.HAL_TIM_DMABurst_MultiWriteStart), (916 bytes).
    Removing stm32h5xx_hal_tim.o(.ARM.exidx.text.HAL_TIM_DMABurst_MultiWriteStart), (8 bytes).
    Removing stm32h5xx_hal_tim.o(.text.TIM_DMATriggerCplt), (6 bytes).
    Removing stm32h5xx_hal_tim.o(.ARM.exidx.text.TIM_DMATriggerCplt), (8 bytes).
    Removing stm32h5xx_hal_tim.o(.text.TIM_DMATriggerHalfCplt), (6 bytes).
    Removing stm32h5xx_hal_tim.o(.ARM.exidx.text.TIM_DMATriggerHalfCplt), (8 bytes).
    Removing stm32h5xx_hal_tim.o(.text.HAL_TIM_DMABurst_WriteStop), (132 bytes).
    Removing stm32h5xx_hal_tim.o(.ARM.exidx.text.HAL_TIM_DMABurst_WriteStop), (8 bytes).
    Removing stm32h5xx_hal_tim.o(.text.HAL_TIM_DMABurst_ReadStart), (336 bytes).
    Removing stm32h5xx_hal_tim.o(.ARM.exidx.text.HAL_TIM_DMABurst_ReadStart), (8 bytes).
    Removing stm32h5xx_hal_tim.o(.text.HAL_TIM_DMABurst_MultiReadStart), (916 bytes).
    Removing stm32h5xx_hal_tim.o(.ARM.exidx.text.HAL_TIM_DMABurst_MultiReadStart), (8 bytes).
    Removing stm32h5xx_hal_tim.o(.text.HAL_TIM_DMABurst_ReadStop), (132 bytes).
    Removing stm32h5xx_hal_tim.o(.ARM.exidx.text.HAL_TIM_DMABurst_ReadStop), (8 bytes).
    Removing stm32h5xx_hal_tim.o(.text.HAL_TIM_GenerateEvent), (36 bytes).
    Removing stm32h5xx_hal_tim.o(.ARM.exidx.text.HAL_TIM_GenerateEvent), (8 bytes).
    Removing stm32h5xx_hal_tim.o(.text.HAL_TIM_ConfigOCrefClear), (288 bytes).
    Removing stm32h5xx_hal_tim.o(.ARM.exidx.text.HAL_TIM_ConfigOCrefClear), (8 bytes).
    Removing stm32h5xx_hal_tim.o(.text.TIM_ETR_SetConfig), (20 bytes).
    Removing stm32h5xx_hal_tim.o(.ARM.exidx.text.TIM_ETR_SetConfig), (8 bytes).
    Removing stm32h5xx_hal_tim.o(.ARM.exidx.text.HAL_TIM_ConfigClockSource), (8 bytes).
    Removing stm32h5xx_hal_tim.o(.text.HAL_TIM_ConfigTI1Input), (16 bytes).
    Removing stm32h5xx_hal_tim.o(.ARM.exidx.text.HAL_TIM_ConfigTI1Input), (8 bytes).
    Removing stm32h5xx_hal_tim.o(.text.HAL_TIM_SlaveConfigSynchro), (88 bytes).
    Removing stm32h5xx_hal_tim.o(.ARM.exidx.text.HAL_TIM_SlaveConfigSynchro), (8 bytes).
    Removing stm32h5xx_hal_tim.o(.text.TIM_SlaveTimer_SetConfig), (424 bytes).
    Removing stm32h5xx_hal_tim.o(.ARM.exidx.text.TIM_SlaveTimer_SetConfig), (8 bytes).
    Removing stm32h5xx_hal_tim.o(.text.HAL_TIM_SlaveConfigSynchro_IT), (88 bytes).
    Removing stm32h5xx_hal_tim.o(.ARM.exidx.text.HAL_TIM_SlaveConfigSynchro_IT), (8 bytes).
    Removing stm32h5xx_hal_tim.o(.text.HAL_TIM_ReadCapturedValue), (52 bytes).
    Removing stm32h5xx_hal_tim.o(.ARM.exidx.text.HAL_TIM_ReadCapturedValue), (8 bytes).
    Removing stm32h5xx_hal_tim.o(.text.HAL_TIM_PeriodElapsedHalfCpltCallback), (2 bytes).
    Removing stm32h5xx_hal_tim.o(.ARM.exidx.text.HAL_TIM_PeriodElapsedHalfCpltCallback), (8 bytes).
    Removing stm32h5xx_hal_tim.o(.text.HAL_TIM_IC_CaptureHalfCpltCallback), (2 bytes).
    Removing stm32h5xx_hal_tim.o(.ARM.exidx.text.HAL_TIM_IC_CaptureHalfCpltCallback), (8 bytes).
    Removing stm32h5xx_hal_tim.o(.text.HAL_TIM_PWM_PulseFinishedHalfCpltCallback), (2 bytes).
    Removing stm32h5xx_hal_tim.o(.ARM.exidx.text.HAL_TIM_PWM_PulseFinishedHalfCpltCallback), (8 bytes).
    Removing stm32h5xx_hal_tim.o(.text.HAL_TIM_TriggerHalfCpltCallback), (2 bytes).
    Removing stm32h5xx_hal_tim.o(.ARM.exidx.text.HAL_TIM_TriggerHalfCpltCallback), (8 bytes).
    Removing stm32h5xx_hal_tim.o(.text.HAL_TIM_ErrorCallback), (2 bytes).
    Removing stm32h5xx_hal_tim.o(.ARM.exidx.text.HAL_TIM_ErrorCallback), (8 bytes).
    Removing stm32h5xx_hal_tim.o(.text.HAL_TIM_Base_GetState), (6 bytes).
    Removing stm32h5xx_hal_tim.o(.ARM.exidx.text.HAL_TIM_Base_GetState), (8 bytes).
    Removing stm32h5xx_hal_tim.o(.text.HAL_TIM_OC_GetState), (6 bytes).
    Removing stm32h5xx_hal_tim.o(.ARM.exidx.text.HAL_TIM_OC_GetState), (8 bytes).
    Removing stm32h5xx_hal_tim.o(.text.HAL_TIM_PWM_GetState), (6 bytes).
    Removing stm32h5xx_hal_tim.o(.ARM.exidx.text.HAL_TIM_PWM_GetState), (8 bytes).
    Removing stm32h5xx_hal_tim.o(.text.HAL_TIM_IC_GetState), (6 bytes).
    Removing stm32h5xx_hal_tim.o(.ARM.exidx.text.HAL_TIM_IC_GetState), (8 bytes).
    Removing stm32h5xx_hal_tim.o(.text.HAL_TIM_OnePulse_GetState), (6 bytes).
    Removing stm32h5xx_hal_tim.o(.ARM.exidx.text.HAL_TIM_OnePulse_GetState), (8 bytes).
    Removing stm32h5xx_hal_tim.o(.text.HAL_TIM_Encoder_GetState), (6 bytes).
    Removing stm32h5xx_hal_tim.o(.ARM.exidx.text.HAL_TIM_Encoder_GetState), (8 bytes).
    Removing stm32h5xx_hal_tim.o(.text.HAL_TIM_GetActiveChannel), (4 bytes).
    Removing stm32h5xx_hal_tim.o(.ARM.exidx.text.HAL_TIM_GetActiveChannel), (8 bytes).
    Removing stm32h5xx_hal_tim.o(.text.HAL_TIM_GetChannelState), (66 bytes).
    Removing stm32h5xx_hal_tim.o(.ARM.exidx.text.HAL_TIM_GetChannelState), (8 bytes).
    Removing stm32h5xx_hal_tim.o(.text.HAL_TIM_DMABurstState), (6 bytes).
    Removing stm32h5xx_hal_tim.o(.ARM.exidx.text.HAL_TIM_DMABurstState), (8 bytes).
    Removing stm32h5xx_hal_tim_ex.o(.text), (0 bytes).
    Removing stm32h5xx_hal_tim_ex.o(.text.HAL_TIMEx_HallSensor_Init), (212 bytes).
    Removing stm32h5xx_hal_tim_ex.o(.ARM.exidx.text.HAL_TIMEx_HallSensor_Init), (8 bytes).
    Removing stm32h5xx_hal_tim_ex.o(.text.HAL_TIMEx_HallSensor_MspInit), (2 bytes).
    Removing stm32h5xx_hal_tim_ex.o(.ARM.exidx.text.HAL_TIMEx_HallSensor_MspInit), (8 bytes).
    Removing stm32h5xx_hal_tim_ex.o(.text.HAL_TIMEx_HallSensor_DeInit), (80 bytes).
    Removing stm32h5xx_hal_tim_ex.o(.ARM.exidx.text.HAL_TIMEx_HallSensor_DeInit), (8 bytes).
    Removing stm32h5xx_hal_tim_ex.o(.text.HAL_TIMEx_HallSensor_MspDeInit), (2 bytes).
    Removing stm32h5xx_hal_tim_ex.o(.ARM.exidx.text.HAL_TIMEx_HallSensor_MspDeInit), (8 bytes).
    Removing stm32h5xx_hal_tim_ex.o(.text.HAL_TIMEx_HallSensor_Start), (140 bytes).
    Removing stm32h5xx_hal_tim_ex.o(.ARM.exidx.text.HAL_TIMEx_HallSensor_Start), (8 bytes).
    Removing stm32h5xx_hal_tim_ex.o(.text.HAL_TIMEx_HallSensor_Stop), (66 bytes).
    Removing stm32h5xx_hal_tim_ex.o(.ARM.exidx.text.HAL_TIMEx_HallSensor_Stop), (8 bytes).
    Removing stm32h5xx_hal_tim_ex.o(.text.HAL_TIMEx_HallSensor_Start_IT), (148 bytes).
    Removing stm32h5xx_hal_tim_ex.o(.ARM.exidx.text.HAL_TIMEx_HallSensor_Start_IT), (8 bytes).
    Removing stm32h5xx_hal_tim_ex.o(.text.HAL_TIMEx_HallSensor_Stop_IT), (74 bytes).
    Removing stm32h5xx_hal_tim_ex.o(.ARM.exidx.text.HAL_TIMEx_HallSensor_Stop_IT), (8 bytes).
    Removing stm32h5xx_hal_tim_ex.o(.text.HAL_TIMEx_HallSensor_Start_DMA), (218 bytes).
    Removing stm32h5xx_hal_tim_ex.o(.ARM.exidx.text.HAL_TIMEx_HallSensor_Start_DMA), (8 bytes).
    Removing stm32h5xx_hal_tim_ex.o(.text.HAL_TIMEx_HallSensor_Stop_DMA), (74 bytes).
    Removing stm32h5xx_hal_tim_ex.o(.ARM.exidx.text.HAL_TIMEx_HallSensor_Stop_DMA), (8 bytes).
    Removing stm32h5xx_hal_tim_ex.o(.text.HAL_TIMEx_OCN_Start), (184 bytes).
    Removing stm32h5xx_hal_tim_ex.o(.ARM.exidx.text.HAL_TIMEx_OCN_Start), (8 bytes).
    Removing stm32h5xx_hal_tim_ex.o(.text.HAL_TIMEx_OCN_Stop), (146 bytes).
    Removing stm32h5xx_hal_tim_ex.o(.ARM.exidx.text.HAL_TIMEx_OCN_Stop), (8 bytes).
    Removing stm32h5xx_hal_tim_ex.o(.text.HAL_TIMEx_OCN_Start_IT), (240 bytes).
    Removing stm32h5xx_hal_tim_ex.o(.ARM.exidx.text.HAL_TIMEx_OCN_Start_IT), (8 bytes).
    Removing stm32h5xx_hal_tim_ex.o(.text.HAL_TIMEx_OCN_Stop_IT), (210 bytes).
    Removing stm32h5xx_hal_tim_ex.o(.ARM.exidx.text.HAL_TIMEx_OCN_Stop_IT), (8 bytes).
    Removing stm32h5xx_hal_tim_ex.o(.text.HAL_TIMEx_OCN_Start_DMA), (566 bytes).
    Removing stm32h5xx_hal_tim_ex.o(.ARM.exidx.text.HAL_TIMEx_OCN_Start_DMA), (8 bytes).
    Removing stm32h5xx_hal_tim_ex.o(.text.TIM_DMADelayPulseNCplt), (56 bytes).
    Removing stm32h5xx_hal_tim_ex.o(.ARM.exidx.text.TIM_DMADelayPulseNCplt), (8 bytes).
    Removing stm32h5xx_hal_tim_ex.o(.text.TIM_DMAErrorCCxN), (86 bytes).
    Removing stm32h5xx_hal_tim_ex.o(.ARM.exidx.text.TIM_DMAErrorCCxN), (8 bytes).
    Removing stm32h5xx_hal_tim_ex.o(.text.HAL_TIMEx_OCN_Stop_DMA), (224 bytes).
    Removing stm32h5xx_hal_tim_ex.o(.ARM.exidx.text.HAL_TIMEx_OCN_Stop_DMA), (8 bytes).
    Removing stm32h5xx_hal_tim_ex.o(.text.HAL_TIMEx_PWMN_Start), (184 bytes).
    Removing stm32h5xx_hal_tim_ex.o(.ARM.exidx.text.HAL_TIMEx_PWMN_Start), (8 bytes).
    Removing stm32h5xx_hal_tim_ex.o(.text.HAL_TIMEx_PWMN_Stop), (146 bytes).
    Removing stm32h5xx_hal_tim_ex.o(.ARM.exidx.text.HAL_TIMEx_PWMN_Stop), (8 bytes).
    Removing stm32h5xx_hal_tim_ex.o(.text.HAL_TIMEx_PWMN_Start_IT), (240 bytes).
    Removing stm32h5xx_hal_tim_ex.o(.ARM.exidx.text.HAL_TIMEx_PWMN_Start_IT), (8 bytes).
    Removing stm32h5xx_hal_tim_ex.o(.text.HAL_TIMEx_PWMN_Stop_IT), (210 bytes).
    Removing stm32h5xx_hal_tim_ex.o(.ARM.exidx.text.HAL_TIMEx_PWMN_Stop_IT), (8 bytes).
    Removing stm32h5xx_hal_tim_ex.o(.text.HAL_TIMEx_PWMN_Start_DMA), (566 bytes).
    Removing stm32h5xx_hal_tim_ex.o(.ARM.exidx.text.HAL_TIMEx_PWMN_Start_DMA), (8 bytes).
    Removing stm32h5xx_hal_tim_ex.o(.text.HAL_TIMEx_PWMN_Stop_DMA), (224 bytes).
    Removing stm32h5xx_hal_tim_ex.o(.ARM.exidx.text.HAL_TIMEx_PWMN_Stop_DMA), (8 bytes).
    Removing stm32h5xx_hal_tim_ex.o(.text.HAL_TIMEx_OnePulseN_Start), (118 bytes).
    Removing stm32h5xx_hal_tim_ex.o(.ARM.exidx.text.HAL_TIMEx_OnePulseN_Start), (8 bytes).
    Removing stm32h5xx_hal_tim_ex.o(.text.HAL_TIMEx_OnePulseN_Stop), (128 bytes).
    Removing stm32h5xx_hal_tim_ex.o(.ARM.exidx.text.HAL_TIMEx_OnePulseN_Stop), (8 bytes).
    Removing stm32h5xx_hal_tim_ex.o(.text.HAL_TIMEx_OnePulseN_Start_IT), (134 bytes).
    Removing stm32h5xx_hal_tim_ex.o(.ARM.exidx.text.HAL_TIMEx_OnePulseN_Start_IT), (8 bytes).
    Removing stm32h5xx_hal_tim_ex.o(.text.HAL_TIMEx_OnePulseN_Stop_IT), (144 bytes).
    Removing stm32h5xx_hal_tim_ex.o(.ARM.exidx.text.HAL_TIMEx_OnePulseN_Stop_IT), (8 bytes).
    Removing stm32h5xx_hal_tim_ex.o(.text.HAL_TIMEx_ConfigCommutEvent), (120 bytes).
    Removing stm32h5xx_hal_tim_ex.o(.ARM.exidx.text.HAL_TIMEx_ConfigCommutEvent), (8 bytes).
    Removing stm32h5xx_hal_tim_ex.o(.text.HAL_TIMEx_ConfigCommutEvent_IT), (120 bytes).
    Removing stm32h5xx_hal_tim_ex.o(.ARM.exidx.text.HAL_TIMEx_ConfigCommutEvent_IT), (8 bytes).
    Removing stm32h5xx_hal_tim_ex.o(.text.HAL_TIMEx_ConfigCommutEvent_DMA), (156 bytes).
    Removing stm32h5xx_hal_tim_ex.o(.ARM.exidx.text.HAL_TIMEx_ConfigCommutEvent_DMA), (8 bytes).
    Removing stm32h5xx_hal_tim_ex.o(.text.TIMEx_DMACommutationCplt), (12 bytes).
    Removing stm32h5xx_hal_tim_ex.o(.ARM.exidx.text.TIMEx_DMACommutationCplt), (8 bytes).
    Removing stm32h5xx_hal_tim_ex.o(.text.TIMEx_DMACommutationHalfCplt), (12 bytes).
    Removing stm32h5xx_hal_tim_ex.o(.ARM.exidx.text.TIMEx_DMACommutationHalfCplt), (8 bytes).
    Removing stm32h5xx_hal_tim_ex.o(.ARM.exidx.text.HAL_TIMEx_MasterConfigSynchronization), (8 bytes).
    Removing stm32h5xx_hal_tim_ex.o(.ARM.exidx.text.HAL_TIMEx_ConfigBreakDeadTime), (8 bytes).
    Removing stm32h5xx_hal_tim_ex.o(.text.HAL_TIMEx_ConfigBreakInput), (144 bytes).
    Removing stm32h5xx_hal_tim_ex.o(.ARM.exidx.text.HAL_TIMEx_ConfigBreakInput), (8 bytes).
    Removing stm32h5xx_hal_tim_ex.o(.text.HAL_TIMEx_RemapConfig), (34 bytes).
    Removing stm32h5xx_hal_tim_ex.o(.ARM.exidx.text.HAL_TIMEx_RemapConfig), (8 bytes).
    Removing stm32h5xx_hal_tim_ex.o(.text.HAL_TIMEx_TISelection), (76 bytes).
    Removing stm32h5xx_hal_tim_ex.o(.ARM.exidx.text.HAL_TIMEx_TISelection), (8 bytes).
    Removing stm32h5xx_hal_tim_ex.o(.text.HAL_TIMEx_GroupChannel5), (48 bytes).
    Removing stm32h5xx_hal_tim_ex.o(.ARM.exidx.text.HAL_TIMEx_GroupChannel5), (8 bytes).
    Removing stm32h5xx_hal_tim_ex.o(.text.HAL_TIMEx_DisarmBreakInput), (80 bytes).
    Removing stm32h5xx_hal_tim_ex.o(.ARM.exidx.text.HAL_TIMEx_DisarmBreakInput), (8 bytes).
    Removing stm32h5xx_hal_tim_ex.o(.text.HAL_TIMEx_ReArmBreakInput), (142 bytes).
    Removing stm32h5xx_hal_tim_ex.o(.ARM.exidx.text.HAL_TIMEx_ReArmBreakInput), (8 bytes).
    Removing stm32h5xx_hal_tim_ex.o(.text.HAL_TIMEx_DitheringEnable), (14 bytes).
    Removing stm32h5xx_hal_tim_ex.o(.ARM.exidx.text.HAL_TIMEx_DitheringEnable), (8 bytes).
    Removing stm32h5xx_hal_tim_ex.o(.text.HAL_TIMEx_DitheringDisable), (14 bytes).
    Removing stm32h5xx_hal_tim_ex.o(.ARM.exidx.text.HAL_TIMEx_DitheringDisable), (8 bytes).
    Removing stm32h5xx_hal_tim_ex.o(.text.HAL_TIMEx_OC_ConfigPulseOnCompare), (56 bytes).
    Removing stm32h5xx_hal_tim_ex.o(.ARM.exidx.text.HAL_TIMEx_OC_ConfigPulseOnCompare), (8 bytes).
    Removing stm32h5xx_hal_tim_ex.o(.text.HAL_TIMEx_ConfigSlaveModePreload), (16 bytes).
    Removing stm32h5xx_hal_tim_ex.o(.ARM.exidx.text.HAL_TIMEx_ConfigSlaveModePreload), (8 bytes).
    Removing stm32h5xx_hal_tim_ex.o(.text.HAL_TIMEx_EnableSlaveModePreload), (14 bytes).
    Removing stm32h5xx_hal_tim_ex.o(.ARM.exidx.text.HAL_TIMEx_EnableSlaveModePreload), (8 bytes).
    Removing stm32h5xx_hal_tim_ex.o(.text.HAL_TIMEx_DisableSlaveModePreload), (14 bytes).
    Removing stm32h5xx_hal_tim_ex.o(.ARM.exidx.text.HAL_TIMEx_DisableSlaveModePreload), (8 bytes).
    Removing stm32h5xx_hal_tim_ex.o(.text.HAL_TIMEx_EnableDeadTimePreload), (14 bytes).
    Removing stm32h5xx_hal_tim_ex.o(.ARM.exidx.text.HAL_TIMEx_EnableDeadTimePreload), (8 bytes).
    Removing stm32h5xx_hal_tim_ex.o(.text.HAL_TIMEx_DisableDeadTimePreload), (14 bytes).
    Removing stm32h5xx_hal_tim_ex.o(.ARM.exidx.text.HAL_TIMEx_DisableDeadTimePreload), (8 bytes).
    Removing stm32h5xx_hal_tim_ex.o(.text.HAL_TIMEx_ConfigDeadTime), (16 bytes).
    Removing stm32h5xx_hal_tim_ex.o(.ARM.exidx.text.HAL_TIMEx_ConfigDeadTime), (8 bytes).
    Removing stm32h5xx_hal_tim_ex.o(.text.HAL_TIMEx_ConfigAsymmetricalDeadTime), (16 bytes).
    Removing stm32h5xx_hal_tim_ex.o(.ARM.exidx.text.HAL_TIMEx_ConfigAsymmetricalDeadTime), (8 bytes).
    Removing stm32h5xx_hal_tim_ex.o(.text.HAL_TIMEx_EnableAsymmetricalDeadTime), (14 bytes).
    Removing stm32h5xx_hal_tim_ex.o(.ARM.exidx.text.HAL_TIMEx_EnableAsymmetricalDeadTime), (8 bytes).
    Removing stm32h5xx_hal_tim_ex.o(.text.HAL_TIMEx_DisableAsymmetricalDeadTime), (14 bytes).
    Removing stm32h5xx_hal_tim_ex.o(.ARM.exidx.text.HAL_TIMEx_DisableAsymmetricalDeadTime), (8 bytes).
    Removing stm32h5xx_hal_tim_ex.o(.text.HAL_TIMEx_ConfigEncoderIndex), (84 bytes).
    Removing stm32h5xx_hal_tim_ex.o(.ARM.exidx.text.HAL_TIMEx_ConfigEncoderIndex), (8 bytes).
    Removing stm32h5xx_hal_tim_ex.o(.text.HAL_TIMEx_EnableEncoderIndex), (14 bytes).
    Removing stm32h5xx_hal_tim_ex.o(.ARM.exidx.text.HAL_TIMEx_EnableEncoderIndex), (8 bytes).
    Removing stm32h5xx_hal_tim_ex.o(.text.HAL_TIMEx_DisableEncoderIndex), (14 bytes).
    Removing stm32h5xx_hal_tim_ex.o(.ARM.exidx.text.HAL_TIMEx_DisableEncoderIndex), (8 bytes).
    Removing stm32h5xx_hal_tim_ex.o(.text.HAL_TIMEx_EnableEncoderFirstIndex), (14 bytes).
    Removing stm32h5xx_hal_tim_ex.o(.ARM.exidx.text.HAL_TIMEx_EnableEncoderFirstIndex), (8 bytes).
    Removing stm32h5xx_hal_tim_ex.o(.text.HAL_TIMEx_DisableEncoderFirstIndex), (14 bytes).
    Removing stm32h5xx_hal_tim_ex.o(.ARM.exidx.text.HAL_TIMEx_DisableEncoderFirstIndex), (8 bytes).
    Removing stm32h5xx_hal_tim_ex.o(.ARM.exidx.text.HAL_TIMEx_CommutCallback), (8 bytes).
    Removing stm32h5xx_hal_tim_ex.o(.text.HAL_TIMEx_CommutHalfCpltCallback), (2 bytes).
    Removing stm32h5xx_hal_tim_ex.o(.ARM.exidx.text.HAL_TIMEx_CommutHalfCpltCallback), (8 bytes).
    Removing stm32h5xx_hal_tim_ex.o(.ARM.exidx.text.HAL_TIMEx_BreakCallback), (8 bytes).
    Removing stm32h5xx_hal_tim_ex.o(.ARM.exidx.text.HAL_TIMEx_Break2Callback), (8 bytes).
    Removing stm32h5xx_hal_tim_ex.o(.ARM.exidx.text.HAL_TIMEx_EncoderIndexCallback), (8 bytes).
    Removing stm32h5xx_hal_tim_ex.o(.ARM.exidx.text.HAL_TIMEx_DirectionChangeCallback), (8 bytes).
    Removing stm32h5xx_hal_tim_ex.o(.ARM.exidx.text.HAL_TIMEx_IndexErrorCallback), (8 bytes).
    Removing stm32h5xx_hal_tim_ex.o(.ARM.exidx.text.HAL_TIMEx_TransitionErrorCallback), (8 bytes).
    Removing stm32h5xx_hal_tim_ex.o(.text.HAL_TIMEx_HallSensor_GetState), (6 bytes).
    Removing stm32h5xx_hal_tim_ex.o(.ARM.exidx.text.HAL_TIMEx_HallSensor_GetState), (8 bytes).
    Removing stm32h5xx_hal_tim_ex.o(.text.HAL_TIMEx_GetChannelNState), (34 bytes).
    Removing stm32h5xx_hal_tim_ex.o(.ARM.exidx.text.HAL_TIMEx_GetChannelNState), (8 bytes).
    Removing stm32h5xx_hal_tim_ex.o(.rodata.cst16), (32 bytes).
    Removing system_stm32h5xx.o(.text), (0 bytes).
    Removing system_stm32h5xx.o(.ARM.exidx.text.SystemInit), (8 bytes).
    Removing system_stm32h5xx.o(.text.SystemCoreClockUpdate), (300 bytes).
    Removing system_stm32h5xx.o(.ARM.exidx.text.SystemCoreClockUpdate), (8 bytes).
    Removing system_stm32h5xx.o(.rodata.APBPrescTable), (8 bytes).

906 unused section(s) (total 53648 bytes) removed from the image.

==============================================================================

Image Symbol Table

    Local Symbols

    Symbol Name                              Value     Ov Type        Size  Object(Section)

    ../clib/angel/boardlib.s                 0x00000000   Number         0  boardinit1.o ABSOLUTE
    ../clib/angel/boardlib.s                 0x00000000   Number         0  boardinit2.o ABSOLUTE
    ../clib/angel/boardlib.s                 0x00000000   Number         0  boardinit3.o ABSOLUTE
    ../clib/angel/boardlib.s                 0x00000000   Number         0  boardshut.o ABSOLUTE
    ../clib/angel/handlers.s                 0x00000000   Number         0  __scatter_copy.o ABSOLUTE
    ../clib/angel/handlers.s                 0x00000000   Number         0  __scatter_zi.o ABSOLUTE
    ../clib/angel/kernel.s                   0x00000000   Number         0  __rtentry.o ABSOLUTE
    ../clib/angel/kernel.s                   0x00000000   Number         0  __rtentry2.o ABSOLUTE
    ../clib/angel/kernel.s                   0x00000000   Number         0  __rtentry4.o ABSOLUTE
    ../clib/angel/kernel.s                   0x00000000   Number         0  rtexit.o ABSOLUTE
    ../clib/angel/kernel.s                   0x00000000   Number         0  rtexit2.o ABSOLUTE
    ../clib/angel/rt.s                       0x00000000   Number         0  rt_raise.o ABSOLUTE
    ../clib/angel/scatter.s                  0x00000000   Number         0  __scatter.o ABSOLUTE
    ../clib/angel/startup.s                  0x00000000   Number         0  __main.o ABSOLUTE
    ../clib/angel/sys.s                      0x00000000   Number         0  sys_stackheap_outer.o ABSOLUTE
    ../clib/angel/sys.s                      0x00000000   Number         0  libspace.o ABSOLUTE
    ../clib/angel/sys.s                      0x00000000   Number         0  use_no_semi.o ABSOLUTE
    ../clib/angel/sys.s                      0x00000000   Number         0  indicate_semi.o ABSOLUTE
    ../clib/angel/sysapp.c                   0x00000000   Number         0  sys_exit.o ABSOLUTE
    ../clib/angel/sysapp.c                   0x00000000   Number         0  sys_exit_hlt.o ABSOLUTE
    ../clib/angel/sysapp.c                   0x00000000   Number         0  sys_command.o ABSOLUTE
    ../clib/angel/sysapp.c                   0x00000000   Number         0  sys_command_hlt.o ABSOLUTE
    ../clib/angel/sysapp.c                   0x00000000   Number         0  sys_wrch.o ABSOLUTE
    ../clib/angel/sysapp.c                   0x00000000   Number         0  sys_wrch_hlt.o ABSOLUTE
    ../clib/armsys.c                         0x00000000   Number         0  argv_veneer.o ABSOLUTE
    ../clib/armsys.c                         0x00000000   Number         0  argv_veneer.o ABSOLUTE
    ../clib/armsys.c                         0x00000000   Number         0  _get_argv_nomalloc.o ABSOLUTE
    ../clib/armsys.c                         0x00000000   Number         0  no_argv.o ABSOLUTE
    ../clib/heapalloc.c                      0x00000000   Number         0  hrguard.o ABSOLUTE
    ../clib/heapaux.c                        0x00000000   Number         0  heapauxi.o ABSOLUTE
    ../clib/libinit.s                        0x00000000   Number         0  libinit.o ABSOLUTE
    ../clib/libinit.s                        0x00000000   Number         0  libinit2.o ABSOLUTE
    ../clib/libinit.s                        0x00000000   Number         0  libshutdown.o ABSOLUTE
    ../clib/libinit.s                        0x00000000   Number         0  libshutdown2.o ABSOLUTE
    ../clib/memcpset.s                       0x00000000   Number         0  rt_memclr_w.o ABSOLUTE
    ../clib/signal.c                         0x00000000   Number         0  defsig_rtmem_outer.o ABSOLUTE
    ../clib/signal.c                         0x00000000   Number         0  defsig_rtmem_formal.o ABSOLUTE
    ../clib/signal.c                         0x00000000   Number         0  defsig_exit.o ABSOLUTE
    ../clib/signal.c                         0x00000000   Number         0  defsig_rtmem_inner.o ABSOLUTE
    ../clib/signal.c                         0x00000000   Number         0  __raise.o ABSOLUTE
    ../clib/signal.c                         0x00000000   Number         0  defsig_general.o ABSOLUTE
    ../clib/signal.c                         0x00000000   Number         0  defsig_abrt_inner.o ABSOLUTE
    ../clib/signal.c                         0x00000000   Number         0  defsig_fpe_inner.o ABSOLUTE
    ../clib/signal.c                         0x00000000   Number         0  defsig_rtred_inner.o ABSOLUTE
    ../clib/signal.c                         0x00000000   Number         0  defsig_stak_inner.o ABSOLUTE
    ../clib/signal.c                         0x00000000   Number         0  defsig_pvfn_inner.o ABSOLUTE
    ../clib/signal.c                         0x00000000   Number         0  defsig_cppl_inner.o ABSOLUTE
    ../clib/signal.c                         0x00000000   Number         0  defsig_segv_inner.o ABSOLUTE
    ../clib/signal.c                         0x00000000   Number         0  defsig_other.o ABSOLUTE
    ../clib/signal.s                         0x00000000   Number         0  defsig.o ABSOLUTE
    ../clib/stdlib.c                         0x00000000   Number         0  exit.o ABSOLUTE
    ../fplib/fpinit.s                        0x00000000   Number         0  fpinit.o ABSOLUTE
    STSPIN220.c                              0x00000000   Number         0  stspin220.o ABSOLUTE
    dc.s                                     0x00000000   Number         0  dc.o ABSOLUTE
    gpio.c                                   0x00000000   Number         0  gpio.o ABSOLUTE
    main.c                                   0x00000000   Number         0  main.o ABSOLUTE
    startup_stm32h503xx.s                    0x00000000   Number         0  startup_stm32h503xx.o ABSOLUTE
    stm32h5xx_hal.c                          0x00000000   Number         0  stm32h5xx_hal.o ABSOLUTE
    stm32h5xx_hal_cortex.c                   0x00000000   Number         0  stm32h5xx_hal_cortex.o ABSOLUTE
    stm32h5xx_hal_dma.c                      0x00000000   Number         0  stm32h5xx_hal_dma.o ABSOLUTE
    stm32h5xx_hal_dma_ex.c                   0x00000000   Number         0  stm32h5xx_hal_dma_ex.o ABSOLUTE
    stm32h5xx_hal_exti.c                     0x00000000   Number         0  stm32h5xx_hal_exti.o ABSOLUTE
    stm32h5xx_hal_flash.c                    0x00000000   Number         0  stm32h5xx_hal_flash.o ABSOLUTE
    stm32h5xx_hal_flash_ex.c                 0x00000000   Number         0  stm32h5xx_hal_flash_ex.o ABSOLUTE
    stm32h5xx_hal_gpio.c                     0x00000000   Number         0  stm32h5xx_hal_gpio.o ABSOLUTE
    stm32h5xx_hal_msp.c                      0x00000000   Number         0  stm32h5xx_hal_msp.o ABSOLUTE
    stm32h5xx_hal_pwr.c                      0x00000000   Number         0  stm32h5xx_hal_pwr.o ABSOLUTE
    stm32h5xx_hal_pwr_ex.c                   0x00000000   Number         0  stm32h5xx_hal_pwr_ex.o ABSOLUTE
    stm32h5xx_hal_rcc.c                      0x00000000   Number         0  stm32h5xx_hal_rcc.o ABSOLUTE
    stm32h5xx_hal_rcc_ex.c                   0x00000000   Number         0  stm32h5xx_hal_rcc_ex.o ABSOLUTE
    stm32h5xx_hal_tim.c                      0x00000000   Number         0  stm32h5xx_hal_tim.o ABSOLUTE
    stm32h5xx_hal_tim_ex.c                   0x00000000   Number         0  stm32h5xx_hal_tim_ex.o ABSOLUTE
    stm32h5xx_it.c                           0x00000000   Number         0  stm32h5xx_it.o ABSOLUTE
    system_stm32h5xx.c                       0x00000000   Number         0  system_stm32h5xx.o ABSOLUTE
    tim.c                                    0x00000000   Number         0  tim.o ABSOLUTE
    RESET                                    0x08000000   Section      600  startup_stm32h503xx.o(RESET)
    !!!main                                  0x08000258   Section        8  __main.o(!!!main)
    !!!scatter                               0x08000260   Section       52  __scatter.o(!!!scatter)
    !!handler_copy                           0x08000294   Section       26  __scatter_copy.o(!!handler_copy)
    !!handler_zi                             0x080002b0   Section       28  __scatter_zi.o(!!handler_zi)
    .ARM.Collect$$libinit$$00000000          0x080002cc   Section        2  libinit.o(.ARM.Collect$$libinit$$00000000)
    .ARM.Collect$$libinit$$00000001          0x080002ce   Section        4  libinit2.o(.ARM.Collect$$libinit$$00000001)
    .ARM.Collect$$libinit$$00000004          0x080002d2   Section        0  libinit2.o(.ARM.Collect$$libinit$$00000004)
    .ARM.Collect$$libinit$$00000006          0x080002d2   Section        0  libinit2.o(.ARM.Collect$$libinit$$00000006)
    .ARM.Collect$$libinit$$0000000C          0x080002d2   Section        0  libinit2.o(.ARM.Collect$$libinit$$0000000C)
    .ARM.Collect$$libinit$$0000000E          0x080002d2   Section        0  libinit2.o(.ARM.Collect$$libinit$$0000000E)
    .ARM.Collect$$libinit$$00000010          0x080002d2   Section        0  libinit2.o(.ARM.Collect$$libinit$$00000010)
    .ARM.Collect$$libinit$$00000013          0x080002d2   Section        0  libinit2.o(.ARM.Collect$$libinit$$00000013)
    .ARM.Collect$$libinit$$00000015          0x080002d2   Section        0  libinit2.o(.ARM.Collect$$libinit$$00000015)
    .ARM.Collect$$libinit$$00000017          0x080002d2   Section        0  libinit2.o(.ARM.Collect$$libinit$$00000017)
    .ARM.Collect$$libinit$$00000019          0x080002d2   Section        0  libinit2.o(.ARM.Collect$$libinit$$00000019)
    .ARM.Collect$$libinit$$0000001B          0x080002d2   Section        0  libinit2.o(.ARM.Collect$$libinit$$0000001B)
    .ARM.Collect$$libinit$$0000001D          0x080002d2   Section        0  libinit2.o(.ARM.Collect$$libinit$$0000001D)
    .ARM.Collect$$libinit$$0000001F          0x080002d2   Section        0  libinit2.o(.ARM.Collect$$libinit$$0000001F)
    .ARM.Collect$$libinit$$00000021          0x080002d2   Section        0  libinit2.o(.ARM.Collect$$libinit$$00000021)
    .ARM.Collect$$libinit$$00000023          0x080002d2   Section        0  libinit2.o(.ARM.Collect$$libinit$$00000023)
    .ARM.Collect$$libinit$$00000025          0x080002d2   Section        0  libinit2.o(.ARM.Collect$$libinit$$00000025)
    .ARM.Collect$$libinit$$00000027          0x080002d2   Section        0  libinit2.o(.ARM.Collect$$libinit$$00000027)
    .ARM.Collect$$libinit$$0000002E          0x080002d2   Section        0  libinit2.o(.ARM.Collect$$libinit$$0000002E)
    .ARM.Collect$$libinit$$00000030          0x080002d2   Section        0  libinit2.o(.ARM.Collect$$libinit$$00000030)
    .ARM.Collect$$libinit$$00000032          0x080002d2   Section        0  libinit2.o(.ARM.Collect$$libinit$$00000032)
    .ARM.Collect$$libinit$$00000034          0x080002d2   Section        0  libinit2.o(.ARM.Collect$$libinit$$00000034)
    .ARM.Collect$$libinit$$00000035          0x080002d2   Section        2  libinit2.o(.ARM.Collect$$libinit$$00000035)
    .ARM.Collect$$libshutdown$$00000000      0x080002d4   Section        2  libshutdown.o(.ARM.Collect$$libshutdown$$00000000)
    .ARM.Collect$$libshutdown$$00000002      0x080002d6   Section        0  libshutdown2.o(.ARM.Collect$$libshutdown$$00000002)
    .ARM.Collect$$libshutdown$$00000004      0x080002d6   Section        0  libshutdown2.o(.ARM.Collect$$libshutdown$$00000004)
    .ARM.Collect$$libshutdown$$00000007      0x080002d6   Section        0  libshutdown2.o(.ARM.Collect$$libshutdown$$00000007)
    .ARM.Collect$$libshutdown$$0000000A      0x080002d6   Section        0  libshutdown2.o(.ARM.Collect$$libshutdown$$0000000A)
    .ARM.Collect$$libshutdown$$0000000C      0x080002d6   Section        0  libshutdown2.o(.ARM.Collect$$libshutdown$$0000000C)
    .ARM.Collect$$libshutdown$$0000000F      0x080002d6   Section        0  libshutdown2.o(.ARM.Collect$$libshutdown$$0000000F)
    .ARM.Collect$$libshutdown$$00000010      0x080002d6   Section        2  libshutdown2.o(.ARM.Collect$$libshutdown$$00000010)
    .ARM.Collect$$rtentry$$00000000          0x080002d8   Section        0  __rtentry.o(.ARM.Collect$$rtentry$$00000000)
    .ARM.Collect$$rtentry$$00000002          0x080002d8   Section        0  __rtentry2.o(.ARM.Collect$$rtentry$$00000002)
    .ARM.Collect$$rtentry$$00000004          0x080002d8   Section        6  __rtentry4.o(.ARM.Collect$$rtentry$$00000004)
    .ARM.Collect$$rtentry$$00000009          0x080002de   Section        0  __rtentry2.o(.ARM.Collect$$rtentry$$00000009)
    .ARM.Collect$$rtentry$$0000000A          0x080002de   Section        4  __rtentry2.o(.ARM.Collect$$rtentry$$0000000A)
    .ARM.Collect$$rtentry$$0000000C          0x080002e2   Section        0  __rtentry2.o(.ARM.Collect$$rtentry$$0000000C)
    .ARM.Collect$$rtentry$$0000000D          0x080002e2   Section        8  __rtentry2.o(.ARM.Collect$$rtentry$$0000000D)
    .ARM.Collect$$rtexit$$00000000           0x080002ea   Section        2  rtexit.o(.ARM.Collect$$rtexit$$00000000)
    .ARM.Collect$$rtexit$$00000002           0x080002ec   Section        0  rtexit2.o(.ARM.Collect$$rtexit$$00000002)
    .ARM.Collect$$rtexit$$00000003           0x080002ec   Section        4  rtexit2.o(.ARM.Collect$$rtexit$$00000003)
    .ARM.Collect$$rtexit$$00000004           0x080002f0   Section        6  rtexit2.o(.ARM.Collect$$rtexit$$00000004)
    $v0                                      0x080002f8   Number         0  startup_stm32h503xx.o(.text)
    .text                                    0x080002f8   Section       68  startup_stm32h503xx.o(.text)
    .text                                    0x0800033c   Section       78  rt_memclr_w.o(.text)
    .text                                    0x0800038a   Section        0  heapauxi.o(.text)
    .text                                    0x08000390   Section       74  sys_stackheap_outer.o(.text)
    .text                                    0x080003da   Section        0  exit.o(.text)
    .text                                    0x080003ec   Section        8  libspace.o(.text)
    .text                                    0x080003f4   Section        0  sys_exit.o(.text)
    .text                                    0x08000400   Section        2  use_no_semi.o(.text)
    .text                                    0x08000402   Section        0  indicate_semi.o(.text)
    [Anonymous Symbol]                       0x08000404   Section        0  stm32h5xx_it.o(.text.BusFault_Handler)
    [Anonymous Symbol]                       0x08000408   Section        0  stm32h5xx_it.o(.text.DebugMon_Handler)
    [Anonymous Symbol]                       0x0800040c   Section        0  main.o(.text.Error_Handler)
    [Anonymous Symbol]                       0x08000414   Section        0  stm32h5xx_hal.o(.text.HAL_Delay)
    [Anonymous Symbol]                       0x0800043c   Section        0  stm32h5xx_hal_gpio.o(.text.HAL_GPIO_Init)
    [Anonymous Symbol]                       0x080005cc   Section        0  stm32h5xx_hal_gpio.o(.text.HAL_GPIO_WritePin)
    [Anonymous Symbol]                       0x080005d8   Section        0  stm32h5xx_hal.o(.text.HAL_GetTick)
    [Anonymous Symbol]                       0x080005e4   Section        0  stm32h5xx_hal.o(.text.HAL_IncTick)
    [Anonymous Symbol]                       0x08000600   Section        0  stm32h5xx_hal.o(.text.HAL_Init)
    [Anonymous Symbol]                       0x0800064c   Section        0  stm32h5xx_hal.o(.text.HAL_InitTick)
    [Anonymous Symbol]                       0x080006f8   Section        0  stm32h5xx_hal_msp.o(.text.HAL_MspInit)
    [Anonymous Symbol]                       0x080006fc   Section        0  stm32h5xx_hal_cortex.o(.text.HAL_NVIC_EnableIRQ)
    [Anonymous Symbol]                       0x0800071c   Section        0  stm32h5xx_hal_cortex.o(.text.HAL_NVIC_SetPriority)
    [Anonymous Symbol]                       0x08000774   Section        0  stm32h5xx_hal_cortex.o(.text.HAL_NVIC_SetPriorityGrouping)
    [Anonymous Symbol]                       0x08000794   Section        0  stm32h5xx_hal_rcc.o(.text.HAL_RCC_ClockConfig)
    [Anonymous Symbol]                       0x08000a04   Section        0  stm32h5xx_hal_rcc.o(.text.HAL_RCC_GetSysClockFreq)
    [Anonymous Symbol]                       0x08000b30   Section        0  stm32h5xx_hal_rcc.o(.text.HAL_RCC_OscConfig)
    [Anonymous Symbol]                       0x0800117c   Section        0  stm32h5xx_hal_cortex.o(.text.HAL_SYSTICK_CLKSourceConfig)
    [Anonymous Symbol]                       0x0800120c   Section        0  stm32h5xx_hal_cortex.o(.text.HAL_SYSTICK_Config)
    [Anonymous Symbol]                       0x08001230   Section        0  stm32h5xx_hal_cortex.o(.text.HAL_SYSTICK_GetCLKSourceConfig)
    [Anonymous Symbol]                       0x08001260   Section        0  stm32h5xx_hal_tim_ex.o(.text.HAL_TIMEx_Break2Callback)
    [Anonymous Symbol]                       0x08001264   Section        0  stm32h5xx_hal_tim_ex.o(.text.HAL_TIMEx_BreakCallback)
    [Anonymous Symbol]                       0x08001268   Section        0  stm32h5xx_hal_tim_ex.o(.text.HAL_TIMEx_CommutCallback)
    [Anonymous Symbol]                       0x0800126c   Section        0  stm32h5xx_hal_tim_ex.o(.text.HAL_TIMEx_ConfigBreakDeadTime)
    [Anonymous Symbol]                       0x0800132c   Section        0  stm32h5xx_hal_tim_ex.o(.text.HAL_TIMEx_DirectionChangeCallback)
    [Anonymous Symbol]                       0x08001330   Section        0  stm32h5xx_hal_tim_ex.o(.text.HAL_TIMEx_EncoderIndexCallback)
    [Anonymous Symbol]                       0x08001334   Section        0  stm32h5xx_hal_tim_ex.o(.text.HAL_TIMEx_IndexErrorCallback)
    [Anonymous Symbol]                       0x08001338   Section        0  stm32h5xx_hal_tim_ex.o(.text.HAL_TIMEx_MasterConfigSynchronization)
    [Anonymous Symbol]                       0x080013a8   Section        0  stm32h5xx_hal_tim_ex.o(.text.HAL_TIMEx_TransitionErrorCallback)
    [Anonymous Symbol]                       0x080013ac   Section        0  stm32h5xx_hal_tim.o(.text.HAL_TIM_Base_Init)
    [Anonymous Symbol]                       0x08001484   Section        0  tim.o(.text.HAL_TIM_Base_MspInit)
    [Anonymous Symbol]                       0x080014cc   Section        0  stm32h5xx_hal_tim.o(.text.HAL_TIM_ConfigClockSource)
    [Anonymous Symbol]                       0x080016f8   Section        0  stm32h5xx_hal_tim.o(.text.HAL_TIM_IC_CaptureCallback)
    [Anonymous Symbol]                       0x080016fc   Section        0  stm32h5xx_hal_tim.o(.text.HAL_TIM_IRQHandler)
    [Anonymous Symbol]                       0x080018c8   Section        0  stm32h5xx_hal_tim.o(.text.HAL_TIM_OC_DelayElapsedCallback)
    [Anonymous Symbol]                       0x080018cc   Section        0  stm32h5xx_hal_tim.o(.text.HAL_TIM_PWM_ConfigChannel)
    [Anonymous Symbol]                       0x08001bf0   Section        0  stm32h5xx_hal_tim.o(.text.HAL_TIM_PWM_Init)
    [Anonymous Symbol]                       0x08001cc8   Section        0  stm32h5xx_hal_tim.o(.text.HAL_TIM_PWM_MspInit)
    [Anonymous Symbol]                       0x08001ccc   Section        0  main.o(.text.HAL_TIM_PWM_PulseFinishedCallback)
    [Anonymous Symbol]                       0x08001cfc   Section        0  stm32h5xx_hal_tim.o(.text.HAL_TIM_PWM_Start_IT)
    [Anonymous Symbol]                       0x08001e60   Section        0  stm32h5xx_hal_tim.o(.text.HAL_TIM_PWM_Stop_IT)
    [Anonymous Symbol]                       0x08001f30   Section        0  stm32h5xx_hal_tim.o(.text.HAL_TIM_PeriodElapsedCallback)
    [Anonymous Symbol]                       0x08001f34   Section        0  stm32h5xx_hal_tim.o(.text.HAL_TIM_TriggerCallback)
    [Anonymous Symbol]                       0x08001f38   Section        0  stm32h5xx_it.o(.text.HardFault_Handler)
    [Anonymous Symbol]                       0x08001f3c   Section        0  gpio.o(.text.MX_GPIO_Init)
    [Anonymous Symbol]                       0x08001fc4   Section        0  tim.o(.text.MX_TIM1_Init)
    [Anonymous Symbol]                       0x0800211c   Section        0  stm32h5xx_it.o(.text.MemManage_Handler)
    [Anonymous Symbol]                       0x08002120   Section        0  stm32h5xx_it.o(.text.NMI_Handler)
    [Anonymous Symbol]                       0x08002124   Section        0  stm32h5xx_it.o(.text.PendSV_Handler)
    [Anonymous Symbol]                       0x08002128   Section        0  stspin220.o(.text.STSPIN220_SetStepMode)
    [Anonymous Symbol]                       0x08002220   Section        0  stspin220.o(.text.STSPIN220_Stby)
    [Anonymous Symbol]                       0x08002234   Section        0  stspin220.o(.text.STSPIN220_enable)
    [Anonymous Symbol]                       0x0800224c   Section        0  stspin220.o(.text.STSPIN220_setDirection)
    [Anonymous Symbol]                       0x08002264   Section        0  stm32h5xx_it.o(.text.SVC_Handler)
    [Anonymous Symbol]                       0x08002268   Section        0  stm32h5xx_it.o(.text.SysTick_Handler)
    [Anonymous Symbol]                       0x0800226c   Section        0  main.o(.text.SystemClock_Config)
    [Anonymous Symbol]                       0x08002334   Section        0  system_stm32h5xx.o(.text.SystemInit)
    [Anonymous Symbol]                       0x080023dc   Section        0  stm32h5xx_it.o(.text.TIM1_CC_IRQHandler)
    [Anonymous Symbol]                       0x080023e8   Section        0  stm32h5xx_it.o(.text.UsageFault_Handler)
    [Anonymous Symbol]                       0x080023ec   Section        0  main.o(.text.main)
    $v0                                      0x080024e2   Number         0  fpinit.o(x$fpl$fpinit)
    x$fpl$fpinit                             0x080024e2   Section       26  fpinit.o(x$fpl$fpinit)
    .Lswitch.table.HAL_TIM_IC_Start_IT       0x0800250c   Data          16  stm32h5xx_hal_tim.o(.rodata.cst16)
    .Lswitch.table.HAL_TIM_IC_Stop_IT        0x0800251c   Data          16  stm32h5xx_hal_tim.o(.rodata.cst16)
    .L_MergedGlobals                         0x20000000   Data           8  stm32h5xx_hal.o(.data..L_MergedGlobals)
    [Anonymous Symbol]                       0x20000000   Section        0  stm32h5xx_hal.o(.data..L_MergedGlobals)
    .bss                                     0x20000010   Section       96  libspace.o(.bss)
    .L_MergedGlobals                         0x20000070   Data           4  main.o(.bss..L_MergedGlobals)
    [Anonymous Symbol]                       0x20000070   Section        0  main.o(.bss..L_MergedGlobals)
    Heap_Mem                                 0x200000c8   Data        8192  startup_stm32h503xx.o(HEAP)
    HEAP                                     0x200000c8   Section     8192  startup_stm32h503xx.o(HEAP)
    Stack_Mem                                0x200020c8   Data       16384  startup_stm32h503xx.o(STACK)
    STACK                                    0x200020c8   Section    16384  startup_stm32h503xx.o(STACK)
    __initial_sp                             0x200060c8   Data           0  startup_stm32h503xx.o(STACK)

    Global Symbols

    Symbol Name                              Value     Ov Type        Size  Object(Section)

    BuildAttributes$$THM_ISAv4$E$P$D$K$B$S$7EM$8M$VFPi5$EXTD16$VFPS$VFMA$PE$A:L22UL41UL21$X:L11$S22US41US21$IEEE1$IW$~IW$USESV6$~STKCKD$USESV7$~SHL$OTIME$ROPI$EBA8$UX$STANDARDLIB$REQ8$PRES8$EABIv2 0x00000000   Number         0  anon$$obj.o ABSOLUTE
    __ARM_exceptions_init                     - Undefined Weak Reference
    __alloca_initialize                       - Undefined Weak Reference
    __arm_preinit_                            - Undefined Weak Reference
    __arm_relocate_pie_                       - Undefined Weak Reference
    __cpp_initialize__aeabi_                  - Undefined Weak Reference
    __cxa_finalize                            - Undefined Weak Reference
    __rt_locale                               - Undefined Weak Reference
    __sigvec_lookup                           - Undefined Weak Reference
    _atexit_init                              - Undefined Weak Reference
    _call_atexit_fns                          - Undefined Weak Reference
    _clock_init                               - Undefined Weak Reference
    _fp_trap_init                             - Undefined Weak Reference
    _fp_trap_shutdown                         - Undefined Weak Reference
    _get_lc_collate                           - Undefined Weak Reference
    _get_lc_ctype                             - Undefined Weak Reference
    _get_lc_monetary                          - Undefined Weak Reference
    _get_lc_numeric                           - Undefined Weak Reference
    _get_lc_time                              - Undefined Weak Reference
    _getenv_init                              - Undefined Weak Reference
    _handle_redirection                       - Undefined Weak Reference
    _init_alloc                               - Undefined Weak Reference
    _init_user_alloc                          - Undefined Weak Reference
    _initio                                   - Undefined Weak Reference
    _rand_init                                - Undefined Weak Reference
    _signal_finish                            - Undefined Weak Reference
    _signal_init                              - Undefined Weak Reference
    _terminate_alloc                          - Undefined Weak Reference
    _terminate_user_alloc                     - Undefined Weak Reference
    _terminateio                              - Undefined Weak Reference
    __Vectors_Size                           0x00000258   Number         0  startup_stm32h503xx.o ABSOLUTE
    __Vectors                                0x08000000   Data           4  startup_stm32h503xx.o(RESET)
    __Vectors_End                            0x08000258   Data           0  startup_stm32h503xx.o(RESET)
    __main                                   0x08000259   Thumb Code     8  __main.o(!!!main)
    __scatterload                            0x08000261   Thumb Code     0  __scatter.o(!!!scatter)
    __scatterload_rt2                        0x08000261   Thumb Code    44  __scatter.o(!!!scatter)
    __scatterload_rt2_thumb_only             0x08000261   Thumb Code     0  __scatter.o(!!!scatter)
    __scatterload_null                       0x0800026f   Thumb Code     0  __scatter.o(!!!scatter)
    __scatterload_copy                       0x08000295   Thumb Code    26  __scatter_copy.o(!!handler_copy)
    __scatterload_zeroinit                   0x080002b1   Thumb Code    28  __scatter_zi.o(!!handler_zi)
    __rt_lib_init                            0x080002cd   Thumb Code     0  libinit.o(.ARM.Collect$$libinit$$00000000)
    __rt_lib_init_fp_1                       0x080002cf   Thumb Code     0  libinit2.o(.ARM.Collect$$libinit$$00000001)
    __rt_lib_init_alloca_1                   0x080002d3   Thumb Code     0  libinit2.o(.ARM.Collect$$libinit$$00000030)
    __rt_lib_init_argv_1                     0x080002d3   Thumb Code     0  libinit2.o(.ARM.Collect$$libinit$$0000002E)
    __rt_lib_init_atexit_1                   0x080002d3   Thumb Code     0  libinit2.o(.ARM.Collect$$libinit$$0000001D)
    __rt_lib_init_clock_1                    0x080002d3   Thumb Code     0  libinit2.o(.ARM.Collect$$libinit$$00000023)
    __rt_lib_init_cpp_1                      0x080002d3   Thumb Code     0  libinit2.o(.ARM.Collect$$libinit$$00000034)
    __rt_lib_init_exceptions_1               0x080002d3   Thumb Code     0  libinit2.o(.ARM.Collect$$libinit$$00000032)
    __rt_lib_init_fp_trap_1                  0x080002d3   Thumb Code     0  libinit2.o(.ARM.Collect$$libinit$$00000021)
    __rt_lib_init_getenv_1                   0x080002d3   Thumb Code     0  libinit2.o(.ARM.Collect$$libinit$$00000025)
    __rt_lib_init_heap_1                     0x080002d3   Thumb Code     0  libinit2.o(.ARM.Collect$$libinit$$0000000C)
    __rt_lib_init_lc_collate_1               0x080002d3   Thumb Code     0  libinit2.o(.ARM.Collect$$libinit$$00000013)
    __rt_lib_init_lc_ctype_1                 0x080002d3   Thumb Code     0  libinit2.o(.ARM.Collect$$libinit$$00000015)
    __rt_lib_init_lc_monetary_1              0x080002d3   Thumb Code     0  libinit2.o(.ARM.Collect$$libinit$$00000017)
    __rt_lib_init_lc_numeric_1               0x080002d3   Thumb Code     0  libinit2.o(.ARM.Collect$$libinit$$00000019)
    __rt_lib_init_lc_time_1                  0x080002d3   Thumb Code     0  libinit2.o(.ARM.Collect$$libinit$$0000001B)
    __rt_lib_init_preinit_1                  0x080002d3   Thumb Code     0  libinit2.o(.ARM.Collect$$libinit$$00000006)
    __rt_lib_init_rand_1                     0x080002d3   Thumb Code     0  libinit2.o(.ARM.Collect$$libinit$$00000010)
    __rt_lib_init_relocate_pie_1             0x080002d3   Thumb Code     0  libinit2.o(.ARM.Collect$$libinit$$00000004)
    __rt_lib_init_return                     0x080002d3   Thumb Code     0  libinit2.o(.ARM.Collect$$libinit$$00000035)
    __rt_lib_init_signal_1                   0x080002d3   Thumb Code     0  libinit2.o(.ARM.Collect$$libinit$$0000001F)
    __rt_lib_init_stdio_1                    0x080002d3   Thumb Code     0  libinit2.o(.ARM.Collect$$libinit$$00000027)
    __rt_lib_init_user_alloc_1               0x080002d3   Thumb Code     0  libinit2.o(.ARM.Collect$$libinit$$0000000E)
    __rt_lib_shutdown                        0x080002d5   Thumb Code     0  libshutdown.o(.ARM.Collect$$libshutdown$$00000000)
    __rt_lib_shutdown_cpp_1                  0x080002d7   Thumb Code     0  libshutdown2.o(.ARM.Collect$$libshutdown$$00000002)
    __rt_lib_shutdown_fp_trap_1              0x080002d7   Thumb Code     0  libshutdown2.o(.ARM.Collect$$libshutdown$$00000007)
    __rt_lib_shutdown_heap_1                 0x080002d7   Thumb Code     0  libshutdown2.o(.ARM.Collect$$libshutdown$$0000000F)
    __rt_lib_shutdown_return                 0x080002d7   Thumb Code     0  libshutdown2.o(.ARM.Collect$$libshutdown$$00000010)
    __rt_lib_shutdown_signal_1               0x080002d7   Thumb Code     0  libshutdown2.o(.ARM.Collect$$libshutdown$$0000000A)
    __rt_lib_shutdown_stdio_1                0x080002d7   Thumb Code     0  libshutdown2.o(.ARM.Collect$$libshutdown$$00000004)
    __rt_lib_shutdown_user_alloc_1           0x080002d7   Thumb Code     0  libshutdown2.o(.ARM.Collect$$libshutdown$$0000000C)
    __rt_entry                               0x080002d9   Thumb Code     0  __rtentry.o(.ARM.Collect$$rtentry$$00000000)
    __rt_entry_presh_1                       0x080002d9   Thumb Code     0  __rtentry2.o(.ARM.Collect$$rtentry$$00000002)
    __rt_entry_sh                            0x080002d9   Thumb Code     0  __rtentry4.o(.ARM.Collect$$rtentry$$00000004)
    __rt_entry_li                            0x080002df   Thumb Code     0  __rtentry2.o(.ARM.Collect$$rtentry$$0000000A)
    __rt_entry_postsh_1                      0x080002df   Thumb Code     0  __rtentry2.o(.ARM.Collect$$rtentry$$00000009)
    __rt_entry_main                          0x080002e3   Thumb Code     0  __rtentry2.o(.ARM.Collect$$rtentry$$0000000D)
    __rt_entry_postli_1                      0x080002e3   Thumb Code     0  __rtentry2.o(.ARM.Collect$$rtentry$$0000000C)
    __rt_exit                                0x080002eb   Thumb Code     0  rtexit.o(.ARM.Collect$$rtexit$$00000000)
    __rt_exit_ls                             0x080002ed   Thumb Code     0  rtexit2.o(.ARM.Collect$$rtexit$$00000003)
    __rt_exit_prels_1                        0x080002ed   Thumb Code     0  rtexit2.o(.ARM.Collect$$rtexit$$00000002)
    __rt_exit_exit                           0x080002f1   Thumb Code     0  rtexit2.o(.ARM.Collect$$rtexit$$00000004)
    Reset_Handler                            0x080002f9   Thumb Code     8  startup_stm32h503xx.o(.text)
    SecureFault_Handler                      0x0800030b   Thumb Code     2  startup_stm32h503xx.o(.text)
    ADC1_IRQHandler                          0x08000315   Thumb Code     0  startup_stm32h503xx.o(.text)
    COMP1_IRQHandler                         0x08000315   Thumb Code     0  startup_stm32h503xx.o(.text)
    CRS_IRQHandler                           0x08000315   Thumb Code     0  startup_stm32h503xx.o(.text)
    DAC1_IRQHandler                          0x08000315   Thumb Code     0  startup_stm32h503xx.o(.text)
    DTS_IRQHandler                           0x08000315   Thumb Code     0  startup_stm32h503xx.o(.text)
    EXTI0_IRQHandler                         0x08000315   Thumb Code     0  startup_stm32h503xx.o(.text)
    EXTI10_IRQHandler                        0x08000315   Thumb Code     0  startup_stm32h503xx.o(.text)
    EXTI11_IRQHandler                        0x08000315   Thumb Code     0  startup_stm32h503xx.o(.text)
    EXTI12_IRQHandler                        0x08000315   Thumb Code     0  startup_stm32h503xx.o(.text)
    EXTI13_IRQHandler                        0x08000315   Thumb Code     0  startup_stm32h503xx.o(.text)
    EXTI14_IRQHandler                        0x08000315   Thumb Code     0  startup_stm32h503xx.o(.text)
    EXTI15_IRQHandler                        0x08000315   Thumb Code     0  startup_stm32h503xx.o(.text)
    EXTI1_IRQHandler                         0x08000315   Thumb Code     0  startup_stm32h503xx.o(.text)
    EXTI2_IRQHandler                         0x08000315   Thumb Code     0  startup_stm32h503xx.o(.text)
    EXTI3_IRQHandler                         0x08000315   Thumb Code     0  startup_stm32h503xx.o(.text)
    EXTI4_IRQHandler                         0x08000315   Thumb Code     0  startup_stm32h503xx.o(.text)
    EXTI5_IRQHandler                         0x08000315   Thumb Code     0  startup_stm32h503xx.o(.text)
    EXTI6_IRQHandler                         0x08000315   Thumb Code     0  startup_stm32h503xx.o(.text)
    EXTI7_IRQHandler                         0x08000315   Thumb Code     0  startup_stm32h503xx.o(.text)
    EXTI8_IRQHandler                         0x08000315   Thumb Code     0  startup_stm32h503xx.o(.text)
    EXTI9_IRQHandler                         0x08000315   Thumb Code     0  startup_stm32h503xx.o(.text)
    FDCAN1_IT0_IRQHandler                    0x08000315   Thumb Code     0  startup_stm32h503xx.o(.text)
    FDCAN1_IT1_IRQHandler                    0x08000315   Thumb Code     0  startup_stm32h503xx.o(.text)
    FLASH_IRQHandler                         0x08000315   Thumb Code     0  startup_stm32h503xx.o(.text)
    FPU_IRQHandler                           0x08000315   Thumb Code     0  startup_stm32h503xx.o(.text)
    GPDMA1_Channel0_IRQHandler               0x08000315   Thumb Code     0  startup_stm32h503xx.o(.text)
    GPDMA1_Channel1_IRQHandler               0x08000315   Thumb Code     0  startup_stm32h503xx.o(.text)
    GPDMA1_Channel2_IRQHandler               0x08000315   Thumb Code     0  startup_stm32h503xx.o(.text)
    GPDMA1_Channel3_IRQHandler               0x08000315   Thumb Code     0  startup_stm32h503xx.o(.text)
    GPDMA1_Channel4_IRQHandler               0x08000315   Thumb Code     0  startup_stm32h503xx.o(.text)
    GPDMA1_Channel5_IRQHandler               0x08000315   Thumb Code     0  startup_stm32h503xx.o(.text)
    GPDMA1_Channel6_IRQHandler               0x08000315   Thumb Code     0  startup_stm32h503xx.o(.text)
    GPDMA1_Channel7_IRQHandler               0x08000315   Thumb Code     0  startup_stm32h503xx.o(.text)
    GPDMA2_Channel0_IRQHandler               0x08000315   Thumb Code     0  startup_stm32h503xx.o(.text)
    GPDMA2_Channel1_IRQHandler               0x08000315   Thumb Code     0  startup_stm32h503xx.o(.text)
    GPDMA2_Channel2_IRQHandler               0x08000315   Thumb Code     0  startup_stm32h503xx.o(.text)
    GPDMA2_Channel3_IRQHandler               0x08000315   Thumb Code     0  startup_stm32h503xx.o(.text)
    GPDMA2_Channel4_IRQHandler               0x08000315   Thumb Code     0  startup_stm32h503xx.o(.text)
    GPDMA2_Channel5_IRQHandler               0x08000315   Thumb Code     0  startup_stm32h503xx.o(.text)
    GPDMA2_Channel6_IRQHandler               0x08000315   Thumb Code     0  startup_stm32h503xx.o(.text)
    GPDMA2_Channel7_IRQHandler               0x08000315   Thumb Code     0  startup_stm32h503xx.o(.text)
    GTZC_IRQHandler                          0x08000315   Thumb Code     0  startup_stm32h503xx.o(.text)
    HASH_IRQHandler                          0x08000315   Thumb Code     0  startup_stm32h503xx.o(.text)
    I2C1_ER_IRQHandler                       0x08000315   Thumb Code     0  startup_stm32h503xx.o(.text)
    I2C1_EV_IRQHandler                       0x08000315   Thumb Code     0  startup_stm32h503xx.o(.text)
    I2C2_ER_IRQHandler                       0x08000315   Thumb Code     0  startup_stm32h503xx.o(.text)
    I2C2_EV_IRQHandler                       0x08000315   Thumb Code     0  startup_stm32h503xx.o(.text)
    I3C1_ER_IRQHandler                       0x08000315   Thumb Code     0  startup_stm32h503xx.o(.text)
    I3C1_EV_IRQHandler                       0x08000315   Thumb Code     0  startup_stm32h503xx.o(.text)
    I3C2_ER_IRQHandler                       0x08000315   Thumb Code     0  startup_stm32h503xx.o(.text)
    I3C2_EV_IRQHandler                       0x08000315   Thumb Code     0  startup_stm32h503xx.o(.text)
    ICACHE_IRQHandler                        0x08000315   Thumb Code     0  startup_stm32h503xx.o(.text)
    IWDG_IRQHandler                          0x08000315   Thumb Code     0  startup_stm32h503xx.o(.text)
    LPTIM1_IRQHandler                        0x08000315   Thumb Code     0  startup_stm32h503xx.o(.text)
    LPTIM2_IRQHandler                        0x08000315   Thumb Code     0  startup_stm32h503xx.o(.text)
    LPUART1_IRQHandler                       0x08000315   Thumb Code     0  startup_stm32h503xx.o(.text)
    PVD_AVD_IRQHandler                       0x08000315   Thumb Code     0  startup_stm32h503xx.o(.text)
    RAMCFG_IRQHandler                        0x08000315   Thumb Code     0  startup_stm32h503xx.o(.text)
    RCC_IRQHandler                           0x08000315   Thumb Code     0  startup_stm32h503xx.o(.text)
    RNG_IRQHandler                           0x08000315   Thumb Code     0  startup_stm32h503xx.o(.text)
    RTC_IRQHandler                           0x08000315   Thumb Code     0  startup_stm32h503xx.o(.text)
    SPI1_IRQHandler                          0x08000315   Thumb Code     0  startup_stm32h503xx.o(.text)
    SPI2_IRQHandler                          0x08000315   Thumb Code     0  startup_stm32h503xx.o(.text)
    SPI3_IRQHandler                          0x08000315   Thumb Code     0  startup_stm32h503xx.o(.text)
    TAMP_IRQHandler                          0x08000315   Thumb Code     0  startup_stm32h503xx.o(.text)
    TIM1_BRK_IRQHandler                      0x08000315   Thumb Code     0  startup_stm32h503xx.o(.text)
    TIM1_TRG_COM_IRQHandler                  0x08000315   Thumb Code     0  startup_stm32h503xx.o(.text)
    TIM1_UP_IRQHandler                       0x08000315   Thumb Code     0  startup_stm32h503xx.o(.text)
    TIM2_IRQHandler                          0x08000315   Thumb Code     0  startup_stm32h503xx.o(.text)
    TIM3_IRQHandler                          0x08000315   Thumb Code     0  startup_stm32h503xx.o(.text)
    TIM6_IRQHandler                          0x08000315   Thumb Code     0  startup_stm32h503xx.o(.text)
    TIM7_IRQHandler                          0x08000315   Thumb Code     0  startup_stm32h503xx.o(.text)
    USART1_IRQHandler                        0x08000315   Thumb Code     0  startup_stm32h503xx.o(.text)
    USART2_IRQHandler                        0x08000315   Thumb Code     0  startup_stm32h503xx.o(.text)
    USART3_IRQHandler                        0x08000315   Thumb Code     0  startup_stm32h503xx.o(.text)
    USB_DRD_FS_IRQHandler                    0x08000315   Thumb Code     0  startup_stm32h503xx.o(.text)
    WWDG_IRQHandler                          0x08000315   Thumb Code     0  startup_stm32h503xx.o(.text)
    __user_initial_stackheap                 0x08000319   Thumb Code    10  startup_stm32h503xx.o(.text)
    __aeabi_memclr4                          0x0800033d   Thumb Code     0  rt_memclr_w.o(.text)
    __aeabi_memclr8                          0x0800033d   Thumb Code     0  rt_memclr_w.o(.text)
    __rt_memclr_w                            0x0800033d   Thumb Code     0  rt_memclr_w.o(.text)
    _memset_w                                0x08000341   Thumb Code    74  rt_memclr_w.o(.text)
    __use_two_region_memory                  0x0800038b   Thumb Code     2  heapauxi.o(.text)
    __rt_heap_escrow$2region                 0x0800038d   Thumb Code     2  heapauxi.o(.text)
    __rt_heap_expand$2region                 0x0800038f   Thumb Code     2  heapauxi.o(.text)
    __user_setup_stackheap                   0x08000391   Thumb Code    74  sys_stackheap_outer.o(.text)
    exit                                     0x080003db   Thumb Code    18  exit.o(.text)
    __user_libspace                          0x080003ed   Thumb Code     8  libspace.o(.text)
    __user_perproc_libspace                  0x080003ed   Thumb Code     0  libspace.o(.text)
    __user_perthread_libspace                0x080003ed   Thumb Code     0  libspace.o(.text)
    _sys_exit                                0x080003f5   Thumb Code     8  sys_exit.o(.text)
    __I$use$semihosting                      0x08000401   Thumb Code     0  use_no_semi.o(.text)
    __use_no_semihosting_swi                 0x08000401   Thumb Code     2  use_no_semi.o(.text)
    __semihosting_library_function           0x08000403   Thumb Code     0  indicate_semi.o(.text)
    BusFault_Handler                         0x08000405   Thumb Code     2  stm32h5xx_it.o(.text.BusFault_Handler)
    DebugMon_Handler                         0x08000409   Thumb Code     2  stm32h5xx_it.o(.text.DebugMon_Handler)
    Error_Handler                            0x0800040d   Thumb Code     6  main.o(.text.Error_Handler)
    HAL_Delay                                0x08000415   Thumb Code    40  stm32h5xx_hal.o(.text.HAL_Delay)
    HAL_GPIO_Init                            0x0800043d   Thumb Code   398  stm32h5xx_hal_gpio.o(.text.HAL_GPIO_Init)
    HAL_GPIO_WritePin                        0x080005cd   Thumb Code    12  stm32h5xx_hal_gpio.o(.text.HAL_GPIO_WritePin)
    HAL_GetTick                              0x080005d9   Thumb Code    12  stm32h5xx_hal.o(.text.HAL_GetTick)
    HAL_IncTick                              0x080005e5   Thumb Code    26  stm32h5xx_hal.o(.text.HAL_IncTick)
    HAL_Init                                 0x08000601   Thumb Code    76  stm32h5xx_hal.o(.text.HAL_Init)
    HAL_InitTick                             0x0800064d   Thumb Code   170  stm32h5xx_hal.o(.text.HAL_InitTick)
    HAL_MspInit                              0x080006f9   Thumb Code     2  stm32h5xx_hal_msp.o(.text.HAL_MspInit)
    HAL_NVIC_EnableIRQ                       0x080006fd   Thumb Code    32  stm32h5xx_hal_cortex.o(.text.HAL_NVIC_EnableIRQ)
    HAL_NVIC_SetPriority                     0x0800071d   Thumb Code    86  stm32h5xx_hal_cortex.o(.text.HAL_NVIC_SetPriority)
    HAL_NVIC_SetPriorityGrouping             0x08000775   Thumb Code    32  stm32h5xx_hal_cortex.o(.text.HAL_NVIC_SetPriorityGrouping)
    HAL_RCC_ClockConfig                      0x08000795   Thumb Code   622  stm32h5xx_hal_rcc.o(.text.HAL_RCC_ClockConfig)
    HAL_RCC_GetSysClockFreq                  0x08000a05   Thumb Code   300  stm32h5xx_hal_rcc.o(.text.HAL_RCC_GetSysClockFreq)
    HAL_RCC_OscConfig                        0x08000b31   Thumb Code  1610  stm32h5xx_hal_rcc.o(.text.HAL_RCC_OscConfig)
    HAL_SYSTICK_CLKSourceConfig              0x0800117d   Thumb Code   142  stm32h5xx_hal_cortex.o(.text.HAL_SYSTICK_CLKSourceConfig)
    HAL_SYSTICK_Config                       0x0800120d   Thumb Code    36  stm32h5xx_hal_cortex.o(.text.HAL_SYSTICK_Config)
    HAL_SYSTICK_GetCLKSourceConfig           0x08001231   Thumb Code    48  stm32h5xx_hal_cortex.o(.text.HAL_SYSTICK_GetCLKSourceConfig)
    HAL_TIMEx_Break2Callback                 0x08001261   Thumb Code     2  stm32h5xx_hal_tim_ex.o(.text.HAL_TIMEx_Break2Callback)
    HAL_TIMEx_BreakCallback                  0x08001265   Thumb Code     2  stm32h5xx_hal_tim_ex.o(.text.HAL_TIMEx_BreakCallback)
    HAL_TIMEx_CommutCallback                 0x08001269   Thumb Code     2  stm32h5xx_hal_tim_ex.o(.text.HAL_TIMEx_CommutCallback)
    HAL_TIMEx_ConfigBreakDeadTime            0x0800126d   Thumb Code   192  stm32h5xx_hal_tim_ex.o(.text.HAL_TIMEx_ConfigBreakDeadTime)
    HAL_TIMEx_DirectionChangeCallback        0x0800132d   Thumb Code     2  stm32h5xx_hal_tim_ex.o(.text.HAL_TIMEx_DirectionChangeCallback)
    HAL_TIMEx_EncoderIndexCallback           0x08001331   Thumb Code     2  stm32h5xx_hal_tim_ex.o(.text.HAL_TIMEx_EncoderIndexCallback)
    HAL_TIMEx_IndexErrorCallback             0x08001335   Thumb Code     2  stm32h5xx_hal_tim_ex.o(.text.HAL_TIMEx_IndexErrorCallback)
    HAL_TIMEx_MasterConfigSynchronization    0x08001339   Thumb Code   112  stm32h5xx_hal_tim_ex.o(.text.HAL_TIMEx_MasterConfigSynchronization)
    HAL_TIMEx_TransitionErrorCallback        0x080013a9   Thumb Code     2  stm32h5xx_hal_tim_ex.o(.text.HAL_TIMEx_TransitionErrorCallback)
    HAL_TIM_Base_Init                        0x080013ad   Thumb Code   214  stm32h5xx_hal_tim.o(.text.HAL_TIM_Base_Init)
    HAL_TIM_Base_MspInit                     0x08001485   Thumb Code    70  tim.o(.text.HAL_TIM_Base_MspInit)
    HAL_TIM_ConfigClockSource                0x080014cd   Thumb Code   556  stm32h5xx_hal_tim.o(.text.HAL_TIM_ConfigClockSource)
    HAL_TIM_IC_CaptureCallback               0x080016f9   Thumb Code     2  stm32h5xx_hal_tim.o(.text.HAL_TIM_IC_CaptureCallback)
    HAL_TIM_IRQHandler                       0x080016fd   Thumb Code   460  stm32h5xx_hal_tim.o(.text.HAL_TIM_IRQHandler)
    HAL_TIM_OC_DelayElapsedCallback          0x080018c9   Thumb Code     2  stm32h5xx_hal_tim.o(.text.HAL_TIM_OC_DelayElapsedCallback)
    HAL_TIM_PWM_ConfigChannel                0x080018cd   Thumb Code   802  stm32h5xx_hal_tim.o(.text.HAL_TIM_PWM_ConfigChannel)
    HAL_TIM_PWM_Init                         0x08001bf1   Thumb Code   214  stm32h5xx_hal_tim.o(.text.HAL_TIM_PWM_Init)
    HAL_TIM_PWM_MspInit                      0x08001cc9   Thumb Code     2  stm32h5xx_hal_tim.o(.text.HAL_TIM_PWM_MspInit)
    HAL_TIM_PWM_PulseFinishedCallback        0x08001ccd   Thumb Code    46  main.o(.text.HAL_TIM_PWM_PulseFinishedCallback)
    HAL_TIM_PWM_Start_IT                     0x08001cfd   Thumb Code   356  stm32h5xx_hal_tim.o(.text.HAL_TIM_PWM_Start_IT)
    HAL_TIM_PWM_Stop_IT                      0x08001e61   Thumb Code   206  stm32h5xx_hal_tim.o(.text.HAL_TIM_PWM_Stop_IT)
    HAL_TIM_PeriodElapsedCallback            0x08001f31   Thumb Code     2  stm32h5xx_hal_tim.o(.text.HAL_TIM_PeriodElapsedCallback)
    HAL_TIM_TriggerCallback                  0x08001f35   Thumb Code     2  stm32h5xx_hal_tim.o(.text.HAL_TIM_TriggerCallback)
    HardFault_Handler                        0x08001f39   Thumb Code     2  stm32h5xx_it.o(.text.HardFault_Handler)
    MX_GPIO_Init                             0x08001f3d   Thumb Code   136  gpio.o(.text.MX_GPIO_Init)
    MX_TIM1_Init                             0x08001fc5   Thumb Code   342  tim.o(.text.MX_TIM1_Init)
    MemManage_Handler                        0x0800211d   Thumb Code     2  stm32h5xx_it.o(.text.MemManage_Handler)
    NMI_Handler                              0x08002121   Thumb Code     2  stm32h5xx_it.o(.text.NMI_Handler)
    PendSV_Handler                           0x08002125   Thumb Code     2  stm32h5xx_it.o(.text.PendSV_Handler)
    STSPIN220_SetStepMode                    0x08002129   Thumb Code   248  stspin220.o(.text.STSPIN220_SetStepMode)
    STSPIN220_Stby                           0x08002221   Thumb Code    18  stspin220.o(.text.STSPIN220_Stby)
    STSPIN220_enable                         0x08002235   Thumb Code    22  stspin220.o(.text.STSPIN220_enable)
    STSPIN220_setDirection                   0x0800224d   Thumb Code    22  stspin220.o(.text.STSPIN220_setDirection)
    SVC_Handler                              0x08002265   Thumb Code     2  stm32h5xx_it.o(.text.SVC_Handler)
    SysTick_Handler                          0x08002269   Thumb Code     4  stm32h5xx_it.o(.text.SysTick_Handler)
    SystemClock_Config                       0x0800226d   Thumb Code   198  main.o(.text.SystemClock_Config)
    SystemInit                               0x08002335   Thumb Code   168  system_stm32h5xx.o(.text.SystemInit)
    TIM1_CC_IRQHandler                       0x080023dd   Thumb Code    12  stm32h5xx_it.o(.text.TIM1_CC_IRQHandler)
    UsageFault_Handler                       0x080023e9   Thumb Code     2  stm32h5xx_it.o(.text.UsageFault_Handler)
    main                                     0x080023ed   Thumb Code   246  main.o(.text.main)
    _fp_init                                 0x080024e3   Thumb Code    26  fpinit.o(x$fpl$fpinit)
    __fplib_config_fpu_vfp                   0x080024fb   Thumb Code     0  fpinit.o(x$fpl$fpinit)
    __fplib_config_pureend_doubles           0x080024fb   Thumb Code     0  fpinit.o(x$fpl$fpinit)
    AHBPrescTable                            0x080024fc   Data          16  system_stm32h5xx.o(.rodata.AHBPrescTable)
    Region$$Table$$Base                      0x0800252c   Number         0  anon$$obj.o(Region$$Table)
    Region$$Table$$Limit                     0x0800254c   Number         0  anon$$obj.o(Region$$Table)
    uwTickFreq                               0x20000000   Data           1  stm32h5xx_hal.o(.data..L_MergedGlobals)
    uwTickPrio                               0x20000004   Data           4  stm32h5xx_hal.o(.data..L_MergedGlobals)
    SystemCoreClock                          0x20000008   Data           4  system_stm32h5xx.o(.data.SystemCoreClock)
    __libspace_start                         0x20000010   Data          96  libspace.o(.bss)
    STSPIN220_flag                           0x20000070   Data           1  main.o(.bss..L_MergedGlobals)
    __temporary_stack_top$libspace           0x20000070   Data           0  libspace.o(.bss)
    STSPIN220_Dir_flag                       0x20000071   Data           1  main.o(.bss..L_MergedGlobals)
    STSPIN220_PwmNum                         0x20000072   Data           2  main.o(.bss..L_MergedGlobals)
    htim1                                    0x20000074   Data          76  tim.o(.bss.htim1)
    uwTick                                   0x200000c0   Data           4  stm32h5xx_hal.o(.bss.uwTick)



==============================================================================

Memory Map of the image

  Image Entry point : 0x08000259

  Load Region LR_IROM1 (Base: 0x08000000, Size: 0x00002560, Max: 0x00020000, ABSOLUTE)

    Execution Region ER_IROM1 (Exec base: 0x08000000, Load base: 0x08000000, Size: 0x0000254c, Max: 0x00020000, ABSOLUTE)

    Exec Addr    Load Addr    Size         Type   Attr      Idx    E Section Name        Object

    0x08000000   0x08000000   0x00000258   Data   RO            3    RESET               startup_stm32h503xx.o
    0x08000258   0x08000258   0x00000008   Code   RO         1132  * !!!main             c_w.l(__main.o)
    0x08000260   0x08000260   0x00000034   Code   RO         1297    !!!scatter          c_w.l(__scatter.o)
    0x08000294   0x08000294   0x0000001a   Code   RO         1299    !!handler_copy      c_w.l(__scatter_copy.o)
    0x080002ae   0x080002ae   0x00000002   PAD
    0x080002b0   0x080002b0   0x0000001c   Code   RO         1301    !!handler_zi        c_w.l(__scatter_zi.o)
    0x080002cc   0x080002cc   0x00000002   Code   RO         1159    .ARM.Collect$$libinit$$00000000  c_w.l(libinit.o)
    0x080002ce   0x080002ce   0x00000004   Code   RO         1165    .ARM.Collect$$libinit$$00000001  c_w.l(libinit2.o)
    0x080002d2   0x080002d2   0x00000000   Code   RO         1168    .ARM.Collect$$libinit$$00000004  c_w.l(libinit2.o)
    0x080002d2   0x080002d2   0x00000000   Code   RO         1170    .ARM.Collect$$libinit$$00000006  c_w.l(libinit2.o)
    0x080002d2   0x080002d2   0x00000000   Code   RO         1173    .ARM.Collect$$libinit$$0000000C  c_w.l(libinit2.o)
    0x080002d2   0x080002d2   0x00000000   Code   RO         1175    .ARM.Collect$$libinit$$0000000E  c_w.l(libinit2.o)
    0x080002d2   0x080002d2   0x00000000   Code   RO         1177    .ARM.Collect$$libinit$$00000010  c_w.l(libinit2.o)
    0x080002d2   0x080002d2   0x00000000   Code   RO         1180    .ARM.Collect$$libinit$$00000013  c_w.l(libinit2.o)
    0x080002d2   0x080002d2   0x00000000   Code   RO         1182    .ARM.Collect$$libinit$$00000015  c_w.l(libinit2.o)
    0x080002d2   0x080002d2   0x00000000   Code   RO         1184    .ARM.Collect$$libinit$$00000017  c_w.l(libinit2.o)
    0x080002d2   0x080002d2   0x00000000   Code   RO         1186    .ARM.Collect$$libinit$$00000019  c_w.l(libinit2.o)
    0x080002d2   0x080002d2   0x00000000   Code   RO         1188    .ARM.Collect$$libinit$$0000001B  c_w.l(libinit2.o)
    0x080002d2   0x080002d2   0x00000000   Code   RO         1190    .ARM.Collect$$libinit$$0000001D  c_w.l(libinit2.o)
    0x080002d2   0x080002d2   0x00000000   Code   RO         1192    .ARM.Collect$$libinit$$0000001F  c_w.l(libinit2.o)
    0x080002d2   0x080002d2   0x00000000   Code   RO         1194    .ARM.Collect$$libinit$$00000021  c_w.l(libinit2.o)
    0x080002d2   0x080002d2   0x00000000   Code   RO         1196    .ARM.Collect$$libinit$$00000023  c_w.l(libinit2.o)
    0x080002d2   0x080002d2   0x00000000   Code   RO         1198    .ARM.Collect$$libinit$$00000025  c_w.l(libinit2.o)
    0x080002d2   0x080002d2   0x00000000   Code   RO         1200    .ARM.Collect$$libinit$$00000027  c_w.l(libinit2.o)
    0x080002d2   0x080002d2   0x00000000   Code   RO         1204    .ARM.Collect$$libinit$$0000002E  c_w.l(libinit2.o)
    0x080002d2   0x080002d2   0x00000000   Code   RO         1206    .ARM.Collect$$libinit$$00000030  c_w.l(libinit2.o)
    0x080002d2   0x080002d2   0x00000000   Code   RO         1208    .ARM.Collect$$libinit$$00000032  c_w.l(libinit2.o)
    0x080002d2   0x080002d2   0x00000000   Code   RO         1210    .ARM.Collect$$libinit$$00000034  c_w.l(libinit2.o)
    0x080002d2   0x080002d2   0x00000002   Code   RO         1211    .ARM.Collect$$libinit$$00000035  c_w.l(libinit2.o)
    0x080002d4   0x080002d4   0x00000002   Code   RO         1233    .ARM.Collect$$libshutdown$$00000000  c_w.l(libshutdown.o)
    0x080002d6   0x080002d6   0x00000000   Code   RO         1248    .ARM.Collect$$libshutdown$$00000002  c_w.l(libshutdown2.o)
    0x080002d6   0x080002d6   0x00000000   Code   RO         1250    .ARM.Collect$$libshutdown$$00000004  c_w.l(libshutdown2.o)
    0x080002d6   0x080002d6   0x00000000   Code   RO         1253    .ARM.Collect$$libshutdown$$00000007  c_w.l(libshutdown2.o)
    0x080002d6   0x080002d6   0x00000000   Code   RO         1256    .ARM.Collect$$libshutdown$$0000000A  c_w.l(libshutdown2.o)
    0x080002d6   0x080002d6   0x00000000   Code   RO         1258    .ARM.Collect$$libshutdown$$0000000C  c_w.l(libshutdown2.o)
    0x080002d6   0x080002d6   0x00000000   Code   RO         1261    .ARM.Collect$$libshutdown$$0000000F  c_w.l(libshutdown2.o)
    0x080002d6   0x080002d6   0x00000002   Code   RO         1262    .ARM.Collect$$libshutdown$$00000010  c_w.l(libshutdown2.o)
    0x080002d8   0x080002d8   0x00000000   Code   RO         1134    .ARM.Collect$$rtentry$$00000000  c_w.l(__rtentry.o)
    0x080002d8   0x080002d8   0x00000000   Code   RO         1136    .ARM.Collect$$rtentry$$00000002  c_w.l(__rtentry2.o)
    0x080002d8   0x080002d8   0x00000006   Code   RO         1148    .ARM.Collect$$rtentry$$00000004  c_w.l(__rtentry4.o)
    0x080002de   0x080002de   0x00000000   Code   RO         1138    .ARM.Collect$$rtentry$$00000009  c_w.l(__rtentry2.o)
    0x080002de   0x080002de   0x00000004   Code   RO         1139    .ARM.Collect$$rtentry$$0000000A  c_w.l(__rtentry2.o)
    0x080002e2   0x080002e2   0x00000000   Code   RO         1141    .ARM.Collect$$rtentry$$0000000C  c_w.l(__rtentry2.o)
    0x080002e2   0x080002e2   0x00000008   Code   RO         1142    .ARM.Collect$$rtentry$$0000000D  c_w.l(__rtentry2.o)
    0x080002ea   0x080002ea   0x00000002   Code   RO         1163    .ARM.Collect$$rtexit$$00000000  c_w.l(rtexit.o)
    0x080002ec   0x080002ec   0x00000000   Code   RO         1213    .ARM.Collect$$rtexit$$00000002  c_w.l(rtexit2.o)
    0x080002ec   0x080002ec   0x00000004   Code   RO         1214    .ARM.Collect$$rtexit$$00000003  c_w.l(rtexit2.o)
    0x080002f0   0x080002f0   0x00000006   Code   RO         1215    .ARM.Collect$$rtexit$$00000004  c_w.l(rtexit2.o)
    0x080002f6   0x080002f6   0x00000002   PAD
    0x080002f8   0x080002f8   0x00000044   Code   RO            4    .text               startup_stm32h503xx.o
    0x0800033c   0x0800033c   0x0000004e   Code   RO         1128    .text               c_w.l(rt_memclr_w.o)
    0x0800038a   0x0800038a   0x00000006   Code   RO         1130    .text               c_w.l(heapauxi.o)
    0x08000390   0x08000390   0x0000004a   Code   RO         1150    .text               c_w.l(sys_stackheap_outer.o)
    0x080003da   0x080003da   0x00000012   Code   RO         1152    .text               c_w.l(exit.o)
    0x080003ec   0x080003ec   0x00000008   Code   RO         1160    .text               c_w.l(libspace.o)
    0x080003f4   0x080003f4   0x0000000c   Code   RO         1223    .text               c_w.l(sys_exit.o)
    0x08000400   0x08000400   0x00000002   Code   RO         1238    .text               c_w.l(use_no_semi.o)
    0x08000402   0x08000402   0x00000000   Code   RO         1240    .text               c_w.l(indicate_semi.o)
    0x08000402   0x08000402   0x00000002   PAD
    0x08000404   0x08000404   0x00000002   Code   RO           79    .text.BusFault_Handler  stm32h5xx_it.o
    0x08000406   0x08000406   0x00000002   PAD
    0x08000408   0x08000408   0x00000002   Code   RO           85    .text.DebugMon_Handler  stm32h5xx_it.o
    0x0800040a   0x0800040a   0x00000002   PAD
    0x0800040c   0x0800040c   0x00000006   Code   RO           33    .text.Error_Handler  main.o
    0x08000412   0x08000412   0x00000002   PAD
    0x08000414   0x08000414   0x00000028   Code   RO          618    .text.HAL_Delay     stm32h5xx_hal.o
    0x0800043c   0x0800043c   0x0000018e   Code   RO          337    .text.HAL_GPIO_Init  stm32h5xx_hal_gpio.o
    0x080005ca   0x080005ca   0x00000002   PAD
    0x080005cc   0x080005cc   0x0000000c   Code   RO          343    .text.HAL_GPIO_WritePin  stm32h5xx_hal_gpio.o
    0x080005d8   0x080005d8   0x0000000c   Code   RO          610    .text.HAL_GetTick   stm32h5xx_hal.o
    0x080005e4   0x080005e4   0x0000001a   Code   RO          608    .text.HAL_IncTick   stm32h5xx_hal.o
    0x080005fe   0x080005fe   0x00000002   PAD
    0x08000600   0x08000600   0x0000004c   Code   RO          598    .text.HAL_Init      stm32h5xx_hal.o
    0x0800064c   0x0800064c   0x000000aa   Code   RO          600    .text.HAL_InitTick  stm32h5xx_hal.o
    0x080006f6   0x080006f6   0x00000002   PAD
    0x080006f8   0x080006f8   0x00000002   Code   RO          100    .text.HAL_MspInit   stm32h5xx_hal_msp.o
    0x080006fa   0x080006fa   0x00000002   PAD
    0x080006fc   0x080006fc   0x00000020   Code   RO          112    .text.HAL_NVIC_EnableIRQ  stm32h5xx_hal_cortex.o
    0x0800071c   0x0800071c   0x00000056   Code   RO          110    .text.HAL_NVIC_SetPriority  stm32h5xx_hal_cortex.o
    0x08000772   0x08000772   0x00000002   PAD
    0x08000774   0x08000774   0x00000020   Code   RO          108    .text.HAL_NVIC_SetPriorityGrouping  stm32h5xx_hal_cortex.o
    0x08000794   0x08000794   0x0000026e   Code   RO          168    .text.HAL_RCC_ClockConfig  stm32h5xx_hal_rcc.o
    0x08000a02   0x08000a02   0x00000002   PAD
    0x08000a04   0x08000a04   0x0000012c   Code   RO          170    .text.HAL_RCC_GetSysClockFreq  stm32h5xx_hal_rcc.o
    0x08000b30   0x08000b30   0x0000064a   Code   RO          164    .text.HAL_RCC_OscConfig  stm32h5xx_hal_rcc.o
    0x0800117a   0x0800117a   0x00000002   PAD
    0x0800117c   0x0800117c   0x0000008e   Code   RO          134    .text.HAL_SYSTICK_CLKSourceConfig  stm32h5xx_hal_cortex.o
    0x0800120a   0x0800120a   0x00000002   PAD
    0x0800120c   0x0800120c   0x00000024   Code   RO          132    .text.HAL_SYSTICK_Config  stm32h5xx_hal_cortex.o
    0x08001230   0x08001230   0x00000030   Code   RO          136    .text.HAL_SYSTICK_GetCLKSourceConfig  stm32h5xx_hal_cortex.o
    0x08001260   0x08001260   0x00000002   Code   RO         1089    .text.HAL_TIMEx_Break2Callback  stm32h5xx_hal_tim_ex.o
    0x08001262   0x08001262   0x00000002   PAD
    0x08001264   0x08001264   0x00000002   Code   RO         1087    .text.HAL_TIMEx_BreakCallback  stm32h5xx_hal_tim_ex.o
    0x08001266   0x08001266   0x00000002   PAD
    0x08001268   0x08001268   0x00000002   Code   RO         1083    .text.HAL_TIMEx_CommutCallback  stm32h5xx_hal_tim_ex.o
    0x0800126a   0x0800126a   0x00000002   PAD
    0x0800126c   0x0800126c   0x000000c0   Code   RO         1035    .text.HAL_TIMEx_ConfigBreakDeadTime  stm32h5xx_hal_tim_ex.o
    0x0800132c   0x0800132c   0x00000002   Code   RO         1093    .text.HAL_TIMEx_DirectionChangeCallback  stm32h5xx_hal_tim_ex.o
    0x0800132e   0x0800132e   0x00000002   PAD
    0x08001330   0x08001330   0x00000002   Code   RO         1091    .text.HAL_TIMEx_EncoderIndexCallback  stm32h5xx_hal_tim_ex.o
    0x08001332   0x08001332   0x00000002   PAD
    0x08001334   0x08001334   0x00000002   Code   RO         1095    .text.HAL_TIMEx_IndexErrorCallback  stm32h5xx_hal_tim_ex.o
    0x08001336   0x08001336   0x00000002   PAD
    0x08001338   0x08001338   0x00000070   Code   RO         1033    .text.HAL_TIMEx_MasterConfigSynchronization  stm32h5xx_hal_tim_ex.o
    0x080013a8   0x080013a8   0x00000002   Code   RO         1097    .text.HAL_TIMEx_TransitionErrorCallback  stm32h5xx_hal_tim_ex.o
    0x080013aa   0x080013aa   0x00000002   PAD
    0x080013ac   0x080013ac   0x000000d6   Code   RO          736    .text.HAL_TIM_Base_Init  stm32h5xx_hal_tim.o
    0x08001482   0x08001482   0x00000002   PAD
    0x08001484   0x08001484   0x00000046   Code   RO           60    .text.HAL_TIM_Base_MspInit  tim.o
    0x080014ca   0x080014ca   0x00000002   PAD
    0x080014cc   0x080014cc   0x0000022c   Code   RO          918    .text.HAL_TIM_ConfigClockSource  stm32h5xx_hal_tim.o
    0x080016f8   0x080016f8   0x00000002   Code   RO          874    .text.HAL_TIM_IC_CaptureCallback  stm32h5xx_hal_tim.o
    0x080016fa   0x080016fa   0x00000002   PAD
    0x080016fc   0x080016fc   0x000001cc   Code   RO          872    .text.HAL_TIM_IRQHandler  stm32h5xx_hal_tim.o
    0x080018c8   0x080018c8   0x00000002   Code   RO          876    .text.HAL_TIM_OC_DelayElapsedCallback  stm32h5xx_hal_tim.o
    0x080018ca   0x080018ca   0x00000002   PAD
    0x080018cc   0x080018cc   0x00000322   Code   RO          892    .text.HAL_TIM_PWM_ConfigChannel  stm32h5xx_hal_tim.o
    0x08001bee   0x08001bee   0x00000002   PAD
    0x08001bf0   0x08001bf0   0x000000d6   Code   RO          792    .text.HAL_TIM_PWM_Init  stm32h5xx_hal_tim.o
    0x08001cc6   0x08001cc6   0x00000002   PAD
    0x08001cc8   0x08001cc8   0x00000002   Code   RO          794    .text.HAL_TIM_PWM_MspInit  stm32h5xx_hal_tim.o
    0x08001cca   0x08001cca   0x00000002   PAD
    0x08001ccc   0x08001ccc   0x0000002e   Code   RO           35    .text.HAL_TIM_PWM_PulseFinishedCallback  main.o
    0x08001cfa   0x08001cfa   0x00000002   PAD
    0x08001cfc   0x08001cfc   0x00000164   Code   RO          804    .text.HAL_TIM_PWM_Start_IT  stm32h5xx_hal_tim.o
    0x08001e60   0x08001e60   0x000000ce   Code   RO          806    .text.HAL_TIM_PWM_Stop_IT  stm32h5xx_hal_tim.o
    0x08001f2e   0x08001f2e   0x00000002   PAD
    0x08001f30   0x08001f30   0x00000002   Code   RO          880    .text.HAL_TIM_PeriodElapsedCallback  stm32h5xx_hal_tim.o
    0x08001f32   0x08001f32   0x00000002   PAD
    0x08001f34   0x08001f34   0x00000002   Code   RO          882    .text.HAL_TIM_TriggerCallback  stm32h5xx_hal_tim.o
    0x08001f36   0x08001f36   0x00000002   PAD
    0x08001f38   0x08001f38   0x00000002   Code   RO           75    .text.HardFault_Handler  stm32h5xx_it.o
    0x08001f3a   0x08001f3a   0x00000002   PAD
    0x08001f3c   0x08001f3c   0x00000088   Code   RO           47    .text.MX_GPIO_Init  gpio.o
    0x08001fc4   0x08001fc4   0x00000156   Code   RO           56    .text.MX_TIM1_Init  tim.o
    0x0800211a   0x0800211a   0x00000002   PAD
    0x0800211c   0x0800211c   0x00000002   Code   RO           77    .text.MemManage_Handler  stm32h5xx_it.o
    0x0800211e   0x0800211e   0x00000002   PAD
    0x08002120   0x08002120   0x00000002   Code   RO           73    .text.NMI_Handler   stm32h5xx_it.o
    0x08002122   0x08002122   0x00000002   PAD
    0x08002124   0x08002124   0x00000002   Code   RO           87    .text.PendSV_Handler  stm32h5xx_it.o
    0x08002126   0x08002126   0x00000002   PAD
    0x08002128   0x08002128   0x000000f8   Code   RO           11    .text.STSPIN220_SetStepMode  stspin220.o
    0x08002220   0x08002220   0x00000012   Code   RO           17    .text.STSPIN220_Stby  stspin220.o
    0x08002232   0x08002232   0x00000002   PAD
    0x08002234   0x08002234   0x00000016   Code   RO           13    .text.STSPIN220_enable  stspin220.o
    0x0800224a   0x0800224a   0x00000002   PAD
    0x0800224c   0x0800224c   0x00000016   Code   RO           15    .text.STSPIN220_setDirection  stspin220.o
    0x08002262   0x08002262   0x00000002   PAD
    0x08002264   0x08002264   0x00000002   Code   RO           83    .text.SVC_Handler   stm32h5xx_it.o
    0x08002266   0x08002266   0x00000002   PAD
    0x08002268   0x08002268   0x00000004   Code   RO           89    .text.SysTick_Handler  stm32h5xx_it.o
    0x0800226c   0x0800226c   0x000000c6   Code   RO           29    .text.SystemClock_Config  main.o
    0x08002332   0x08002332   0x00000002   PAD
    0x08002334   0x08002334   0x000000a8   Code   RO         1112    .text.SystemInit    system_stm32h5xx.o
    0x080023dc   0x080023dc   0x0000000c   Code   RO           91    .text.TIM1_CC_IRQHandler  stm32h5xx_it.o
    0x080023e8   0x080023e8   0x00000002   Code   RO           81    .text.UsageFault_Handler  stm32h5xx_it.o
    0x080023ea   0x080023ea   0x00000002   PAD
    0x080023ec   0x080023ec   0x000000f6   Code   RO           27    .text.main          main.o
    0x080024e2   0x080024e2   0x0000001a   Code   RO         1221    x$fpl$fpinit        fz_wm.l(fpinit.o)
    0x080024fc   0x080024fc   0x00000010   Data   RO         1117    .rodata.AHBPrescTable  system_stm32h5xx.o
    0x0800250c   0x0800250c   0x00000020   Data   RO          958    .rodata.cst16       stm32h5xx_hal_tim.o
    0x0800252c   0x0800252c   0x00000020   Data   RO         1296    Region$$Table       anon$$obj.o


    Execution Region RW_IRAM1 (Exec base: 0x20000000, Load base: 0x08002550, Size: 0x000060c8, Max: 0x00008000, ABSOLUTE)

    Exec Addr    Load Addr    Size         Type   Attr      Idx    E Section Name        Object

    0x20000000   0x08002550   0x00000008   Data   RW          697    .data..L_MergedGlobals  stm32h5xx_hal.o
    0x20000008   0x08002558   0x00000004   Data   RW         1116    .data.SystemCoreClock  system_stm32h5xx.o
    0x2000000c   0x0800255c   0x00000004   PAD
    0x20000010        -       0x00000060   Zero   RW         1161    .bss                c_w.l(libspace.o)
    0x20000070        -       0x00000004   Zero   RW           38    .bss..L_MergedGlobals  main.o
    0x20000074        -       0x0000004c   Zero   RW           64    .bss.htim1          tim.o
    0x200000c0        -       0x00000004   Zero   RW          696    .bss.uwTick         stm32h5xx_hal.o
    0x200000c4   0x0800255c   0x00000004   PAD
    0x200000c8        -       0x00002000   Zero   RW            2    HEAP                startup_stm32h503xx.o
    0x200020c8        -       0x00004000   Zero   RW            1    STACK               startup_stm32h503xx.o


==============================================================================

Image component sizes


      Code (inc. data)   RO Data    RW Data    ZI Data      Debug   Object Name

       136          0          0          0          0       2943   gpio.o
       496          0          0          0          4      10230   main.o
        68         28        600          0      24576        972   startup_stm32h503xx.o
       324          0          0          8          4      12050   stm32h5xx_hal.o
       376          6          0          0          0      13542   stm32h5xx_hal_cortex.o
       410          0          0          0          0       5238   stm32h5xx_hal_gpio.o
         2          0          0          0          0        403   stm32h5xx_hal_msp.o
      2532         16          0          0          0      12198   stm32h5xx_hal_rcc.o
      2818         30         32          0          0      73812   stm32h5xx_hal_tim.o
       318          0          0          0          0      29681   stm32h5xx_hal_tim_ex.o
        32          0          0          0          0       5544   stm32h5xx_it.o
       310         66          0          0          0       1960   stspin220.o
       168          0         16          4          0       5360   system_stm32h5xx.o
       412          0          0          0         76      10725   tim.o

    ----------------------------------------------------------------------
      8482        146        680         12      24668     184658   Object Totals
         0          0         32          0          0          0   (incl. Generated)
        80          0          0          0          8          0   (incl. Padding)

    ----------------------------------------------------------------------

      Code (inc. data)   RO Data    RW Data    ZI Data      Debug   Library Member Name

         8          0          0          0          0         68   __main.o
         0          0          0          0          0          0   __rtentry.o
        12          0          0          0          0          0   __rtentry2.o
         6          0          0          0          0          0   __rtentry4.o
        52          8          0          0          0          0   __scatter.o
        26          0          0          0          0          0   __scatter_copy.o
        28          0          0          0          0          0   __scatter_zi.o
        18          0          0          0          0         80   exit.o
         6          0          0          0          0        152   heapauxi.o
         0          0          0          0          0          0   indicate_semi.o
         2          0          0          0          0          0   libinit.o
         6          0          0          0          0          0   libinit2.o
         2          0          0          0          0          0   libshutdown.o
         2          0          0          0          0          0   libshutdown2.o
         8          4          0          0         96         68   libspace.o
        78          0          0          0          0         80   rt_memclr_w.o
         2          0          0          0          0          0   rtexit.o
        10          0          0          0          0          0   rtexit2.o
        12          4          0          0          0         68   sys_exit.o
        74          0          0          0          0         80   sys_stackheap_outer.o
         2          0          0          0          0         68   use_no_semi.o
        26          0          0          0          0        116   fpinit.o

    ----------------------------------------------------------------------
       386         16          0          0         96        780   Library Totals
         6          0          0          0          0          0   (incl. Padding)

    ----------------------------------------------------------------------

      Code (inc. data)   RO Data    RW Data    ZI Data      Debug   Library Name

       354         16          0          0         96        664   c_w.l
        26          0          0          0          0        116   fz_wm.l

    ----------------------------------------------------------------------
       386         16          0          0         96        780   Library Totals

    ----------------------------------------------------------------------

==============================================================================


      Code (inc. data)   RO Data    RW Data    ZI Data      Debug   

      8868        162        680         12      24764     184990   Grand Totals
      8868        162        680         12      24764     184990   ELF Image Totals
      8868        162        680         12          0          0   ROM Totals

==============================================================================

    Total RO  Size (Code + RO Data)                 9548 (   9.32kB)
    Total RW  Size (RW Data + ZI Data)             24776 (  24.20kB)
    Total ROM Size (Code + RO Data + RW Data)       9560 (   9.34kB)

==============================================================================

