Component: Arm Compiler for Embedded 6.18 Tool: armlink [5e4cc100]

==============================================================================

Section Cross References

    startup_stm32h503xx.o(RESET) refers to startup_stm32h503xx.o(STACK) for __initial_sp
    startup_stm32h503xx.o(RESET) refers to startup_stm32h503xx.o(.text) for Reset_Handler
    startup_stm32h503xx.o(RESET) refers to stm32h5xx_it.o(.text.NMI_Handler) for NMI_Handler
    startup_stm32h503xx.o(RESET) refers to stm32h5xx_it.o(.text.HardFault_Handler) for HardFault_Handler
    startup_stm32h503xx.o(RESET) refers to stm32h5xx_it.o(.text.MemManage_Handler) for MemManage_Handler
    startup_stm32h503xx.o(RESET) refers to stm32h5xx_it.o(.text.BusFault_Handler) for BusFault_Handler
    startup_stm32h503xx.o(RESET) refers to stm32h5xx_it.o(.text.UsageFault_Handler) for UsageFault_Handler
    startup_stm32h503xx.o(RESET) refers to stm32h5xx_it.o(.text.SVC_Handler) for SVC_Handler
    startup_stm32h503xx.o(RESET) refers to stm32h5xx_it.o(.text.DebugMon_Handler) for DebugMon_Handler
    startup_stm32h503xx.o(RESET) refers to stm32h5xx_it.o(.text.PendSV_Handler) for PendSV_Handler
    startup_stm32h503xx.o(RESET) refers to stm32h5xx_it.o(.text.SysTick_Handler) for SysTick_Handler
    startup_stm32h503xx.o(.text) refers to system_stm32h5xx.o(.text.SystemInit) for SystemInit
    startup_stm32h503xx.o(.text) refers to entry.o(.ARM.Collect$$$$00000000) for __main
    stspin220.o(.text.STSPIN220_SetStepMode) refers to stm32h5xx_hal_gpio.o(.text.HAL_GPIO_WritePin) for HAL_GPIO_WritePin
    stspin220.o(.ARM.exidx.text.STSPIN220_SetStepMode) refers to stspin220.o(.text.STSPIN220_SetStepMode) for [Anonymous Symbol]
    stspin220.o(.text.STSPIN220_enable) refers to stm32h5xx_hal_gpio.o(.text.HAL_GPIO_WritePin) for HAL_GPIO_WritePin
    stspin220.o(.ARM.exidx.text.STSPIN220_enable) refers to stspin220.o(.text.STSPIN220_enable) for [Anonymous Symbol]
    stspin220.o(.text.STSPIN220_setDirection) refers to stm32h5xx_hal_gpio.o(.text.HAL_GPIO_WritePin) for HAL_GPIO_WritePin
    stspin220.o(.ARM.exidx.text.STSPIN220_setDirection) refers to stspin220.o(.text.STSPIN220_setDirection) for [Anonymous Symbol]
    stspin220.o(.text.STSPIN220_Stby) refers to stm32h5xx_hal_gpio.o(.text.HAL_GPIO_WritePin) for HAL_GPIO_WritePin
    stspin220.o(.ARM.exidx.text.STSPIN220_Stby) refers to stspin220.o(.text.STSPIN220_Stby) for [Anonymous Symbol]
    main.o(.text.main) refers to stm32h5xx_hal.o(.text.HAL_Init) for HAL_Init
    main.o(.text.main) refers to main.o(.text.SystemClock_Config) for SystemClock_Config
    main.o(.text.main) refers to gpio.o(.text.MX_GPIO_Init) for MX_GPIO_Init
    main.o(.text.main) refers to stm32h5xx_hal_gpio.o(.text.HAL_GPIO_WritePin) for HAL_GPIO_WritePin
    main.o(.text.main) refers to stm32h5xx_hal_gpio.o(.text.HAL_GPIO_Init) for HAL_GPIO_Init
    main.o(.text.main) refers to stm32h5xx_hal.o(.text.HAL_Delay) for HAL_Delay
    main.o(.text.main) refers to stspin220.o(.text.STSPIN220_SetStepMode) for STSPIN220_SetStepMode
    main.o(.text.main) refers to stspin220.o(.text.STSPIN220_enable) for STSPIN220_enable
    main.o(.text.main) refers to stspin220.o(.text.STSPIN220_Stby) for STSPIN220_Stby
    main.o(.text.main) refers to stspin220.o(.text.STSPIN220_setDirection) for STSPIN220_setDirection
    main.o(.text.main) refers to main.o(.bss.STSPIN220_PwmNum) for STSPIN220_PwmNum
    main.o(.text.main) refers to tim.o(.text.MX_TIM1_Init) for MX_TIM1_Init
    main.o(.text.main) refers to tim.o(.bss.htim1) for htim1
    main.o(.text.main) refers to stm32h5xx_hal_tim.o(.text.HAL_TIM_PWM_Start_IT) for HAL_TIM_PWM_Start_IT
    main.o(.ARM.exidx.text.main) refers to main.o(.text.main) for [Anonymous Symbol]
    main.o(.text.SystemClock_Config) refers to memseta.o(.text) for __aeabi_memclr4
    main.o(.text.SystemClock_Config) refers to stm32h5xx_hal_rcc.o(.text.HAL_RCC_OscConfig) for HAL_RCC_OscConfig
    main.o(.text.SystemClock_Config) refers to stm32h5xx_hal_rcc.o(.text.HAL_RCC_ClockConfig) for HAL_RCC_ClockConfig
    main.o(.ARM.exidx.text.SystemClock_Config) refers to main.o(.text.SystemClock_Config) for [Anonymous Symbol]
    main.o(.text.MX_GPIO_Init_mode3) refers to stm32h5xx_hal_gpio.o(.text.HAL_GPIO_WritePin) for HAL_GPIO_WritePin
    main.o(.text.MX_GPIO_Init_mode3) refers to stm32h5xx_hal_gpio.o(.text.HAL_GPIO_Init) for HAL_GPIO_Init
    main.o(.ARM.exidx.text.MX_GPIO_Init_mode3) refers to main.o(.text.MX_GPIO_Init_mode3) for [Anonymous Symbol]
    main.o(.ARM.exidx.text.Error_Handler) refers to main.o(.text.Error_Handler) for [Anonymous Symbol]
    gpio.o(.text.MX_GPIO_Init) refers to stm32h5xx_hal_gpio.o(.text.HAL_GPIO_WritePin) for HAL_GPIO_WritePin
    gpio.o(.text.MX_GPIO_Init) refers to stm32h5xx_hal_gpio.o(.text.HAL_GPIO_Init) for HAL_GPIO_Init
    gpio.o(.ARM.exidx.text.MX_GPIO_Init) refers to gpio.o(.text.MX_GPIO_Init) for [Anonymous Symbol]
    tim.o(.text.MX_TIM1_Init) refers to memseta.o(.text) for __aeabi_memclr4
[...]
    Removing stm32h5xx_hal_dma_ex.o(.ARM.exidx.text.HAL_DMAEx_List_ReplaceNode), (8 bytes).
    Removing stm32h5xx_hal_dma_ex.o(.text.HAL_DMAEx_List_ReplaceNode_Head), (186 bytes).
    Removing stm32h5xx_hal_dma_ex.o(.ARM.exidx.text.HAL_DMAEx_List_ReplaceNode_Head), (8 bytes).
    Removing stm32h5xx_hal_dma_ex.o(.text.HAL_DMAEx_List_ReplaceNode_Tail), (342 bytes).
    Removing stm32h5xx_hal_dma_ex.o(.ARM.exidx.text.HAL_DMAEx_List_ReplaceNode_Tail), (8 bytes).
    Removing stm32h5xx_hal_dma_ex.o(.text.HAL_DMAEx_List_ResetQ), (206 bytes).
    Removing stm32h5xx_hal_dma_ex.o(.ARM.exidx.text.HAL_DMAEx_List_ResetQ), (8 bytes).
    Removing stm32h5xx_hal_dma_ex.o(.text.HAL_DMAEx_List_InsertQ), (436 bytes).
    Removing stm32h5xx_hal_dma_ex.o(.ARM.exidx.text.HAL_DMAEx_List_InsertQ), (8 bytes).
    Removing stm32h5xx_hal_dma_ex.o(.text.HAL_DMAEx_List_InsertQ_Head), (268 bytes).
    Removing stm32h5xx_hal_dma_ex.o(.ARM.exidx.text.HAL_DMAEx_List_InsertQ_Head), (8 bytes).
    Removing stm32h5xx_hal_dma_ex.o(.text.HAL_DMAEx_List_InsertQ_Tail), (284 bytes).
    Removing stm32h5xx_hal_dma_ex.o(.ARM.exidx.text.HAL_DMAEx_List_InsertQ_Tail), (8 bytes).
    Removing stm32h5xx_hal_dma_ex.o(.text.HAL_DMAEx_List_SetCircularModeConfig), (474 bytes).
    Removing stm32h5xx_hal_dma_ex.o(.ARM.exidx.text.HAL_DMAEx_List_SetCircularModeConfig), (8 bytes).
    Removing stm32h5xx_hal_dma_ex.o(.text.HAL_DMAEx_List_SetCircularMode), (282 bytes).
    Removing stm32h5xx_hal_dma_ex.o(.ARM.exidx.text.HAL_DMAEx_List_SetCircularMode), (8 bytes).
    Removing stm32h5xx_hal_dma_ex.o(.text.HAL_DMAEx_List_ClearCircularMode), (250 bytes).
    Removing stm32h5xx_hal_dma_ex.o(.ARM.exidx.text.HAL_DMAEx_List_ClearCircularMode), (8 bytes).
    Removing stm32h5xx_hal_dma_ex.o(.text.HAL_DMAEx_List_ConvertQToDynamic), (994 bytes).
    Removing stm32h5xx_hal_dma_ex.o(.ARM.exidx.text.HAL_DMAEx_List_ConvertQToDynamic), (8 bytes).
    Removing stm32h5xx_hal_dma_ex.o(.text.HAL_DMAEx_List_ConvertQToStatic), (874 bytes).
    Removing stm32h5xx_hal_dma_ex.o(.ARM.exidx.text.HAL_DMAEx_List_ConvertQToStatic), (8 bytes).
    Removing stm32h5xx_hal_dma_ex.o(.text.HAL_DMAEx_List_LinkQ), (182 bytes).
    Removing stm32h5xx_hal_dma_ex.o(.ARM.exidx.text.HAL_DMAEx_List_LinkQ), (8 bytes).
    Removing stm32h5xx_hal_dma_ex.o(.text.HAL_DMAEx_List_UnLinkQ), (44 bytes).
    Removing stm32h5xx_hal_dma_ex.o(.ARM.exidx.text.HAL_DMAEx_List_UnLinkQ), (8 bytes).
    Removing stm32h5xx_hal_dma_ex.o(.text.HAL_DMAEx_ConfigDataHandling), (80 bytes).
    Removing stm32h5xx_hal_dma_ex.o(.ARM.exidx.text.HAL_DMAEx_ConfigDataHandling), (8 bytes).
    Removing stm32h5xx_hal_dma_ex.o(.text.HAL_DMAEx_ConfigTrigger), (88 bytes).
    Removing stm32h5xx_hal_dma_ex.o(.ARM.exidx.text.HAL_DMAEx_ConfigTrigger), (8 bytes).
    Removing stm32h5xx_hal_dma_ex.o(.text.HAL_DMAEx_ConfigRepeatBlock), (140 bytes).
    Removing stm32h5xx_hal_dma_ex.o(.ARM.exidx.text.HAL_DMAEx_ConfigRepeatBlock), (8 bytes).
    Removing stm32h5xx_hal_dma_ex.o(.text.HAL_DMAEx_Suspend), (112 bytes).
    Removing stm32h5xx_hal_dma_ex.o(.ARM.exidx.text.HAL_DMAEx_Suspend), (8 bytes).
    Removing stm32h5xx_hal_dma_ex.o(.text.HAL_DMAEx_Suspend_IT), (46 bytes).
    Removing stm32h5xx_hal_dma_ex.o(.ARM.exidx.text.HAL_DMAEx_Suspend_IT), (8 bytes).
    Removing stm32h5xx_hal_dma_ex.o(.text.HAL_DMAEx_Resume), (58 bytes).
    Removing stm32h5xx_hal_dma_ex.o(.ARM.exidx.text.HAL_DMAEx_Resume), (8 bytes).
    Removing stm32h5xx_hal_dma_ex.o(.text.HAL_DMAEx_GetFifoLevel), (10 bytes).
    Removing stm32h5xx_hal_dma_ex.o(.ARM.exidx.text.HAL_DMAEx_GetFifoLevel), (8 bytes).
    Removing stm32h5xx_hal_dma_ex.o(.rodata.cst32), (32 bytes).
    Removing stm32h5xx_hal_pwr.o(.text), (0 bytes).
    Removing stm32h5xx_hal_pwr.o(.text.HAL_PWR_DeInit), (2 bytes).
    Removing stm32h5xx_hal_pwr.o(.ARM.exidx.text.HAL_PWR_DeInit), (8 bytes).
    Removing stm32h5xx_hal_pwr.o(.text.HAL_PWR_EnableBkUpAccess), (18 bytes).
    Removing stm32h5xx_hal_pwr.o(.ARM.exidx.text.HAL_PWR_EnableBkUpAccess), (8 bytes).
    Removing stm32h5xx_hal_pwr.o(.text.HAL_PWR_DisableBkUpAccess), (18 bytes).
    Removing stm32h5xx_hal_pwr.o(.ARM.exidx.text.HAL_PWR_DisableBkUpAccess), (8 bytes).
    Removing stm32h5xx_hal_pwr.o(.text.HAL_PWR_ConfigPVD), (152 bytes).
    Removing stm32h5xx_hal_pwr.o(.ARM.exidx.text.HAL_PWR_ConfigPVD), (8 bytes).
    Removing stm32h5xx_hal_pwr.o(.text.HAL_PWR_EnablePVD), (18 bytes).
    Removing stm32h5xx_hal_pwr.o(.ARM.exidx.text.HAL_PWR_EnablePVD), (8 bytes).
    Removing stm32h5xx_hal_pwr.o(.text.HAL_PWR_DisablePVD), (18 bytes).
    Removing stm32h5xx_hal_pwr.o(.ARM.exidx.text.HAL_PWR_DisablePVD), (8 bytes).
    Removing stm32h5xx_hal_pwr.o(.text.HAL_PWR_EnableWakeUpPin), (26 bytes).
    Removing stm32h5xx_hal_pwr.o(.ARM.exidx.text.HAL_PWR_EnableWakeUpPin), (8 bytes).
    Removing stm32h5xx_hal_pwr.o(.text.HAL_PWR_DisableWakeUpPin), (24 bytes).
    Removing stm32h5xx_hal_pwr.o(.ARM.exidx.text.HAL_PWR_DisableWakeUpPin), (8 bytes).
    Removing stm32h5xx_hal_pwr.o(.text.HAL_PWR_EnterSLEEPMode), (30 bytes).
    Removing stm32h5xx_hal_pwr.o(.ARM.exidx.text.HAL_PWR_EnterSLEEPMode), (8 bytes).
    Removing stm32h5xx_hal_pwr.o(.text.HAL_PWR_EnterSTOPMode), (54 bytes).
    Removing stm32h5xx_hal_pwr.o(.ARM.exidx.text.HAL_PWR_EnterSTOPMode), (8 bytes).
    Removing stm32h5xx_hal_pwr.o(.text.HAL_PWR_EnterSTANDBYMode), (44 bytes).
    Removing stm32h5xx_hal_pwr.o(.ARM.exidx.text.HAL_PWR_EnterSTANDBYMode), (8 bytes).
    Removing stm32h5xx_hal_pwr.o(.text.HAL_PWR_EnableSleepOnExit), (18 bytes).
    Removing stm32h5xx_hal_pwr.o(.ARM.exidx.text.HAL_PWR_EnableSleepOnExit), (8 bytes).
    Removing stm32h5xx_hal_pwr.o(.text.HAL_PWR_DisableSleepOnExit), (18 bytes).
    Removing stm32h5xx_hal_pwr.o(.ARM.exidx.text.HAL_PWR_DisableSleepOnExit), (8 bytes).
    Removing stm32h5xx_hal_pwr.o(.text.HAL_PWR_EnableSEVOnPend), (18 bytes).
    Removing stm32h5xx_hal_pwr.o(.ARM.exidx.text.HAL_PWR_EnableSEVOnPend), (8 bytes).
    Removing stm32h5xx_hal_pwr.o(.text.HAL_PWR_DisableSEVOnPend), (18 bytes).
    Removing stm32h5xx_hal_pwr.o(.ARM.exidx.text.HAL_PWR_DisableSEVOnPend), (8 bytes).
    Removing stm32h5xx_hal_pwr.o(.text.HAL_PWR_PVD_IRQHandler), (36 bytes).
    Removing stm32h5xx_hal_pwr.o(.ARM.exidx.text.HAL_PWR_PVD_IRQHandler), (8 bytes).
    Removing stm32h5xx_hal_pwr.o(.text.HAL_PWR_PVDCallback), (2 bytes).
    Removing stm32h5xx_hal_pwr.o(.ARM.exidx.text.HAL_PWR_PVDCallback), (8 bytes).
    Removing stm32h5xx_hal_pwr.o(.text.HAL_PWR_ConfigAttributes), (34 bytes).
    Removing stm32h5xx_hal_pwr.o(.ARM.exidx.text.HAL_PWR_ConfigAttributes), (8 bytes).
    Removing stm32h5xx_hal_pwr.o(.text.HAL_PWR_GetConfigAttributes), (34 bytes).
    Removing stm32h5xx_hal_pwr.o(.ARM.exidx.text.HAL_PWR_GetConfigAttributes), (8 bytes).
    Removing stm32h5xx_hal_pwr_ex.o(.text), (0 bytes).
    Removing stm32h5xx_hal_pwr_ex.o(.text.HAL_PWREx_ConfigSupply), (64 bytes).
    Removing stm32h5xx_hal_pwr_ex.o(.ARM.exidx.text.HAL_PWREx_ConfigSupply), (8 bytes).
    Removing stm32h5xx_hal_pwr_ex.o(.text.HAL_PWREx_GetSupplyConfig), (18 bytes).
    Removing stm32h5xx_hal_pwr_ex.o(.ARM.exidx.text.HAL_PWREx_GetSupplyConfig), (8 bytes).
    Removing stm32h5xx_hal_pwr_ex.o(.text.HAL_PWREx_ControlVoltageScaling), (66 bytes).
    Removing stm32h5xx_hal_pwr_ex.o(.ARM.exidx.text.HAL_PWREx_ControlVoltageScaling), (8 bytes).
    Removing stm32h5xx_hal_pwr_ex.o(.text.HAL_PWREx_GetVoltageRange), (16 bytes).
    Removing stm32h5xx_hal_pwr_ex.o(.ARM.exidx.text.HAL_PWREx_GetVoltageRange), (8 bytes).
    Removing stm32h5xx_hal_pwr_ex.o(.text.HAL_PWREx_ControlStopModeVoltageScaling), (22 bytes).
    Removing stm32h5xx_hal_pwr_ex.o(.ARM.exidx.text.HAL_PWREx_ControlStopModeVoltageScaling), (8 bytes).
    Removing stm32h5xx_hal_pwr_ex.o(.text.HAL_PWREx_GetStopModeVoltageRange), (16 bytes).
    Removing stm32h5xx_hal_pwr_ex.o(.ARM.exidx.text.HAL_PWREx_GetStopModeVoltageRange), (8 bytes).
    Removing stm32h5xx_hal_pwr_ex.o(.text.HAL_PWREx_ConfigAVD), (146 bytes).
    Removing stm32h5xx_hal_pwr_ex.o(.ARM.exidx.text.HAL_PWREx_ConfigAVD), (8 bytes).
    Removing stm32h5xx_hal_pwr_ex.o(.text.HAL_PWREx_EnableAVD), (18 bytes).
    Removing stm32h5xx_hal_pwr_ex.o(.ARM.exidx.text.HAL_PWREx_EnableAVD), (8 bytes).
    Removing stm32h5xx_hal_pwr_ex.o(.text.HAL_PWREx_DisableAVD), (18 bytes).
    Removing stm32h5xx_hal_pwr_ex.o(.ARM.exidx.text.HAL_PWREx_DisableAVD), (8 bytes).
    Removing stm32h5xx_hal_pwr_ex.o(.text.HAL_PWREx_EnableMonitoring), (18 bytes).
    Removing stm32h5xx_hal_pwr_ex.o(.ARM.exidx.text.HAL_PWREx_EnableMonitoring), (8 bytes).
    Removing stm32h5xx_hal_pwr_ex.o(.text.HAL_PWREx_DisableMonitoring), (18 bytes).
    Removing stm32h5xx_hal_pwr_ex.o(.ARM.exidx.text.HAL_PWREx_DisableMonitoring), (8 bytes).
    Removing stm32h5xx_hal_pwr_ex.o(.text.HAL_PWREx_EnableBatteryCharging), (28 bytes).
    Removing stm32h5xx_hal_pwr_ex.o(.ARM.exidx.text.HAL_PWREx_EnableBatteryCharging), (8 bytes).
    Removing stm32h5xx_hal_pwr_ex.o(.text.HAL_PWREx_DisableBatteryCharging), (18 bytes).
    Removing stm32h5xx_hal_pwr_ex.o(.ARM.exidx.text.HAL_PWREx_DisableBatteryCharging), (8 bytes).
    Removing stm32h5xx_hal_pwr_ex.o(.text.HAL_PWREx_EnableAnalogBooster), (26 bytes).
    Removing stm32h5xx_hal_pwr_ex.o(.ARM.exidx.text.HAL_PWREx_EnableAnalogBooster), (8 bytes).
    Removing stm32h5xx_hal_pwr_ex.o(.text.HAL_PWREx_DisableAnalogBooster), (26 bytes).
    Removing stm32h5xx_hal_pwr_ex.o(.ARM.exidx.text.HAL_PWREx_DisableAnalogBooster), (8 bytes).
    Removing stm32h5xx_hal_pwr_ex.o(.text.HAL_PWREx_PVD_AVD_IRQHandler), (48 bytes).
    Removing stm32h5xx_hal_pwr_ex.o(.ARM.exidx.text.HAL_PWREx_PVD_AVD_IRQHandler), (8 bytes).
    Removing stm32h5xx_hal_pwr_ex.o(.text.HAL_PWREx_PVD_AVD_Rising_Callback), (2 bytes).
    Removing stm32h5xx_hal_pwr_ex.o(.ARM.exidx.text.HAL_PWREx_PVD_AVD_Rising_Callback), (8 bytes).
    Removing stm32h5xx_hal_pwr_ex.o(.text.HAL_PWREx_PVD_AVD_Falling_Callback), (2 bytes).
    Removing stm32h5xx_hal_pwr_ex.o(.ARM.exidx.text.HAL_PWREx_PVD_AVD_Falling_Callback), (8 bytes).
    Removing stm32h5xx_hal_pwr_ex.o(.text.HAL_PWREx_EnableWakeUpPin), (94 bytes).
    Removing stm32h5xx_hal_pwr_ex.o(.ARM.exidx.text.HAL_PWREx_EnableWakeUpPin), (8 bytes).
    Removing stm32h5xx_hal_pwr_ex.o(.text.HAL_PWREx_DisableWakeUpPin), (24 bytes).
    Removing stm32h5xx_hal_pwr_ex.o(.ARM.exidx.text.HAL_PWREx_DisableWakeUpPin), (8 bytes).
    Removing stm32h5xx_hal_pwr_ex.o(.text.HAL_PWREx_EnableFlashPowerDown), (18 bytes).
    Removing stm32h5xx_hal_pwr_ex.o(.ARM.exidx.text.HAL_PWREx_EnableFlashPowerDown), (8 bytes).
    Removing stm32h5xx_hal_pwr_ex.o(.text.HAL_PWREx_DisableFlashPowerDown), (18 bytes).
    Removing stm32h5xx_hal_pwr_ex.o(.ARM.exidx.text.HAL_PWREx_DisableFlashPowerDown), (8 bytes).
    Removing stm32h5xx_hal_pwr_ex.o(.text.HAL_PWREx_EnableMemoryShutOff), (16 bytes).
    Removing stm32h5xx_hal_pwr_ex.o(.ARM.exidx.text.HAL_PWREx_EnableMemoryShutOff), (8 bytes).
    Removing stm32h5xx_hal_pwr_ex.o(.text.HAL_PWREx_DisableMemoryShutOff), (18 bytes).
    Removing stm32h5xx_hal_pwr_ex.o(.ARM.exidx.text.HAL_PWREx_DisableMemoryShutOff), (8 bytes).
    Removing stm32h5xx_hal_pwr_ex.o(.text.HAL_PWREx_EnableBkupRAMRetention), (20 bytes).
    Removing stm32h5xx_hal_pwr_ex.o(.ARM.exidx.text.HAL_PWREx_EnableBkupRAMRetention), (8 bytes).
    Removing stm32h5xx_hal_pwr_ex.o(.text.HAL_PWREx_DisableBkupRAMRetention), (18 bytes).
    Removing stm32h5xx_hal_pwr_ex.o(.ARM.exidx.text.HAL_PWREx_DisableBkupRAMRetention), (8 bytes).
    Removing stm32h5xx_hal_pwr_ex.o(.text.HAL_PWREx_EnableStandbyIORetention), (18 bytes).
    Removing stm32h5xx_hal_pwr_ex.o(.ARM.exidx.text.HAL_PWREx_EnableStandbyIORetention), (8 bytes).
    Removing stm32h5xx_hal_pwr_ex.o(.text.HAL_PWREx_DisableStandbyIORetention), (18 bytes).
    Removing stm32h5xx_hal_pwr_ex.o(.ARM.exidx.text.HAL_PWREx_DisableStandbyIORetention), (8 bytes).
    Removing stm32h5xx_hal_pwr_ex.o(.text.HAL_PWREx_EnableStandbyJTAGIORetention), (18 bytes).
    Removing stm32h5xx_hal_pwr_ex.o(.ARM.exidx.text.HAL_PWREx_EnableStandbyJTAGIORetention), (8 bytes).
    Removing stm32h5xx_hal_pwr_ex.o(.text.HAL_PWREx_DisableStandbyJTAGIORetention), (18 bytes).
    Removing stm32h5xx_hal_pwr_ex.o(.ARM.exidx.text.HAL_PWREx_DisableStandbyJTAGIORetention), (8 bytes).
    Removing stm32h5xx_hal.o(.text), (0 bytes).
    Removing stm32h5xx_hal.o(.ARM.exidx.text.HAL_Init), (8 bytes).
    Removing stm32h5xx_hal.o(.ARM.exidx.text.HAL_InitTick), (8 bytes).
    Removing stm32h5xx_hal.o(.text.HAL_MspInit), (2 bytes).
    Removing stm32h5xx_hal.o(.ARM.exidx.text.HAL_MspInit), (8 bytes).
    Removing stm32h5xx_hal.o(.text.HAL_DeInit), (92 bytes).
    Removing stm32h5xx_hal.o(.ARM.exidx.text.HAL_DeInit), (8 bytes).
    Removing stm32h5xx_hal.o(.text.HAL_MspDeInit), (2 bytes).
    Removing stm32h5xx_hal.o(.ARM.exidx.text.HAL_MspDeInit), (8 bytes).
    Removing stm32h5xx_hal.o(.ARM.exidx.text.HAL_IncTick), (8 bytes).
    Removing stm32h5xx_hal.o(.ARM.exidx.text.HAL_GetTick), (8 bytes).
    Removing stm32h5xx_hal.o(.text.HAL_GetTickPrio), (12 bytes).
    Removing stm32h5xx_hal.o(.ARM.exidx.text.HAL_GetTickPrio), (8 bytes).
    Removing stm32h5xx_hal.o(.text.HAL_SetTickFreq), (38 bytes).
    Removing stm32h5xx_hal.o(.ARM.exidx.text.HAL_SetTickFreq), (8 bytes).
    Removing stm32h5xx_hal.o(.text.HAL_GetTickFreq), (12 bytes).
    Removing stm32h5xx_hal.o(.ARM.exidx.text.HAL_GetTickFreq), (8 bytes).
    Removing stm32h5xx_hal.o(.ARM.exidx.text.HAL_Delay), (8 bytes).
    Removing stm32h5xx_hal.o(.text.HAL_SuspendTick), (18 bytes).
    Removing stm32h5xx_hal.o(.ARM.exidx.text.HAL_SuspendTick), (8 bytes).
    Removing stm32h5xx_hal.o(.text.HAL_ResumeTick), (18 bytes).
    Removing stm32h5xx_hal.o(.ARM.exidx.text.HAL_ResumeTick), (8 bytes).
    Removing stm32h5xx_hal.o(.text.HAL_GetHalVersion), (8 bytes).
    Removing stm32h5xx_hal.o(.ARM.exidx.text.HAL_GetHalVersion), (8 bytes).
    Removing stm32h5xx_hal.o(.text.HAL_GetREVID), (14 bytes).
    Removing stm32h5xx_hal.o(.ARM.exidx.text.HAL_GetREVID), (8 bytes).
    Removing stm32h5xx_hal.o(.text.HAL_GetDEVID), (16 bytes).
    Removing stm32h5xx_hal.o(.ARM.exidx.text.HAL_GetDEVID), (8 bytes).
    Removing stm32h5xx_hal.o(.text.HAL_GetUIDw0), (12 bytes).
    Removing stm32h5xx_hal.o(.ARM.exidx.text.HAL_GetUIDw0), (8 bytes).
    Removing stm32h5xx_hal.o(.text.HAL_GetUIDw1), (12 bytes).
    Removing stm32h5xx_hal.o(.ARM.exidx.text.HAL_GetUIDw1), (8 bytes).
    Removing stm32h5xx_hal.o(.text.HAL_GetUIDw2), (12 bytes).
    Removing stm32h5xx_hal.o(.ARM.exidx.text.HAL_GetUIDw2), (8 bytes).
    Removing stm32h5xx_hal.o(.text.HAL_DBGMCU_EnableDBGStopMode), (18 bytes).
    Removing stm32h5xx_hal.o(.ARM.exidx.text.HAL_DBGMCU_EnableDBGStopMode), (8 bytes).
    Removing stm32h5xx_hal.o(.text.HAL_DBGMCU_DisableDBGStopMode), (18 bytes).
    Removing stm32h5xx_hal.o(.ARM.exidx.text.HAL_DBGMCU_DisableDBGStopMode), (8 bytes).
    Removing stm32h5xx_hal.o(.text.HAL_DBGMCU_EnableDBGStandbyMode), (18 bytes).
    Removing stm32h5xx_hal.o(.ARM.exidx.text.HAL_DBGMCU_EnableDBGStandbyMode), (8 bytes).
    Removing stm32h5xx_hal.o(.text.HAL_DBGMCU_DisableDBGStandbyMode), (18 bytes).
    Removing stm32h5xx_hal.o(.ARM.exidx.text.HAL_DBGMCU_DisableDBGStandbyMode), (8 bytes).
    Removing stm32h5xx_hal.o(.text.HAL_SBS_EnableVddIO1CompensationCell), (18 bytes).
    Removing stm32h5xx_hal.o(.ARM.exidx.text.HAL_SBS_EnableVddIO1CompensationCell), (8 bytes).
    Removing stm32h5xx_hal.o(.text.HAL_SBS_DisableVddIO1CompensationCell), (18 bytes).
    Removing stm32h5xx_hal.o(.ARM.exidx.text.HAL_SBS_DisableVddIO1CompensationCell), (8 bytes).
    Removing stm32h5xx_hal.o(.text.HAL_SBS_EnableVddIO2CompensationCell), (18 bytes).
    Removing stm32h5xx_hal.o(.ARM.exidx.text.HAL_SBS_EnableVddIO2CompensationCell), (8 bytes).
    Removing stm32h5xx_hal.o(.text.HAL_SBS_DisableVddIO2CompensationCell), (18 bytes).
    Removing stm32h5xx_hal.o(.ARM.exidx.text.HAL_SBS_DisableVddIO2CompensationCell), (8 bytes).
    Removing stm32h5xx_hal.o(.text.HAL_SBS_VDDCompensationCodeSelect), (20 bytes).
    Removing stm32h5xx_hal.o(.ARM.exidx.text.HAL_SBS_VDDCompensationCodeSelect), (8 bytes).
    Removing stm32h5xx_hal.o(.text.HAL_SBS_VDDIOCompensationCodeSelect), (20 bytes).
    Removing stm32h5xx_hal.o(.ARM.exidx.text.HAL_SBS_VDDIOCompensationCodeSelect), (8 bytes).
    Removing stm32h5xx_hal.o(.text.HAL_SBS_GetVddIO1CompensationCellReadyFlag), (16 bytes).
    Removing stm32h5xx_hal.o(.ARM.exidx.text.HAL_SBS_GetVddIO1CompensationCellReadyFlag), (8 bytes).
    Removing stm32h5xx_hal.o(.text.HAL_SBS_GetVddIO2CompensationCellReadyFlag), (16 bytes).
    Removing stm32h5xx_hal.o(.ARM.exidx.text.HAL_SBS_GetVddIO2CompensationCellReadyFlag), (8 bytes).
    Removing stm32h5xx_hal.o(.text.HAL_SBS_VDDCompensationCodeConfig), (24 bytes).
    Removing stm32h5xx_hal.o(.ARM.exidx.text.HAL_SBS_VDDCompensationCodeConfig), (8 bytes).
    Removing stm32h5xx_hal.o(.text.HAL_SBS_VDDIOCompensationCodeConfig), (26 bytes).
    Removing stm32h5xx_hal.o(.ARM.exidx.text.HAL_SBS_VDDIOCompensationCodeConfig), (8 bytes).
    Removing stm32h5xx_hal.o(.text.HAL_SBS_GetNMOSVddCompensationValue), (16 bytes).
    Removing stm32h5xx_hal.o(.ARM.exidx.text.HAL_SBS_GetNMOSVddCompensationValue), (8 bytes).
    Removing stm32h5xx_hal.o(.text.HAL_SBS_GetPMOSVddCompensationValue), (16 bytes).
    Removing stm32h5xx_hal.o(.ARM.exidx.text.HAL_SBS_GetPMOSVddCompensationValue), (8 bytes).
    Removing stm32h5xx_hal.o(.text.HAL_SBS_GetNMOSVddIO2CompensationValue), (16 bytes).
    Removing stm32h5xx_hal.o(.ARM.exidx.text.HAL_SBS_GetNMOSVddIO2CompensationValue), (8 bytes).
    Removing stm32h5xx_hal.o(.text.HAL_SBS_GetPMOSVddIO2CompensationValue), (16 bytes).
    Removing stm32h5xx_hal.o(.ARM.exidx.text.HAL_SBS_GetPMOSVddIO2CompensationValue), (8 bytes).
    Removing stm32h5xx_hal.o(.text.HAL_SBS_FLASH_DisableECCNMI), (18 bytes).
    Removing stm32h5xx_hal.o(.ARM.exidx.text.HAL_SBS_FLASH_DisableECCNMI), (8 bytes).
    Removing stm32h5xx_hal.o(.text.HAL_SBS_FLASH_EnableECCNMI), (18 bytes).
    Removing stm32h5xx_hal.o(.ARM.exidx.text.HAL_SBS_FLASH_EnableECCNMI), (8 bytes).
    Removing stm32h5xx_hal.o(.text.HAL_SBS_FLASH_ECCNMI_IsDisabled), (16 bytes).
    Removing stm32h5xx_hal.o(.ARM.exidx.text.HAL_SBS_FLASH_ECCNMI_IsDisabled), (8 bytes).
    Removing stm32h5xx_hal.o(.text.HAL_SBS_IncrementHDPLValue), (20 bytes).
    Removing stm32h5xx_hal.o(.ARM.exidx.text.HAL_SBS_IncrementHDPLValue), (8 bytes).
    Removing stm32h5xx_hal.o(.text.HAL_SBS_GetHDPLValue), (14 bytes).
    Removing stm32h5xx_hal.o(.ARM.exidx.text.HAL_SBS_GetHDPLValue), (8 bytes).
    Removing stm32h5xx_hal.o(.text.HAL_SBS_OpenAccessPort), (20 bytes).
    Removing stm32h5xx_hal.o(.ARM.exidx.text.HAL_SBS_OpenAccessPort), (8 bytes).
    Removing stm32h5xx_hal.o(.text.HAL_SBS_OpenDebug), (20 bytes).
    Removing stm32h5xx_hal.o(.ARM.exidx.text.HAL_SBS_OpenDebug), (8 bytes).
    Removing stm32h5xx_hal.o(.text.HAL_SBS_ConfigDebugLevel), (32 bytes).
    Removing stm32h5xx_hal.o(.ARM.exidx.text.HAL_SBS_ConfigDebugLevel), (8 bytes).
    Removing stm32h5xx_hal.o(.text.HAL_SBS_GetDebugLevel), (16 bytes).
    Removing stm32h5xx_hal.o(.ARM.exidx.text.HAL_SBS_GetDebugLevel), (8 bytes).
    Removing stm32h5xx_hal.o(.text.HAL_SBS_LockDebugConfig), (20 bytes).
    Removing stm32h5xx_hal.o(.ARM.exidx.text.HAL_SBS_LockDebugConfig), (8 bytes).
    Removing stm32h5xx_hal.o(.text.HAL_SBS_Lock), (14 bytes).
    Removing stm32h5xx_hal.o(.ARM.exidx.text.HAL_SBS_Lock), (8 bytes).
    Removing stm32h5xx_hal.o(.text.HAL_SBS_GetLock), (24 bytes).
    Removing stm32h5xx_hal.o(.ARM.exidx.text.HAL_SBS_GetLock), (8 bytes).
    Removing stm32h5xx_hal_exti.o(.text), (0 bytes).
    Removing stm32h5xx_hal_exti.o(.text.HAL_EXTI_SetConfigLine), (200 bytes).
    Removing stm32h5xx_hal_exti.o(.ARM.exidx.text.HAL_EXTI_SetConfigLine), (8 bytes).
    Removing stm32h5xx_hal_exti.o(.text.HAL_EXTI_GetConfigLine), (168 bytes).
    Removing stm32h5xx_hal_exti.o(.ARM.exidx.text.HAL_EXTI_GetConfigLine), (8 bytes).
    Removing stm32h5xx_hal_exti.o(.text.HAL_EXTI_ClearConfigLine), (132 bytes).
    Removing stm32h5xx_hal_exti.o(.ARM.exidx.text.HAL_EXTI_ClearConfigLine), (8 bytes).
    Removing stm32h5xx_hal_exti.o(.text.HAL_EXTI_RegisterCallback), (36 bytes).
    Removing stm32h5xx_hal_exti.o(.ARM.exidx.text.HAL_EXTI_RegisterCallback), (8 bytes).
    Removing stm32h5xx_hal_exti.o(.text.HAL_EXTI_GetHandle), (12 bytes).
    Removing stm32h5xx_hal_exti.o(.ARM.exidx.text.HAL_EXTI_GetHandle), (8 bytes).
    Removing stm32h5xx_hal_exti.o(.text.HAL_EXTI_IRQHandler), (84 bytes).
    Removing stm32h5xx_hal_exti.o(.ARM.exidx.text.HAL_EXTI_IRQHandler), (8 bytes).
    Removing stm32h5xx_hal_exti.o(.text.HAL_EXTI_GetPending), (54 bytes).
    Removing stm32h5xx_hal_exti.o(.ARM.exidx.text.HAL_EXTI_GetPending), (8 bytes).
    Removing stm32h5xx_hal_exti.o(.text.HAL_EXTI_ClearPending), (50 bytes).
    Removing stm32h5xx_hal_exti.o(.ARM.exidx.text.HAL_EXTI_ClearPending), (8 bytes).
    Removing stm32h5xx_hal_exti.o(.text.HAL_EXTI_GenerateSWI), (30 bytes).
    Removing stm32h5xx_hal_exti.o(.ARM.exidx.text.HAL_EXTI_GenerateSWI), (8 bytes).
    Removing stm32h5xx_hal_exti.o(.text.HAL_EXTI_ConfigLineAttributes), (64 bytes).
    Removing stm32h5xx_hal_exti.o(.ARM.exidx.text.HAL_EXTI_ConfigLineAttributes), (8 bytes).
    Removing stm32h5xx_hal_exti.o(.text.HAL_EXTI_GetConfigLineAttributes), (50 bytes).
    Removing stm32h5xx_hal_exti.o(.ARM.exidx.text.HAL_EXTI_GetConfigLineAttributes), (8 bytes).
    Removing stm32h5xx_hal_tim.o(.text), (0 bytes).
    Removing stm32h5xx_hal_tim.o(.ARM.exidx.text.HAL_TIM_Base_Init), (8 bytes).
    Removing stm32h5xx_hal_tim.o(.text.HAL_TIM_Base_MspInit), (2 bytes).
    Removing stm32h5xx_hal_tim.o(.ARM.exidx.text.HAL_TIM_Base_MspInit), (8 bytes).
    Removing stm32h5xx_hal_tim.o(.text.TIM_Base_SetConfig), (130 bytes).
    Removing stm32h5xx_hal_tim.o(.ARM.exidx.text.TIM_Base_SetConfig), (8 bytes).
    Removing stm32h5xx_hal_tim.o(.text.HAL_TIM_Base_DeInit), (104 bytes).
    Removing stm32h5xx_hal_tim.o(.ARM.exidx.text.HAL_TIM_Base_DeInit), (8 bytes).
    Removing stm32h5xx_hal_tim.o(.text.HAL_TIM_Base_MspDeInit), (2 bytes).
    Removing stm32h5xx_hal_tim.o(.ARM.exidx.text.HAL_TIM_Base_MspDeInit), (8 bytes).
    Removing stm32h5xx_hal_tim.o(.text.HAL_TIM_Base_Start), (88 bytes).
    Removing stm32h5xx_hal_tim.o(.ARM.exidx.text.HAL_TIM_Base_Start), (8 bytes).
    Removing stm32h5xx_hal_tim.o(.text.HAL_TIM_Base_Stop), (52 bytes).
    Removing stm32h5xx_hal_tim.o(.ARM.exidx.text.HAL_TIM_Base_Stop), (8 bytes).
    Removing stm32h5xx_hal_tim.o(.text.HAL_TIM_Base_Start_IT), (96 bytes).
    Removing stm32h5xx_hal_tim.o(.ARM.exidx.text.HAL_TIM_Base_Start_IT), (8 bytes).
    Removing stm32h5xx_hal_tim.o(.text.HAL_TIM_Base_Stop_IT), (60 bytes).
    Removing stm32h5xx_hal_tim.o(.ARM.exidx.text.HAL_TIM_Base_Stop_IT), (8 bytes).
    Removing stm32h5xx_hal_tim.o(.text.HAL_TIM_Base_Start_DMA), (224 bytes).
    Removing stm32h5xx_hal_tim.o(.ARM.exidx.text.HAL_TIM_Base_Start_DMA), (8 bytes).
    Removing stm32h5xx_hal_tim.o(.text.TIM_DMAPeriodElapsedCplt), (6 bytes).
    Removing stm32h5xx_hal_tim.o(.ARM.exidx.text.TIM_DMAPeriodElapsedCplt), (8 bytes).
    Removing stm32h5xx_hal_tim.o(.text.TIM_DMAPeriodElapsedHalfCplt), (6 bytes).
    Removing stm32h5xx_hal_tim.o(.ARM.exidx.text.TIM_DMAPeriodElapsedHalfCplt), (8 bytes).
    Removing stm32h5xx_hal_tim.o(.text.TIM_DMAError), (94 bytes).
    Removing stm32h5xx_hal_tim.o(.ARM.exidx.text.TIM_DMAError), (8 bytes).
    Removing stm32h5xx_hal_tim.o(.text.TIM_DMA_Start_IT), (52 bytes).
    Removing stm32h5xx_hal_tim.o(.ARM.exidx.text.TIM_DMA_Start_IT), (8 bytes).
    Removing stm32h5xx_hal_tim.o(.text.HAL_TIM_Base_Stop_DMA), (72 bytes).
    Removing stm32h5xx_hal_tim.o(.ARM.exidx.text.HAL_TIM_Base_Stop_DMA), (8 bytes).
    Removing stm32h5xx_hal_tim.o(.text.HAL_TIM_OC_Init), (214 bytes).
    Removing stm32h5xx_hal_tim.o(.ARM.exidx.text.HAL_TIM_OC_Init), (8 bytes).
    Removing stm32h5xx_hal_tim.o(.text.HAL_TIM_OC_MspInit), (2 bytes).
    Removing stm32h5xx_hal_tim.o(.ARM.exidx.text.HAL_TIM_OC_MspInit), (8 bytes).
    Removing stm32h5xx_hal_tim.o(.text.HAL_TIM_OC_DeInit), (104 bytes).
    Removing stm32h5xx_hal_tim.o(.ARM.exidx.text.HAL_TIM_OC_DeInit), (8 bytes).
    Removing stm32h5xx_hal_tim.o(.text.HAL_TIM_OC_MspDeInit), (2 bytes).
    Removing stm32h5xx_hal_tim.o(.ARM.exidx.text.HAL_TIM_OC_MspDeInit), (8 bytes).
    Removing stm32h5xx_hal_tim.o(.text.HAL_TIM_OC_Start), (264 bytes).
    Removing stm32h5xx_hal_tim.o(.ARM.exidx.text.HAL_TIM_OC_Start), (8 bytes).
    Removing stm32h5xx_hal_tim.o(.text.TIM_CCxChannelCmd), (36 bytes).
    Removing stm32h5xx_hal_tim.o(.ARM.exidx.text.TIM_CCxChannelCmd), (8 bytes).
    Removing stm32h5xx_hal_tim.o(.text.HAL_TIM_OC_Stop), (194 bytes).
    Removing stm32h5xx_hal_tim.o(.ARM.exidx.text.HAL_TIM_OC_Stop), (8 bytes).
    Removing stm32h5xx_hal_tim.o(.text.HAL_TIM_OC_Start_IT), (356 bytes).
    Removing stm32h5xx_hal_tim.o(.ARM.exidx.text.HAL_TIM_OC_Start_IT), (8 bytes).
    Removing stm32h5xx_hal_tim.o(.text.HAL_TIM_OC_Stop_IT), (206 bytes).
    Removing stm32h5xx_hal_tim.o(.ARM.exidx.text.HAL_TIM_OC_Stop_IT), (8 bytes).
    Removing stm32h5xx_hal_tim.o(.text.HAL_TIM_OC_Start_DMA), (786 bytes).
    Removing stm32h5xx_hal_tim.o(.ARM.exidx.text.HAL_TIM_OC_Start_DMA), (8 bytes).
    Removing stm32h5xx_hal_tim.o(.text.TIM_DMADelayPulseCplt), (56 bytes).
    Removing stm32h5xx_hal_tim.o(.ARM.exidx.text.TIM_DMADelayPulseCplt), (8 bytes).
    Removing stm32h5xx_hal_tim.o(.text.TIM_DMADelayPulseHalfCplt), (56 bytes).
    Removing stm32h5xx_hal_tim.o(.ARM.exidx.text.TIM_DMADelayPulseHalfCplt), (8 bytes).
    Removing stm32h5xx_hal_tim.o(.text.HAL_TIM_OC_Stop_DMA), (272 bytes).
    Removing stm32h5xx_hal_tim.o(.ARM.exidx.text.HAL_TIM_OC_Stop_DMA), (8 bytes).
    Removing stm32h5xx_hal_tim.o(.ARM.exidx.text.HAL_TIM_PWM_Init), (8 bytes).
    Removing stm32h5xx_hal_tim.o(.ARM.exidx.text.HAL_TIM_PWM_MspInit), (8 bytes).
    Removing stm32h5xx_hal_tim.o(.text.HAL_TIM_PWM_DeInit), (104 bytes).
    Removing stm32h5xx_hal_tim.o(.ARM.exidx.text.HAL_TIM_PWM_DeInit), (8 bytes).
    Removing stm32h5xx_hal_tim.o(.text.HAL_TIM_PWM_MspDeInit), (2 bytes).
    Removing stm32h5xx_hal_tim.o(.ARM.exidx.text.HAL_TIM_PWM_MspDeInit), (8 bytes).
    Removing stm32h5xx_hal_tim.o(.text.HAL_TIM_PWM_Start), (264 bytes).
    Removing stm32h5xx_hal_tim.o(.ARM.exidx.text.HAL_TIM_PWM_Start), (8 bytes).
    Removing stm32h5xx_hal_tim.o(.text.HAL_TIM_PWM_Stop), (194 bytes).
    Removing stm32h5xx_hal_tim.o(.ARM.exidx.text.HAL_TIM_PWM_Stop), (8 bytes).
    Removing stm32h5xx_hal_tim.o(.ARM.exidx.text.HAL_TIM_PWM_Start_IT), (8 bytes).
    Removing stm32h5xx_hal_tim.o(.text.HAL_TIM_PWM_Stop_IT), (206 bytes).
    Removing stm32h5xx_hal_tim.o(.ARM.exidx.text.HAL_TIM_PWM_Stop_IT), (8 bytes).
    Removing stm32h5xx_hal_tim.o(.text.HAL_TIM_PWM_Start_DMA), (786 bytes).
    Removing stm32h5xx_hal_tim.o(.ARM.exidx.text.HAL_TIM_PWM_Start_DMA), (8 bytes).
    Removing stm32h5xx_hal_tim.o(.text.HAL_TIM_PWM_Stop_DMA), (272 bytes).
    Removing stm32h5xx_hal_tim.o(.ARM.exidx.text.HAL_TIM_PWM_Stop_DMA), (8 bytes).
    Removing stm32h5xx_hal_tim.o(.text.HAL_TIM_IC_Init), (214 bytes).
    Removing stm32h5xx_hal_tim.o(.ARM.exidx.text.HAL_TIM_IC_Init), (8 bytes).
    Removing stm32h5xx_hal_tim.o(.text.HAL_TIM_IC_MspInit), (2 bytes).
    Removing stm32h5xx_hal_tim.o(.ARM.exidx.text.HAL_TIM_IC_MspInit), (8 bytes).
    Removing stm32h5xx_hal_tim.o(.text.HAL_TIM_IC_DeInit), (104 bytes).
    Removing stm32h5xx_hal_tim.o(.ARM.exidx.text.HAL_TIM_IC_DeInit), (8 bytes).
    Removing stm32h5xx_hal_tim.o(.text.HAL_TIM_IC_MspDeInit), (2 bytes).
    Removing stm32h5xx_hal_tim.o(.ARM.exidx.text.HAL_TIM_IC_MspDeInit), (8 bytes).
    Removing stm32h5xx_hal_tim.o(.text.HAL_TIM_IC_Start), (374 bytes).
    Removing stm32h5xx_hal_tim.o(.ARM.exidx.text.HAL_TIM_IC_Start), (8 bytes).
    Removing stm32h5xx_hal_tim.o(.text.HAL_TIM_IC_Stop), (184 bytes).
    Removing stm32h5xx_hal_tim.o(.ARM.exidx.text.HAL_TIM_IC_Stop), (8 bytes).
    Removing stm32h5xx_hal_tim.o(.text.HAL_TIM_IC_Start_IT), (430 bytes).
    Removing stm32h5xx_hal_tim.o(.ARM.exidx.text.HAL_TIM_IC_Start_IT), (8 bytes).
    Removing stm32h5xx_hal_tim.o(.text.HAL_TIM_IC_Stop_IT), (220 bytes).
    Removing stm32h5xx_hal_tim.o(.ARM.exidx.text.HAL_TIM_IC_Stop_IT), (8 bytes).
    Removing stm32h5xx_hal_tim.o(.text.HAL_TIM_IC_Start_DMA), (720 bytes).
    Removing stm32h5xx_hal_tim.o(.ARM.exidx.text.HAL_TIM_IC_Start_DMA), (8 bytes).
    Removing stm32h5xx_hal_tim.o(.text.TIM_DMACaptureCplt), (56 bytes).
    Removing stm32h5xx_hal_tim.o(.ARM.exidx.text.TIM_DMACaptureCplt), (8 bytes).
    Removing stm32h5xx_hal_tim.o(.text.TIM_DMACaptureHalfCplt), (56 bytes).
    Removing stm32h5xx_hal_tim.o(.ARM.exidx.text.TIM_DMACaptureHalfCplt), (8 bytes).
    Removing stm32h5xx_hal_tim.o(.text.HAL_TIM_IC_Stop_DMA), (284 bytes).
    Removing stm32h5xx_hal_tim.o(.ARM.exidx.text.HAL_TIM_IC_Stop_DMA), (8 bytes).
    Removing stm32h5xx_hal_tim.o(.text.HAL_TIM_OnePulse_Init), (204 bytes).
    Removing stm32h5xx_hal_tim.o(.ARM.exidx.text.HAL_TIM_OnePulse_Init), (8 bytes).
    Removing stm32h5xx_hal_tim.o(.text.HAL_TIM_OnePulse_MspInit), (2 bytes).
    Removing stm32h5xx_hal_tim.o(.ARM.exidx.text.HAL_TIM_OnePulse_MspInit), (8 bytes).
    Removing stm32h5xx_hal_tim.o(.text.HAL_TIM_OnePulse_DeInit), (80 bytes).
    Removing stm32h5xx_hal_tim.o(.ARM.exidx.text.HAL_TIM_OnePulse_DeInit), (8 bytes).
    Removing stm32h5xx_hal_tim.o(.text.HAL_TIM_OnePulse_MspDeInit), (2 bytes).
    Removing stm32h5xx_hal_tim.o(.ARM.exidx.text.HAL_TIM_OnePulse_MspDeInit), (8 bytes).
    Removing stm32h5xx_hal_tim.o(.text.HAL_TIM_OnePulse_Start), (126 bytes).
    Removing stm32h5xx_hal_tim.o(.ARM.exidx.text.HAL_TIM_OnePulse_Start), (8 bytes).
    Removing stm32h5xx_hal_tim.o(.text.HAL_TIM_OnePulse_Stop), (128 bytes).
    Removing stm32h5xx_hal_tim.o(.ARM.exidx.text.HAL_TIM_OnePulse_Stop), (8 bytes).
    Removing stm32h5xx_hal_tim.o(.text.HAL_TIM_OnePulse_Start_IT), (142 bytes).
    Removing stm32h5xx_hal_tim.o(.ARM.exidx.text.HAL_TIM_OnePulse_Start_IT), (8 bytes).
    Removing stm32h5xx_hal_tim.o(.text.HAL_TIM_OnePulse_Stop_IT), (144 bytes).
    Removing stm32h5xx_hal_tim.o(.ARM.exidx.text.HAL_TIM_OnePulse_Stop_IT), (8 bytes).
    Removing stm32h5xx_hal_tim.o(.text.HAL_TIM_Encoder_Init), (300 bytes).
    Removing stm32h5xx_hal_tim.o(.ARM.exidx.text.HAL_TIM_Encoder_Init), (8 bytes).
    Removing stm32h5xx_hal_tim.o(.text.HAL_TIM_Encoder_MspInit), (2 bytes).
    Removing stm32h5xx_hal_tim.o(.ARM.exidx.text.HAL_TIM_Encoder_MspInit), (8 bytes).
    Removing stm32h5xx_hal_tim.o(.text.HAL_TIM_Encoder_DeInit), (80 bytes).
    Removing stm32h5xx_hal_tim.o(.ARM.exidx.text.HAL_TIM_Encoder_DeInit), (8 bytes).
    Removing stm32h5xx_hal_tim.o(.text.HAL_TIM_Encoder_MspDeInit), (2 bytes).
    Removing stm32h5xx_hal_tim.o(.ARM.exidx.text.HAL_TIM_Encoder_MspDeInit), (8 bytes).
    Removing stm32h5xx_hal_tim.o(.text.HAL_TIM_Encoder_Start), (188 bytes).
    Removing stm32h5xx_hal_tim.o(.ARM.exidx.text.HAL_TIM_Encoder_Start), (8 bytes).
    Removing stm32h5xx_hal_tim.o(.text.HAL_TIM_Encoder_Stop), (174 bytes).
    Removing stm32h5xx_hal_tim.o(.ARM.exidx.text.HAL_TIM_Encoder_Stop), (8 bytes).
    Removing stm32h5xx_hal_tim.o(.text.HAL_TIM_Encoder_Start_IT), (230 bytes).
    Removing stm32h5xx_hal_tim.o(.ARM.exidx.text.HAL_TIM_Encoder_Start_IT), (8 bytes).
    Removing stm32h5xx_hal_tim.o(.text.HAL_TIM_Encoder_Stop_IT), (210 bytes).
    Removing stm32h5xx_hal_tim.o(.ARM.exidx.text.HAL_TIM_Encoder_Stop_IT), (8 bytes).
    Removing stm32h5xx_hal_tim.o(.text.HAL_TIM_Encoder_Start_DMA), (632 bytes).
    Removing stm32h5xx_hal_tim.o(.ARM.exidx.text.HAL_TIM_Encoder_Start_DMA), (8 bytes).
    Removing stm32h5xx_hal_tim.o(.text.HAL_TIM_Encoder_Stop_DMA), (232 bytes).
    Removing stm32h5xx_hal_tim.o(.ARM.exidx.text.HAL_TIM_Encoder_Stop_DMA), (8 bytes).
    Removing stm32h5xx_hal_tim.o(.text.HAL_TIM_IRQHandler), (460 bytes).
    Removing stm32h5xx_hal_tim.o(.ARM.exidx.text.HAL_TIM_IRQHandler), (8 bytes).
    Removing stm32h5xx_hal_tim.o(.text.HAL_TIM_IC_CaptureCallback), (2 bytes).
    Removing stm32h5xx_hal_tim.o(.ARM.exidx.text.HAL_TIM_IC_CaptureCallback), (8 bytes).
    Removing stm32h5xx_hal_tim.o(.text.HAL_TIM_OC_DelayElapsedCallback), (2 bytes).
    Removing stm32h5xx_hal_tim.o(.ARM.exidx.text.HAL_TIM_OC_DelayElapsedCallback), (8 bytes).
    Removing stm32h5xx_hal_tim.o(.text.HAL_TIM_PWM_PulseFinishedCallback), (2 bytes).
    Removing stm32h5xx_hal_tim.o(.ARM.exidx.text.HAL_TIM_PWM_PulseFinishedCallback), (8 bytes).
    Removing stm32h5xx_hal_tim.o(.text.HAL_TIM_PeriodElapsedCallback), (2 bytes).
    Removing stm32h5xx_hal_tim.o(.ARM.exidx.text.HAL_TIM_PeriodElapsedCallback), (8 bytes).
    Removing stm32h5xx_hal_tim.o(.text.HAL_TIM_TriggerCallback), (2 bytes).
    Removing stm32h5xx_hal_tim.o(.ARM.exidx.text.HAL_TIM_TriggerCallback), (8 bytes).
    Removing stm32h5xx_hal_tim.o(.text.HAL_TIM_OC_ConfigChannel), (652 bytes).
    Removing stm32h5xx_hal_tim.o(.ARM.exidx.text.HAL_TIM_OC_ConfigChannel), (8 bytes).
    Removing stm32h5xx_hal_tim.o(.text.TIM_OC2_SetConfig), (104 bytes).
    Removing stm32h5xx_hal_tim.o(.ARM.exidx.text.TIM_OC2_SetConfig), (8 bytes).
    Removing stm32h5xx_hal_tim.o(.text.HAL_TIM_IC_ConfigChannel), (358 bytes).
    Removing stm32h5xx_hal_tim.o(.ARM.exidx.text.HAL_TIM_IC_ConfigChannel), (8 bytes).
    Removing stm32h5xx_hal_tim.o(.text.TIM_TI1_SetConfig), (84 bytes).
    Removing stm32h5xx_hal_tim.o(.ARM.exidx.text.TIM_TI1_SetConfig), (8 bytes).
    Removing stm32h5xx_hal_tim.o(.ARM.exidx.text.HAL_TIM_PWM_ConfigChannel), (8 bytes).
    Removing stm32h5xx_hal_tim.o(.text.HAL_TIM_OnePulse_ConfigChannel), (476 bytes).
    Removing stm32h5xx_hal_tim.o(.ARM.exidx.text.HAL_TIM_OnePulse_ConfigChannel), (8 bytes).
    Removing stm32h5xx_hal_tim.o(.text.HAL_TIM_DMABurst_WriteStart), (336 bytes).
    Removing stm32h5xx_hal_tim.o(.ARM.exidx.text.HAL_TIM_DMABurst_WriteStart), (8 bytes).
    Removing stm32h5xx_hal_tim.o(.text.HAL_TIM_DMABurst_MultiWriteStart), (916 bytes).
    Removing stm32h5xx_hal_tim.o(.ARM.exidx.text.HAL_TIM_DMABurst_MultiWriteStart), (8 bytes).
    Removing stm32h5xx_hal_tim.o(.text.TIM_DMATriggerCplt), (6 bytes).
    Removing stm32h5xx_hal_tim.o(.ARM.exidx.text.TIM_DMATriggerCplt), (8 bytes).
    Removing stm32h5xx_hal_tim.o(.text.TIM_DMATriggerHalfCplt), (6 bytes).
    Removing stm32h5xx_hal_tim.o(.ARM.exidx.text.TIM_DMATriggerHalfCplt), (8 bytes).
    Removing stm32h5xx_hal_tim.o(.text.HAL_TIM_DMABurst_WriteStop), (132 bytes).
    Removing stm32h5xx_hal_tim.o(.ARM.exidx.text.HAL_TIM_DMABurst_WriteStop), (8 bytes).
    Removing stm32h5xx_hal_tim.o(.text.HAL_TIM_DMABurst_ReadStart), (336 bytes).
    Removing stm32h5xx_hal_tim.o(.ARM.exidx.text.HAL_TIM_DMABurst_ReadStart), (8 bytes).
    Removing stm32h5xx_hal_tim.o(.text.HAL_TIM_DMABurst_MultiReadStart), (916 bytes).
    Removing stm32h5xx_hal_tim.o(.ARM.exidx.text.HAL_TIM_DMABurst_MultiReadStart), (8 bytes).
    Removing stm32h5xx_hal_tim.o(.text.HAL_TIM_DMABurst_ReadStop), (132 bytes).
    Removing stm32h5xx_hal_tim.o(.ARM.exidx.text.HAL_TIM_DMABurst_ReadStop), (8 bytes).
    Removing stm32h5xx_hal_tim.o(.text.HAL_TIM_GenerateEvent), (36 bytes).
    Removing stm32h5xx_hal_tim.o(.ARM.exidx.text.HAL_TIM_GenerateEvent), (8 bytes).
    Removing stm32h5xx_hal_tim.o(.text.HAL_TIM_ConfigOCrefClear), (288 bytes).
    Removing stm32h5xx_hal_tim.o(.ARM.exidx.text.HAL_TIM_ConfigOCrefClear), (8 bytes).
    Removing stm32h5xx_hal_tim.o(.text.TIM_ETR_SetConfig), (20 bytes).
    Removing stm32h5xx_hal_tim.o(.ARM.exidx.text.TIM_ETR_SetConfig), (8 bytes).
    Removing stm32h5xx_hal_tim.o(.ARM.exidx.text.HAL_TIM_ConfigClockSource), (8 bytes).
    Removing stm32h5xx_hal_tim.o(.text.HAL_TIM_ConfigTI1Input), (16 bytes).
    Removing stm32h5xx_hal_tim.o(.ARM.exidx.text.HAL_TIM_ConfigTI1Input), (8 bytes).
    Removing stm32h5xx_hal_tim.o(.text.HAL_TIM_SlaveConfigSynchro), (88 bytes).
    Removing stm32h5xx_hal_tim.o(.ARM.exidx.text.HAL_TIM_SlaveConfigSynchro), (8 bytes).
    Removing stm32h5xx_hal_tim.o(.text.TIM_SlaveTimer_SetConfig), (424 bytes).
    Removing stm32h5xx_hal_tim.o(.ARM.exidx.text.TIM_SlaveTimer_SetConfig), (8 bytes).
    Removing stm32h5xx_hal_tim.o(.text.HAL_TIM_SlaveConfigSynchro_IT), (88 bytes).
    Removing stm32h5xx_hal_tim.o(.ARM.exidx.text.HAL_TIM_SlaveConfigSynchro_IT), (8 bytes).
    Removing stm32h5xx_hal_tim.o(.text.HAL_TIM_ReadCapturedValue), (52 bytes).
    Removing stm32h5xx_hal_tim.o(.ARM.exidx.text.HAL_TIM_ReadCapturedValue), (8 bytes).
    Removing stm32h5xx_hal_tim.o(.text.HAL_TIM_PeriodElapsedHalfCpltCallback), (2 bytes).
    Removing stm32h5xx_hal_tim.o(.ARM.exidx.text.HAL_TIM_PeriodElapsedHalfCpltCallback), (8 bytes).
    Removing stm32h5xx_hal_tim.o(.text.HAL_TIM_IC_CaptureHalfCpltCallback), (2 bytes).
    Removing stm32h5xx_hal_tim.o(.ARM.exidx.text.HAL_TIM_IC_CaptureHalfCpltCallback), (8 bytes).
    Removing stm32h5xx_hal_tim.o(.text.HAL_TIM_PWM_PulseFinishedHalfCpltCallback), (2 bytes).
    Removing stm32h5xx_hal_tim.o(.ARM.exidx.text.HAL_TIM_PWM_PulseFinishedHalfCpltCallback), (8 bytes).
    Removing stm32h5xx_hal_tim.o(.text.HAL_TIM_TriggerHalfCpltCallback), (2 bytes).
    Removing stm32h5xx_hal_tim.o(.ARM.exidx.text.HAL_TIM_TriggerHalfCpltCallback), (8 bytes).
    Removing stm32h5xx_hal_tim.o(.text.HAL_TIM_ErrorCallback), (2 bytes).
    Removing stm32h5xx_hal_tim.o(.ARM.exidx.text.HAL_TIM_ErrorCallback), (8 bytes).
    Removing stm32h5xx_hal_tim.o(.text.HAL_TIM_Base_GetState), (6 bytes).
    Removing stm32h5xx_hal_tim.o(.ARM.exidx.text.HAL_TIM_Base_GetState), (8 bytes).
    Removing stm32h5xx_hal_tim.o(.text.HAL_TIM_OC_GetState), (6 bytes).
    Removing stm32h5xx_hal_tim.o(.ARM.exidx.text.HAL_TIM_OC_GetState), (8 bytes).
    Removing stm32h5xx_hal_tim.o(.text.HAL_TIM_PWM_GetState), (6 bytes).
    Removing stm32h5xx_hal_tim.o(.ARM.exidx.text.HAL_TIM_PWM_GetState), (8 bytes).
    Removing stm32h5xx_hal_tim.o(.text.HAL_TIM_IC_GetState), (6 bytes).
    Removing stm32h5xx_hal_tim.o(.ARM.exidx.text.HAL_TIM_IC_GetState), (8 bytes).
    Removing stm32h5xx_hal_tim.o(.text.HAL_TIM_OnePulse_GetState), (6 bytes).
    Removing stm32h5xx_hal_tim.o(.ARM.exidx.text.HAL_TIM_OnePulse_GetState), (8 bytes).
    Removing stm32h5xx_hal_tim.o(.text.HAL_TIM_Encoder_GetState), (6 bytes).
    Removing stm32h5xx_hal_tim.o(.ARM.exidx.text.HAL_TIM_Encoder_GetState), (8 bytes).
    Removing stm32h5xx_hal_tim.o(.text.HAL_TIM_GetActiveChannel), (4 bytes).
    Removing stm32h5xx_hal_tim.o(.ARM.exidx.text.HAL_TIM_GetActiveChannel), (8 bytes).
    Removing stm32h5xx_hal_tim.o(.text.HAL_TIM_GetChannelState), (66 bytes).
    Removing stm32h5xx_hal_tim.o(.ARM.exidx.text.HAL_TIM_GetChannelState), (8 bytes).
    Removing stm32h5xx_hal_tim.o(.text.HAL_TIM_DMABurstState), (6 bytes).
    Removing stm32h5xx_hal_tim.o(.ARM.exidx.text.HAL_TIM_DMABurstState), (8 bytes).
    Removing stm32h5xx_hal_tim_ex.o(.text), (0 bytes).
    Removing stm32h5xx_hal_tim_ex.o(.text.HAL_TIMEx_HallSensor_Init), (212 bytes).
    Removing stm32h5xx_hal_tim_ex.o(.ARM.exidx.text.HAL_TIMEx_HallSensor_Init), (8 bytes).
    Removing stm32h5xx_hal_tim_ex.o(.text.HAL_TIMEx_HallSensor_MspInit), (2 bytes).
    Removing stm32h5xx_hal_tim_ex.o(.ARM.exidx.text.HAL_TIMEx_HallSensor_MspInit), (8 bytes).
    Removing stm32h5xx_hal_tim_ex.o(.text.HAL_TIMEx_HallSensor_DeInit), (80 bytes).
    Removing stm32h5xx_hal_tim_ex.o(.ARM.exidx.text.HAL_TIMEx_HallSensor_DeInit), (8 bytes).
    Removing stm32h5xx_hal_tim_ex.o(.text.HAL_TIMEx_HallSensor_MspDeInit), (2 bytes).
    Removing stm32h5xx_hal_tim_ex.o(.ARM.exidx.text.HAL_TIMEx_HallSensor_MspDeInit), (8 bytes).
    Removing stm32h5xx_hal_tim_ex.o(.text.HAL_TIMEx_HallSensor_Start), (140 bytes).
    Removing stm32h5xx_hal_tim_ex.o(.ARM.exidx.text.HAL_TIMEx_HallSensor_Start), (8 bytes).
    Removing stm32h5xx_hal_tim_ex.o(.text.HAL_TIMEx_HallSensor_Stop), (66 bytes).
    Removing stm32h5xx_hal_tim_ex.o(.ARM.exidx.text.HAL_TIMEx_HallSensor_Stop), (8 bytes).
    Removing stm32h5xx_hal_tim_ex.o(.text.HAL_TIMEx_HallSensor_Start_IT), (148 bytes).
    Removing stm32h5xx_hal_tim_ex.o(.ARM.exidx.text.HAL_TIMEx_HallSensor_Start_IT), (8 bytes).
    Removing stm32h5xx_hal_tim_ex.o(.text.HAL_TIMEx_HallSensor_Stop_IT), (74 bytes).
    Removing stm32h5xx_hal_tim_ex.o(.ARM.exidx.text.HAL_TIMEx_HallSensor_Stop_IT), (8 bytes).
    Removing stm32h5xx_hal_tim_ex.o(.text.HAL_TIMEx_HallSensor_Start_DMA), (218 bytes).
    Removing stm32h5xx_hal_tim_ex.o(.ARM.exidx.text.HAL_TIMEx_HallSensor_Start_DMA), (8 bytes).
    Removing stm32h5xx_hal_tim_ex.o(.text.HAL_TIMEx_HallSensor_Stop_DMA), (74 bytes).
    Removing stm32h5xx_hal_tim_ex.o(.ARM.exidx.text.HAL_TIMEx_HallSensor_Stop_DMA), (8 bytes).
    Removing stm32h5xx_hal_tim_ex.o(.text.HAL_TIMEx_OCN_Start), (184 bytes).
    Removing stm32h5xx_hal_tim_ex.o(.ARM.exidx.text.HAL_TIMEx_OCN_Start), (8 bytes).
    Removing stm32h5xx_hal_tim_ex.o(.text.HAL_TIMEx_OCN_Stop), (146 bytes).
    Removing stm32h5xx_hal_tim_ex.o(.ARM.exidx.text.HAL_TIMEx_OCN_Stop), (8 bytes).
    Removing stm32h5xx_hal_tim_ex.o(.text.HAL_TIMEx_OCN_Start_IT), (240 bytes).
    Removing stm32h5xx_hal_tim_ex.o(.ARM.exidx.text.HAL_TIMEx_OCN_Start_IT), (8 bytes).
    Removing stm32h5xx_hal_tim_ex.o(.text.HAL_TIMEx_OCN_Stop_IT), (210 bytes).
    Removing stm32h5xx_hal_tim_ex.o(.ARM.exidx.text.HAL_TIMEx_OCN_Stop_IT), (8 bytes).
    Removing stm32h5xx_hal_tim_ex.o(.text.HAL_TIMEx_OCN_Start_DMA), (566 bytes).
    Removing stm32h5xx_hal_tim_ex.o(.ARM.exidx.text.HAL_TIMEx_OCN_Start_DMA), (8 bytes).
    Removing stm32h5xx_hal_tim_ex.o(.text.TIM_DMADelayPulseNCplt), (56 bytes).
    Removing stm32h5xx_hal_tim_ex.o(.ARM.exidx.text.TIM_DMADelayPulseNCplt), (8 bytes).
    Removing stm32h5xx_hal_tim_ex.o(.text.TIM_DMAErrorCCxN), (86 bytes).
    Removing stm32h5xx_hal_tim_ex.o(.ARM.exidx.text.TIM_DMAErrorCCxN), (8 bytes).
    Removing stm32h5xx_hal_tim_ex.o(.text.HAL_TIMEx_OCN_Stop_DMA), (224 bytes).
    Removing stm32h5xx_hal_tim_ex.o(.ARM.exidx.text.HAL_TIMEx_OCN_Stop_DMA), (8 bytes).
    Removing stm32h5xx_hal_tim_ex.o(.text.HAL_TIMEx_PWMN_Start), (184 bytes).
    Removing stm32h5xx_hal_tim_ex.o(.ARM.exidx.text.HAL_TIMEx_PWMN_Start), (8 bytes).
    Removing stm32h5xx_hal_tim_ex.o(.text.HAL_TIMEx_PWMN_Stop), (146 bytes).
    Removing stm32h5xx_hal_tim_ex.o(.ARM.exidx.text.HAL_TIMEx_PWMN_Stop), (8 bytes).
    Removing stm32h5xx_hal_tim_ex.o(.text.HAL_TIMEx_PWMN_Start_IT), (240 bytes).
    Removing stm32h5xx_hal_tim_ex.o(.ARM.exidx.text.HAL_TIMEx_PWMN_Start_IT), (8 bytes).
    Removing stm32h5xx_hal_tim_ex.o(.text.HAL_TIMEx_PWMN_Stop_IT), (210 bytes).
    Removing stm32h5xx_hal_tim_ex.o(.ARM.exidx.text.HAL_TIMEx_PWMN_Stop_IT), (8 bytes).
    Removing stm32h5xx_hal_tim_ex.o(.text.HAL_TIMEx_PWMN_Start_DMA), (566 bytes).
    Removing stm32h5xx_hal_tim_ex.o(.ARM.exidx.text.HAL_TIMEx_PWMN_Start_DMA), (8 bytes).
    Removing stm32h5xx_hal_tim_ex.o(.text.HAL_TIMEx_PWMN_Stop_DMA), (224 bytes).
    Removing stm32h5xx_hal_tim_ex.o(.ARM.exidx.text.HAL_TIMEx_PWMN_Stop_DMA), (8 bytes).
    Removing stm32h5xx_hal_tim_ex.o(.text.HAL_TIMEx_OnePulseN_Start), (118 bytes).
    Removing stm32h5xx_hal_tim_ex.o(.ARM.exidx.text.HAL_TIMEx_OnePulseN_Start), (8 bytes).
    Removing stm32h5xx_hal_tim_ex.o(.text.HAL_TIMEx_OnePulseN_Stop), (128 bytes).
    Removing stm32h5xx_hal_tim_ex.o(.ARM.exidx.text.HAL_TIMEx_OnePulseN_Stop), (8 bytes).
    Removing stm32h5xx_hal_tim_ex.o(.text.HAL_TIMEx_OnePulseN_Start_IT), (134 bytes).
    Removing stm32h5xx_hal_tim_ex.o(.ARM.exidx.text.HAL_TIMEx_OnePulseN_Start_IT), (8 bytes).
    Removing stm32h5xx_hal_tim_ex.o(.text.HAL_TIMEx_OnePulseN_Stop_IT), (144 bytes).
    Removing stm32h5xx_hal_tim_ex.o(.ARM.exidx.text.HAL_TIMEx_OnePulseN_Stop_IT), (8 bytes).
    Removing stm32h5xx_hal_tim_ex.o(.text.HAL_TIMEx_ConfigCommutEvent), (120 bytes).
    Removing stm32h5xx_hal_tim_ex.o(.ARM.exidx.text.HAL_TIMEx_ConfigCommutEvent), (8 bytes).
    Removing stm32h5xx_hal_tim_ex.o(.text.HAL_TIMEx_ConfigCommutEvent_IT), (120 bytes).
    Removing stm32h5xx_hal_tim_ex.o(.ARM.exidx.text.HAL_TIMEx_ConfigCommutEvent_IT), (8 bytes).
    Removing stm32h5xx_hal_tim_ex.o(.text.HAL_TIMEx_ConfigCommutEvent_DMA), (156 bytes).
    Removing stm32h5xx_hal_tim_ex.o(.ARM.exidx.text.HAL_TIMEx_ConfigCommutEvent_DMA), (8 bytes).
    Removing stm32h5xx_hal_tim_ex.o(.text.TIMEx_DMACommutationCplt), (12 bytes).
    Removing stm32h5xx_hal_tim_ex.o(.ARM.exidx.text.TIMEx_DMACommutationCplt), (8 bytes).
    Removing stm32h5xx_hal_tim_ex.o(.text.TIMEx_DMACommutationHalfCplt), (12 bytes).
    Removing stm32h5xx_hal_tim_ex.o(.ARM.exidx.text.TIMEx_DMACommutationHalfCplt), (8 bytes).
    Removing stm32h5xx_hal_tim_ex.o(.ARM.exidx.text.HAL_TIMEx_MasterConfigSynchronization), (8 bytes).
    Removing stm32h5xx_hal_tim_ex.o(.ARM.exidx.text.HAL_TIMEx_ConfigBreakDeadTime), (8 bytes).
    Removing stm32h5xx_hal_tim_ex.o(.text.HAL_TIMEx_ConfigBreakInput), (144 bytes).
    Removing stm32h5xx_hal_tim_ex.o(.ARM.exidx.text.HAL_TIMEx_ConfigBreakInput), (8 bytes).
    Removing stm32h5xx_hal_tim_ex.o(.text.HAL_TIMEx_RemapConfig), (34 bytes).
    Removing stm32h5xx_hal_tim_ex.o(.ARM.exidx.text.HAL_TIMEx_RemapConfig), (8 bytes).
    Removing stm32h5xx_hal_tim_ex.o(.text.HAL_TIMEx_TISelection), (76 bytes).
    Removing stm32h5xx_hal_tim_ex.o(.ARM.exidx.text.HAL_TIMEx_TISelection), (8 bytes).
    Removing stm32h5xx_hal_tim_ex.o(.text.HAL_TIMEx_GroupChannel5), (48 bytes).
    Removing stm32h5xx_hal_tim_ex.o(.ARM.exidx.text.HAL_TIMEx_GroupChannel5), (8 bytes).
    Removing stm32h5xx_hal_tim_ex.o(.text.HAL_TIMEx_DisarmBreakInput), (80 bytes).
    Removing stm32h5xx_hal_tim_ex.o(.ARM.exidx.text.HAL_TIMEx_DisarmBreakInput), (8 bytes).
    Removing stm32h5xx_hal_tim_ex.o(.text.HAL_TIMEx_ReArmBreakInput), (142 bytes).
    Removing stm32h5xx_hal_tim_ex.o(.ARM.exidx.text.HAL_TIMEx_ReArmBreakInput), (8 bytes).
    Removing stm32h5xx_hal_tim_ex.o(.text.HAL_TIMEx_DitheringEnable), (14 bytes).
    Removing stm32h5xx_hal_tim_ex.o(.ARM.exidx.text.HAL_TIMEx_DitheringEnable), (8 bytes).
    Removing stm32h5xx_hal_tim_ex.o(.text.HAL_TIMEx_DitheringDisable), (14 bytes).
    Removing stm32h5xx_hal_tim_ex.o(.ARM.exidx.text.HAL_TIMEx_DitheringDisable), (8 bytes).
    Removing stm32h5xx_hal_tim_ex.o(.text.HAL_TIMEx_OC_ConfigPulseOnCompare), (56 bytes).
    Removing stm32h5xx_hal_tim_ex.o(.ARM.exidx.text.HAL_TIMEx_OC_ConfigPulseOnCompare), (8 bytes).
    Removing stm32h5xx_hal_tim_ex.o(.text.HAL_TIMEx_ConfigSlaveModePreload), (16 bytes).
    Removing stm32h5xx_hal_tim_ex.o(.ARM.exidx.text.HAL_TIMEx_ConfigSlaveModePreload), (8 bytes).
    Removing stm32h5xx_hal_tim_ex.o(.text.HAL_TIMEx_EnableSlaveModePreload), (14 bytes).
    Removing stm32h5xx_hal_tim_ex.o(.ARM.exidx.text.HAL_TIMEx_EnableSlaveModePreload), (8 bytes).
    Removing stm32h5xx_hal_tim_ex.o(.text.HAL_TIMEx_DisableSlaveModePreload), (14 bytes).
    Removing stm32h5xx_hal_tim_ex.o(.ARM.exidx.text.HAL_TIMEx_DisableSlaveModePreload), (8 bytes).
    Removing stm32h5xx_hal_tim_ex.o(.text.HAL_TIMEx_EnableDeadTimePreload), (14 bytes).
    Removing stm32h5xx_hal_tim_ex.o(.ARM.exidx.text.HAL_TIMEx_EnableDeadTimePreload), (8 bytes).
    Removing stm32h5xx_hal_tim_ex.o(.text.HAL_TIMEx_DisableDeadTimePreload), (14 bytes).
    Removing stm32h5xx_hal_tim_ex.o(.ARM.exidx.text.HAL_TIMEx_DisableDeadTimePreload), (8 bytes).
    Removing stm32h5xx_hal_tim_ex.o(.text.HAL_TIMEx_ConfigDeadTime), (16 bytes).
    Removing stm32h5xx_hal_tim_ex.o(.ARM.exidx.text.HAL_TIMEx_ConfigDeadTime), (8 bytes).
    Removing stm32h5xx_hal_tim_ex.o(.text.HAL_TIMEx_ConfigAsymmetricalDeadTime), (16 bytes).
    Removing stm32h5xx_hal_tim_ex.o(.ARM.exidx.text.HAL_TIMEx_ConfigAsymmetricalDeadTime), (8 bytes).
    Removing stm32h5xx_hal_tim_ex.o(.text.HAL_TIMEx_EnableAsymmetricalDeadTime), (14 bytes).
    Removing stm32h5xx_hal_tim_ex.o(.ARM.exidx.text.HAL_TIMEx_EnableAsymmetricalDeadTime), (8 bytes).
    Removing stm32h5xx_hal_tim_ex.o(.text.HAL_TIMEx_DisableAsymmetricalDeadTime), (14 bytes).
    Removing stm32h5xx_hal_tim_ex.o(.ARM.exidx.text.HAL_TIMEx_DisableAsymmetricalDeadTime), (8 bytes).
    Removing stm32h5xx_hal_tim_ex.o(.text.HAL_TIMEx_ConfigEncoderIndex), (84 bytes).
    Removing stm32h5xx_hal_tim_ex.o(.ARM.exidx.text.HAL_TIMEx_ConfigEncoderIndex), (8 bytes).
    Removing stm32h5xx_hal_tim_ex.o(.text.HAL_TIMEx_EnableEncoderIndex), (14 bytes).
    Removing stm32h5xx_hal_tim_ex.o(.ARM.exidx.text.HAL_TIMEx_EnableEncoderIndex), (8 bytes).
    Removing stm32h5xx_hal_tim_ex.o(.text.HAL_TIMEx_DisableEncoderIndex), (14 bytes).
    Removing stm32h5xx_hal_tim_ex.o(.ARM.exidx.text.HAL_TIMEx_DisableEncoderIndex), (8 bytes).
    Removing stm32h5xx_hal_tim_ex.o(.text.HAL_TIMEx_EnableEncoderFirstIndex), (14 bytes).
    Removing stm32h5xx_hal_tim_ex.o(.ARM.exidx.text.HAL_TIMEx_EnableEncoderFirstIndex), (8 bytes).
    Removing stm32h5xx_hal_tim_ex.o(.text.HAL_TIMEx_DisableEncoderFirstIndex), (14 bytes).
    Removing stm32h5xx_hal_tim_ex.o(.ARM.exidx.text.HAL_TIMEx_DisableEncoderFirstIndex), (8 bytes).
    Removing stm32h5xx_hal_tim_ex.o(.text.HAL_TIMEx_CommutCallback), (2 bytes).
    Removing stm32h5xx_hal_tim_ex.o(.ARM.exidx.text.HAL_TIMEx_CommutCallback), (8 bytes).
    Removing stm32h5xx_hal_tim_ex.o(.text.HAL_TIMEx_CommutHalfCpltCallback), (2 bytes).
    Removing stm32h5xx_hal_tim_ex.o(.ARM.exidx.text.HAL_TIMEx_CommutHalfCpltCallback), (8 bytes).
    Removing stm32h5xx_hal_tim_ex.o(.text.HAL_TIMEx_BreakCallback), (2 bytes).
    Removing stm32h5xx_hal_tim_ex.o(.ARM.exidx.text.HAL_TIMEx_BreakCallback), (8 bytes).
    Removing stm32h5xx_hal_tim_ex.o(.text.HAL_TIMEx_Break2Callback), (2 bytes).
    Removing stm32h5xx_hal_tim_ex.o(.ARM.exidx.text.HAL_TIMEx_Break2Callback), (8 bytes).
    Removing stm32h5xx_hal_tim_ex.o(.text.HAL_TIMEx_EncoderIndexCallback), (2 bytes).
    Removing stm32h5xx_hal_tim_ex.o(.ARM.exidx.text.HAL_TIMEx_EncoderIndexCallback), (8 bytes).
    Removing stm32h5xx_hal_tim_ex.o(.text.HAL_TIMEx_DirectionChangeCallback), (2 bytes).
    Removing stm32h5xx_hal_tim_ex.o(.ARM.exidx.text.HAL_TIMEx_DirectionChangeCallback), (8 bytes).
    Removing stm32h5xx_hal_tim_ex.o(.text.HAL_TIMEx_IndexErrorCallback), (2 bytes).
    Removing stm32h5xx_hal_tim_ex.o(.ARM.exidx.text.HAL_TIMEx_IndexErrorCallback), (8 bytes).
    Removing stm32h5xx_hal_tim_ex.o(.text.HAL_TIMEx_TransitionErrorCallback), (2 bytes).
    Removing stm32h5xx_hal_tim_ex.o(.ARM.exidx.text.HAL_TIMEx_TransitionErrorCallback), (8 bytes).
    Removing stm32h5xx_hal_tim_ex.o(.text.HAL_TIMEx_HallSensor_GetState), (6 bytes).
    Removing stm32h5xx_hal_tim_ex.o(.ARM.exidx.text.HAL_TIMEx_HallSensor_GetState), (8 bytes).
    Removing stm32h5xx_hal_tim_ex.o(.text.HAL_TIMEx_GetChannelNState), (34 bytes).
    Removing stm32h5xx_hal_tim_ex.o(.ARM.exidx.text.HAL_TIMEx_GetChannelNState), (8 bytes).
    Removing stm32h5xx_hal_tim_ex.o(.rodata.cst16), (32 bytes).
    Removing system_stm32h5xx.o(.text), (0 bytes).
    Removing system_stm32h5xx.o(.ARM.exidx.text.SystemInit), (8 bytes).
    Removing system_stm32h5xx.o(.text.SystemCoreClockUpdate), (300 bytes).
    Removing system_stm32h5xx.o(.ARM.exidx.text.SystemCoreClockUpdate), (8 bytes).
    Removing system_stm32h5xx.o(.rodata.APBPrescTable), (8 bytes).

921 unused section(s) (total 62542 bytes) removed from the image.

==============================================================================

Image Symbol Table

    Local Symbols

    Symbol Name                              Value     Ov Type        Size  Object(Section)

    ../clib/microlib/init/entry.s            0x00000000   Number         0  entry.o ABSOLUTE
    ../clib/microlib/init/entry.s            0x00000000   Number         0  entry2.o ABSOLUTE
    ../clib/microlib/init/entry.s            0x00000000   Number         0  entry5.o ABSOLUTE
    ../clib/microlib/init/entry.s            0x00000000   Number         0  entry7a.o ABSOLUTE
    ../clib/microlib/init/entry.s            0x00000000   Number         0  entry7b.o ABSOLUTE
    ../clib/microlib/init/entry.s            0x00000000   Number         0  entry8a.o ABSOLUTE
    ../clib/microlib/init/entry.s            0x00000000   Number         0  entry8b.o ABSOLUTE
    ../clib/microlib/init/entry.s            0x00000000   Number         0  entry9a.o ABSOLUTE
    ../clib/microlib/init/entry.s            0x00000000   Number         0  entry9b.o ABSOLUTE
    ../clib/microlib/init/entry.s            0x00000000   Number         0  entry10a.o ABSOLUTE
    ../clib/microlib/init/entry.s            0x00000000   Number         0  entry10b.o ABSOLUTE
    ../clib/microlib/init/entry.s            0x00000000   Number         0  entry11a.o ABSOLUTE
    ../clib/microlib/init/entry.s            0x00000000   Number         0  entry11b.o ABSOLUTE
    ../clib/microlib/string/memset.c         0x00000000   Number         0  memseta.o ABSOLUTE
    STSPIN220.c                              0x00000000   Number         0  stspin220.o ABSOLUTE
    dc.s                                     0x00000000   Number         0  dc.o ABSOLUTE
    gpio.c                                   0x00000000   Number         0  gpio.o ABSOLUTE
    handlers.s                               0x00000000   Number         0  handlers.o ABSOLUTE
    init.s                                   0x00000000   Number         0  init.o ABSOLUTE
    main.c                                   0x00000000   Number         0  main.o ABSOLUTE
    startup_stm32h503xx.s                    0x00000000   Number         0  startup_stm32h503xx.o ABSOLUTE
    stm32h5xx_hal.c                          0x00000000   Number         0  stm32h5xx_hal.o ABSOLUTE
    stm32h5xx_hal_cortex.c                   0x00000000   Number         0  stm32h5xx_hal_cortex.o ABSOLUTE
    stm32h5xx_hal_dma.c                      0x00000000   Number         0  stm32h5xx_hal_dma.o ABSOLUTE
    stm32h5xx_hal_dma_ex.c                   0x00000000   Number         0  stm32h5xx_hal_dma_ex.o ABSOLUTE
    stm32h5xx_hal_exti.c                     0x00000000   Number         0  stm32h5xx_hal_exti.o ABSOLUTE
    stm32h5xx_hal_flash.c                    0x00000000   Number         0  stm32h5xx_hal_flash.o ABSOLUTE
    stm32h5xx_hal_flash_ex.c                 0x00000000   Number         0  stm32h5xx_hal_flash_ex.o ABSOLUTE
    stm32h5xx_hal_gpio.c                     0x00000000   Number         0  stm32h5xx_hal_gpio.o ABSOLUTE
    stm32h5xx_hal_msp.c                      0x00000000   Number         0  stm32h5xx_hal_msp.o ABSOLUTE
    stm32h5xx_hal_pwr.c                      0x00000000   Number         0  stm32h5xx_hal_pwr.o ABSOLUTE
    stm32h5xx_hal_pwr_ex.c                   0x00000000   Number         0  stm32h5xx_hal_pwr_ex.o ABSOLUTE
    stm32h5xx_hal_rcc.c                      0x00000000   Number         0  stm32h5xx_hal_rcc.o ABSOLUTE
    stm32h5xx_hal_rcc_ex.c                   0x00000000   Number         0  stm32h5xx_hal_rcc_ex.o ABSOLUTE
    stm32h5xx_hal_tim.c                      0x00000000   Number         0  stm32h5xx_hal_tim.o ABSOLUTE
    stm32h5xx_hal_tim_ex.c                   0x00000000   Number         0  stm32h5xx_hal_tim_ex.o ABSOLUTE
    stm32h5xx_it.c                           0x00000000   Number         0  stm32h5xx_it.o ABSOLUTE
    system_stm32h5xx.c                       0x00000000   Number         0  system_stm32h5xx.o ABSOLUTE
    tim.c                                    0x00000000   Number         0  tim.o ABSOLUTE
    RESET                                    0x08000000   Section      600  startup_stm32h503xx.o(RESET)
    .ARM.Collect$$$$00000000                 0x08000258   Section        0  entry.o(.ARM.Collect$$$$00000000)
    .ARM.Collect$$$$00000001                 0x08000258   Section        4  entry2.o(.ARM.Collect$$$$00000001)
    .ARM.Collect$$$$00000004                 0x0800025c   Section        4  entry5.o(.ARM.Collect$$$$00000004)
    .ARM.Collect$$$$00000008                 0x08000260   Section        0  entry7b.o(.ARM.Collect$$$$00000008)
    .ARM.Collect$$$$0000000A                 0x08000260   Section        0  entry8b.o(.ARM.Collect$$$$0000000A)
    .ARM.Collect$$$$0000000B                 0x08000260   Section        8  entry9a.o(.ARM.Collect$$$$0000000B)
    __lit__00000000                          0x08000268   Data           4  entry2.o(.ARM.Collect$$$$00002712)
    .ARM.Collect$$$$0000000D                 0x08000268   Section        0  entry10a.o(.ARM.Collect$$$$0000000D)
    .ARM.Collect$$$$0000000F                 0x08000268   Section        0  entry11a.o(.ARM.Collect$$$$0000000F)
    .ARM.Collect$$$$00002712                 0x08000268   Section        4  entry2.o(.ARM.Collect$$$$00002712)
    $v0                                      0x0800026c   Number         0  startup_stm32h503xx.o(.text)
    .text                                    0x0800026c   Section       40  startup_stm32h503xx.o(.text)
    .text                                    0x08000294   Section        0  memseta.o(.text)
    .text                                    0x080002b8   Section       36  init.o(.text)
    [Anonymous Symbol]                       0x080002dc   Section        0  stm32h5xx_it.o(.text.BusFault_Handler)
    [Anonymous Symbol]                       0x080002e0   Section        0  stm32h5xx_it.o(.text.DebugMon_Handler)
    [Anonymous Symbol]                       0x080002e4   Section        0  main.o(.text.Error_Handler)
    [Anonymous Symbol]                       0x080002ec   Section        0  stm32h5xx_hal.o(.text.HAL_Delay)
    [Anonymous Symbol]                       0x08000314   Section        0  stm32h5xx_hal_gpio.o(.text.HAL_GPIO_Init)
    [Anonymous Symbol]                       0x080004a4   Section        0  stm32h5xx_hal_gpio.o(.text.HAL_GPIO_WritePin)
    [Anonymous Symbol]                       0x080004b0   Section        0  stm32h5xx_hal.o(.text.HAL_GetTick)
    [Anonymous Symbol]                       0x080004bc   Section        0  stm32h5xx_hal.o(.text.HAL_IncTick)
    [Anonymous Symbol]                       0x080004d8   Section        0  stm32h5xx_hal.o(.text.HAL_Init)
    [Anonymous Symbol]                       0x08000524   Section        0  stm32h5xx_hal.o(.text.HAL_InitTick)
    [Anonymous Symbol]                       0x080005d0   Section        0  stm32h5xx_hal_msp.o(.text.HAL_MspInit)
    [Anonymous Symbol]                       0x080005d4   Section        0  stm32h5xx_hal_cortex.o(.text.HAL_NVIC_SetPriority)
    [Anonymous Symbol]                       0x0800062c   Section        0  stm32h5xx_hal_cortex.o(.text.HAL_NVIC_SetPriorityGrouping)
    [Anonymous Symbol]                       0x0800064c   Section        0  stm32h5xx_hal_rcc.o(.text.HAL_RCC_ClockConfig)
    [Anonymous Symbol]                       0x080008bc   Section        0  stm32h5xx_hal_rcc.o(.text.HAL_RCC_GetSysClockFreq)
    [Anonymous Symbol]                       0x080009e8   Section        0  stm32h5xx_hal_rcc.o(.text.HAL_RCC_OscConfig)
    [Anonymous Symbol]                       0x08001034   Section        0  stm32h5xx_hal_cortex.o(.text.HAL_SYSTICK_CLKSourceConfig)
    [Anonymous Symbol]                       0x080010c4   Section        0  stm32h5xx_hal_cortex.o(.text.HAL_SYSTICK_Config)
    [Anonymous Symbol]                       0x080010e8   Section        0  stm32h5xx_hal_cortex.o(.text.HAL_SYSTICK_GetCLKSourceConfig)
    [Anonymous Symbol]                       0x08001118   Section        0  stm32h5xx_hal_tim_ex.o(.text.HAL_TIMEx_ConfigBreakDeadTime)
    [Anonymous Symbol]                       0x080011d8   Section        0  stm32h5xx_hal_tim_ex.o(.text.HAL_TIMEx_MasterConfigSynchronization)
    [Anonymous Symbol]                       0x08001248   Section        0  stm32h5xx_hal_tim.o(.text.HAL_TIM_Base_Init)
    [Anonymous Symbol]                       0x08001320   Section        0  tim.o(.text.HAL_TIM_Base_MspInit)
    [Anonymous Symbol]                       0x08001354   Section        0  stm32h5xx_hal_tim.o(.text.HAL_TIM_ConfigClockSource)
    [Anonymous Symbol]                       0x08001580   Section        0  stm32h5xx_hal_tim.o(.text.HAL_TIM_PWM_ConfigChannel)
    [Anonymous Symbol]                       0x080018a4   Section        0  stm32h5xx_hal_tim.o(.text.HAL_TIM_PWM_Init)
    [Anonymous Symbol]                       0x0800197c   Section        0  stm32h5xx_hal_tim.o(.text.HAL_TIM_PWM_MspInit)
    [Anonymous Symbol]                       0x08001980   Section        0  stm32h5xx_hal_tim.o(.text.HAL_TIM_PWM_Start_IT)
    [Anonymous Symbol]                       0x08001ae4   Section        0  stm32h5xx_it.o(.text.HardFault_Handler)
    [Anonymous Symbol]                       0x08001ae8   Section        0  gpio.o(.text.MX_GPIO_Init)
    [Anonymous Symbol]                       0x08001b70   Section        0  tim.o(.text.MX_TIM1_Init)
    [Anonymous Symbol]                       0x08001cc8   Section        0  stm32h5xx_it.o(.text.MemManage_Handler)
    [Anonymous Symbol]                       0x08001ccc   Section        0  stm32h5xx_it.o(.text.NMI_Handler)
    [Anonymous Symbol]                       0x08001cd0   Section        0  stm32h5xx_it.o(.text.PendSV_Handler)
    [Anonymous Symbol]                       0x08001cd4   Section        0  stspin220.o(.text.STSPIN220_SetStepMode)
    [Anonymous Symbol]                       0x08001dcc   Section        0  stspin220.o(.text.STSPIN220_Stby)
    [Anonymous Symbol]                       0x08001de0   Section        0  stspin220.o(.text.STSPIN220_enable)
    [Anonymous Symbol]                       0x08001df8   Section        0  stspin220.o(.text.STSPIN220_setDirection)
    [Anonymous Symbol]                       0x08001e10   Section        0  stm32h5xx_it.o(.text.SVC_Handler)
    [Anonymous Symbol]                       0x08001e14   Section        0  stm32h5xx_it.o(.text.SysTick_Handler)
    [Anonymous Symbol]                       0x08001e18   Section        0  main.o(.text.SystemClock_Config)
    [Anonymous Symbol]                       0x08001ee0   Section        0  system_stm32h5xx.o(.text.SystemInit)
    [Anonymous Symbol]                       0x08001f88   Section        0  stm32h5xx_it.o(.text.UsageFault_Handler)
    [Anonymous Symbol]                       0x08001f8c   Section        0  main.o(.text.main)
    i.__scatterload_copy                     0x0800204a   Section       14  handlers.o(i.__scatterload_copy)
    i.__scatterload_null                     0x08002058   Section        2  handlers.o(i.__scatterload_null)
    i.__scatterload_zeroinit                 0x0800205a   Section       14  handlers.o(i.__scatterload_zeroinit)
    .Lswitch.table.HAL_TIM_IC_Start_IT       0x08002078   Data          16  stm32h5xx_hal_tim.o(.rodata.cst16)
    .Lswitch.table.HAL_TIM_IC_Stop_IT        0x08002088   Data          16  stm32h5xx_hal_tim.o(.rodata.cst16)
    .L_MergedGlobals                         0x20000000   Data           8  stm32h5xx_hal.o(.data..L_MergedGlobals)
    [Anonymous Symbol]                       0x20000000   Section        0  stm32h5xx_hal.o(.data..L_MergedGlobals)
    STACK                                    0x20000068   Section    16384  startup_stm32h503xx.o(STACK)

    Global Symbols

    Symbol Name                              Value     Ov Type        Size  Object(Section)

    BuildAttributes$$THM_ISAv4$E$P$D$K$B$S$7EM$8M$VFPi5$EXTD16$VFPS$VFMA$PE$A:L22UL41UL21$X:L11$S22US41US21$IEEE1$IW$~IW$USESV6$~STKCKD$USESV7$~SHL$OTIME$EBA8$MICROLIB$REQ8$PRES8$EABIv2 0x00000000   Number         0  anon$$obj.o ABSOLUTE
    __cpp_initialize__aeabi_                  - Undefined Weak Reference
    __cxa_finalize                            - Undefined Weak Reference
    __decompress                              - Undefined Weak Reference
    _clock_init                               - Undefined Weak Reference
    _microlib_exit                            - Undefined Weak Reference
    __Vectors_Size                           0x00000258   Number         0  startup_stm32h503xx.o ABSOLUTE
    __Vectors                                0x08000000   Data           4  startup_stm32h503xx.o(RESET)
    __Vectors_End                            0x08000258   Data           0  startup_stm32h503xx.o(RESET)
    __main                                   0x08000259   Thumb Code     0  entry.o(.ARM.Collect$$$$00000000)
    _main_stk                                0x08000259   Thumb Code     0  entry2.o(.ARM.Collect$$$$00000001)
    _main_scatterload                        0x0800025d   Thumb Code     0  entry5.o(.ARM.Collect$$$$00000004)
    __main_after_scatterload                 0x08000261   Thumb Code     0  entry5.o(.ARM.Collect$$$$00000004)
    _main_clock                              0x08000261   Thumb Code     0  entry7b.o(.ARM.Collect$$$$00000008)
    _main_cpp_init                           0x08000261   Thumb Code     0  entry8b.o(.ARM.Collect$$$$0000000A)
    _main_init                               0x08000261   Thumb Code     0  entry9a.o(.ARM.Collect$$$$0000000B)
    __rt_final_cpp                           0x08000269   Thumb Code     0  entry10a.o(.ARM.Collect$$$$0000000D)
    __rt_final_exit                          0x08000269   Thumb Code     0  entry11a.o(.ARM.Collect$$$$0000000F)
    Reset_Handler                            0x0800026d   Thumb Code     8  startup_stm32h503xx.o(.text)
    SecureFault_Handler                      0x0800027f   Thumb Code     2  startup_stm32h503xx.o(.text)
    ADC1_IRQHandler                          0x08000289   Thumb Code     0  startup_stm32h503xx.o(.text)
    COMP1_IRQHandler                         0x08000289   Thumb Code     0  startup_stm32h503xx.o(.text)
    CRS_IRQHandler                           0x08000289   Thumb Code     0  startup_stm32h503xx.o(.text)
    DAC1_IRQHandler                          0x08000289   Thumb Code     0  startup_stm32h503xx.o(.text)
    DTS_IRQHandler                           0x08000289   Thumb Code     0  startup_stm32h503xx.o(.text)
    EXTI0_IRQHandler                         0x08000289   Thumb Code     0  startup_stm32h503xx.o(.text)
    EXTI10_IRQHandler                        0x08000289   Thumb Code     0  startup_stm32h503xx.o(.text)
    EXTI11_IRQHandler                        0x08000289   Thumb Code     0  startup_stm32h503xx.o(.text)
    EXTI12_IRQHandler                        0x08000289   Thumb Code     0  startup_stm32h503xx.o(.text)
    EXTI13_IRQHandler                        0x08000289   Thumb Code     0  startup_stm32h503xx.o(.text)
    EXTI14_IRQHandler                        0x08000289   Thumb Code     0  startup_stm32h503xx.o(.text)
    EXTI15_IRQHandler                        0x08000289   Thumb Code     0  startup_stm32h503xx.o(.text)
    EXTI1_IRQHandler                         0x08000289   Thumb Code     0  startup_stm32h503xx.o(.text)
    EXTI2_IRQHandler                         0x08000289   Thumb Code     0  startup_stm32h503xx.o(.text)
    EXTI3_IRQHandler                         0x08000289   Thumb Code     0  startup_stm32h503xx.o(.text)
    EXTI4_IRQHandler                         0x08000289   Thumb Code     0  startup_stm32h503xx.o(.text)
    EXTI5_IRQHandler                         0x08000289   Thumb Code     0  startup_stm32h503xx.o(.text)
    EXTI6_IRQHandler                         0x08000289   Thumb Code     0  startup_stm32h503xx.o(.text)
    EXTI7_IRQHandler                         0x08000289   Thumb Code     0  startup_stm32h503xx.o(.text)
    EXTI8_IRQHandler                         0x08000289   Thumb Code     0  startup_stm32h503xx.o(.text)
    EXTI9_IRQHandler                         0x08000289   Thumb Code     0  startup_stm32h503xx.o(.text)
    FDCAN1_IT0_IRQHandler                    0x08000289   Thumb Code     0  startup_stm32h503xx.o(.text)
    FDCAN1_IT1_IRQHandler                    0x08000289   Thumb Code     0  startup_stm32h503xx.o(.text)
    FLASH_IRQHandler                         0x08000289   Thumb Code     0  startup_stm32h503xx.o(.text)
    FPU_IRQHandler                           0x08000289   Thumb Code     0  startup_stm32h503xx.o(.text)
    GPDMA1_Channel0_IRQHandler               0x08000289   Thumb Code     0  startup_stm32h503xx.o(.text)
    GPDMA1_Channel1_IRQHandler               0x08000289   Thumb Code     0  startup_stm32h503xx.o(.text)
    GPDMA1_Channel2_IRQHandler               0x08000289   Thumb Code     0  startup_stm32h503xx.o(.text)
    GPDMA1_Channel3_IRQHandler               0x08000289   Thumb Code     0  startup_stm32h503xx.o(.text)
    GPDMA1_Channel4_IRQHandler               0x08000289   Thumb Code     0  startup_stm32h503xx.o(.text)
    GPDMA1_Channel5_IRQHandler               0x08000289   Thumb Code     0  startup_stm32h503xx.o(.text)
    GPDMA1_Channel6_IRQHandler               0x08000289   Thumb Code     0  startup_stm32h503xx.o(.text)
    GPDMA1_Channel7_IRQHandler               0x08000289   Thumb Code     0  startup_stm32h503xx.o(.text)
    GPDMA2_Channel0_IRQHandler               0x08000289   Thumb Code     0  startup_stm32h503xx.o(.text)
    GPDMA2_Channel1_IRQHandler               0x08000289   Thumb Code     0  startup_stm32h503xx.o(.text)
    GPDMA2_Channel2_IRQHandler               0x08000289   Thumb Code     0  startup_stm32h503xx.o(.text)
    GPDMA2_Channel3_IRQHandler               0x08000289   Thumb Code     0  startup_stm32h503xx.o(.text)
    GPDMA2_Channel4_IRQHandler               0x08000289   Thumb Code     0  startup_stm32h503xx.o(.text)
    GPDMA2_Channel5_IRQHandler               0x08000289   Thumb Code     0  startup_stm32h503xx.o(.text)
    GPDMA2_Channel6_IRQHandler               0x08000289   Thumb Code     0  startup_stm32h503xx.o(.text)
    GPDMA2_Channel7_IRQHandler               0x08000289   Thumb Code     0  startup_stm32h503xx.o(.text)
    GTZC_IRQHandler                          0x08000289   Thumb Code     0  startup_stm32h503xx.o(.text)
    HASH_IRQHandler                          0x08000289   Thumb Code     0  startup_stm32h503xx.o(.text)
    I2C1_ER_IRQHandler                       0x08000289   Thumb Code     0  startup_stm32h503xx.o(.text)
    I2C1_EV_IRQHandler                       0x08000289   Thumb Code     0  startup_stm32h503xx.o(.text)
    I2C2_ER_IRQHandler                       0x08000289   Thumb Code     0  startup_stm32h503xx.o(.text)
    I2C2_EV_IRQHandler                       0x08000289   Thumb Code     0  startup_stm32h503xx.o(.text)
    I3C1_ER_IRQHandler                       0x08000289   Thumb Code     0  startup_stm32h503xx.o(.text)
    I3C1_EV_IRQHandler                       0x08000289   Thumb Code     0  startup_stm32h503xx.o(.text)
    I3C2_ER_IRQHandler                       0x08000289   Thumb Code     0  startup_stm32h503xx.o(.text)
    I3C2_EV_IRQHandler                       0x08000289   Thumb Code     0  startup_stm32h503xx.o(.text)
    ICACHE_IRQHandler                        0x08000289   Thumb Code     0  startup_stm32h503xx.o(.text)
    IWDG_IRQHandler                          0x08000289   Thumb Code     0  startup_stm32h503xx.o(.text)
    LPTIM1_IRQHandler                        0x08000289   Thumb Code     0  startup_stm32h503xx.o(.text)
    LPTIM2_IRQHandler                        0x08000289   Thumb Code     0  startup_stm32h503xx.o(.text)
    LPUART1_IRQHandler                       0x08000289   Thumb Code     0  startup_stm32h503xx.o(.text)
    PVD_AVD_IRQHandler                       0x08000289   Thumb Code     0  startup_stm32h503xx.o(.text)
    RAMCFG_IRQHandler                        0x08000289   Thumb Code     0  startup_stm32h503xx.o(.text)
    RCC_IRQHandler                           0x08000289   Thumb Code     0  startup_stm32h503xx.o(.text)
    RNG_IRQHandler                           0x08000289   Thumb Code     0  startup_stm32h503xx.o(.text)
    RTC_IRQHandler                           0x08000289   Thumb Code     0  startup_stm32h503xx.o(.text)
    SPI1_IRQHandler                          0x08000289   Thumb Code     0  startup_stm32h503xx.o(.text)
    SPI2_IRQHandler                          0x08000289   Thumb Code     0  startup_stm32h503xx.o(.text)
    SPI3_IRQHandler                          0x08000289   Thumb Code     0  startup_stm32h503xx.o(.text)
    TAMP_IRQHandler                          0x08000289   Thumb Code     0  startup_stm32h503xx.o(.text)
    TIM1_BRK_IRQHandler                      0x08000289   Thumb Code     0  startup_stm32h503xx.o(.text)
    TIM1_CC_IRQHandler                       0x08000289   Thumb Code     0  startup_stm32h503xx.o(.text)
    TIM1_TRG_COM_IRQHandler                  0x08000289   Thumb Code     0  startup_stm32h503xx.o(.text)
    TIM1_UP_IRQHandler                       0x08000289   Thumb Code     0  startup_stm32h503xx.o(.text)
    TIM2_IRQHandler                          0x08000289   Thumb Code     0  startup_stm32h503xx.o(.text)
    TIM3_IRQHandler                          0x08000289   Thumb Code     0  startup_stm32h503xx.o(.text)
    TIM6_IRQHandler                          0x08000289   Thumb Code     0  startup_stm32h503xx.o(.text)
    TIM7_IRQHandler                          0x08000289   Thumb Code     0  startup_stm32h503xx.o(.text)
    USART1_IRQHandler                        0x08000289   Thumb Code     0  startup_stm32h503xx.o(.text)
    USART2_IRQHandler                        0x08000289   Thumb Code     0  startup_stm32h503xx.o(.text)
    USART3_IRQHandler                        0x08000289   Thumb Code     0  startup_stm32h503xx.o(.text)
    USB_DRD_FS_IRQHandler                    0x08000289   Thumb Code     0  startup_stm32h503xx.o(.text)
    WWDG_IRQHandler                          0x08000289   Thumb Code     0  startup_stm32h503xx.o(.text)
    __aeabi_memset                           0x08000295   Thumb Code    14  memseta.o(.text)
    __aeabi_memset4                          0x08000295   Thumb Code     0  memseta.o(.text)
    __aeabi_memset8                          0x08000295   Thumb Code     0  memseta.o(.text)
    __aeabi_memclr                           0x080002a3   Thumb Code     4  memseta.o(.text)
    __aeabi_memclr4                          0x080002a3   Thumb Code     0  memseta.o(.text)
    __aeabi_memclr8                          0x080002a3   Thumb Code     0  memseta.o(.text)
    _memset$wrapper                          0x080002a7   Thumb Code    18  memseta.o(.text)
    __scatterload                            0x080002b9   Thumb Code    28  init.o(.text)
    __scatterload_rt2                        0x080002b9   Thumb Code     0  init.o(.text)
    BusFault_Handler                         0x080002dd   Thumb Code     2  stm32h5xx_it.o(.text.BusFault_Handler)
    DebugMon_Handler                         0x080002e1   Thumb Code     2  stm32h5xx_it.o(.text.DebugMon_Handler)
    Error_Handler                            0x080002e5   Thumb Code     6  main.o(.text.Error_Handler)
    HAL_Delay                                0x080002ed   Thumb Code    40  stm32h5xx_hal.o(.text.HAL_Delay)
    HAL_GPIO_Init                            0x08000315   Thumb Code   398  stm32h5xx_hal_gpio.o(.text.HAL_GPIO_Init)
    HAL_GPIO_WritePin                        0x080004a5   Thumb Code    12  stm32h5xx_hal_gpio.o(.text.HAL_GPIO_WritePin)
    HAL_GetTick                              0x080004b1   Thumb Code    12  stm32h5xx_hal.o(.text.HAL_GetTick)
    HAL_IncTick                              0x080004bd   Thumb Code    26  stm32h5xx_hal.o(.text.HAL_IncTick)
    HAL_Init                                 0x080004d9   Thumb Code    76  stm32h5xx_hal.o(.text.HAL_Init)
    HAL_InitTick                             0x08000525   Thumb Code   170  stm32h5xx_hal.o(.text.HAL_InitTick)
    HAL_MspInit                              0x080005d1   Thumb Code     2  stm32h5xx_hal_msp.o(.text.HAL_MspInit)
    HAL_NVIC_SetPriority                     0x080005d5   Thumb Code    86  stm32h5xx_hal_cortex.o(.text.HAL_NVIC_SetPriority)
    HAL_NVIC_SetPriorityGrouping             0x0800062d   Thumb Code    32  stm32h5xx_hal_cortex.o(.text.HAL_NVIC_SetPriorityGrouping)
    HAL_RCC_ClockConfig                      0x0800064d   Thumb Code   622  stm32h5xx_hal_rcc.o(.text.HAL_RCC_ClockConfig)
    HAL_RCC_GetSysClockFreq                  0x080008bd   Thumb Code   300  stm32h5xx_hal_rcc.o(.text.HAL_RCC_GetSysClockFreq)
    HAL_RCC_OscConfig                        0x080009e9   Thumb Code  1610  stm32h5xx_hal_rcc.o(.text.HAL_RCC_OscConfig)
    HAL_SYSTICK_CLKSourceConfig              0x08001035   Thumb Code   142  stm32h5xx_hal_cortex.o(.text.HAL_SYSTICK_CLKSourceConfig)
    HAL_SYSTICK_Config                       0x080010c5   Thumb Code    36  stm32h5xx_hal_cortex.o(.text.HAL_SYSTICK_Config)
    HAL_SYSTICK_GetCLKSourceConfig           0x080010e9   Thumb Code    48  stm32h5xx_hal_cortex.o(.text.HAL_SYSTICK_GetCLKSourceConfig)
    HAL_TIMEx_ConfigBreakDeadTime            0x08001119   Thumb Code   192  stm32h5xx_hal_tim_ex.o(.text.HAL_TIMEx_ConfigBreakDeadTime)
    HAL_TIMEx_MasterConfigSynchronization    0x080011d9   Thumb Code   112  stm32h5xx_hal_tim_ex.o(.text.HAL_TIMEx_MasterConfigSynchronization)
    HAL_TIM_Base_Init                        0x08001249   Thumb Code   214  stm32h5xx_hal_tim.o(.text.HAL_TIM_Base_Init)
    HAL_TIM_Base_MspInit                     0x08001321   Thumb Code    50  tim.o(.text.HAL_TIM_Base_MspInit)
    HAL_TIM_ConfigClockSource                0x08001355   Thumb Code   556  stm32h5xx_hal_tim.o(.text.HAL_TIM_ConfigClockSource)
    HAL_TIM_PWM_ConfigChannel                0x08001581   Thumb Code   802  stm32h5xx_hal_tim.o(.text.HAL_TIM_PWM_ConfigChannel)
    HAL_TIM_PWM_Init                         0x080018a5   Thumb Code   214  stm32h5xx_hal_tim.o(.text.HAL_TIM_PWM_Init)
    HAL_TIM_PWM_MspInit                      0x0800197d   Thumb Code     2  stm32h5xx_hal_tim.o(.text.HAL_TIM_PWM_MspInit)
    HAL_TIM_PWM_Start_IT                     0x08001981   Thumb Code   356  stm32h5xx_hal_tim.o(.text.HAL_TIM_PWM_Start_IT)
    HardFault_Handler                        0x08001ae5   Thumb Code     2  stm32h5xx_it.o(.text.HardFault_Handler)
    MX_GPIO_Init                             0x08001ae9   Thumb Code   136  gpio.o(.text.MX_GPIO_Init)
    MX_TIM1_Init                             0x08001b71   Thumb Code   342  tim.o(.text.MX_TIM1_Init)
    MemManage_Handler                        0x08001cc9   Thumb Code     2  stm32h5xx_it.o(.text.MemManage_Handler)
    NMI_Handler                              0x08001ccd   Thumb Code     2  stm32h5xx_it.o(.text.NMI_Handler)
    PendSV_Handler                           0x08001cd1   Thumb Code     2  stm32h5xx_it.o(.text.PendSV_Handler)
    STSPIN220_SetStepMode                    0x08001cd5   Thumb Code   248  stspin220.o(.text.STSPIN220_SetStepMode)
    STSPIN220_Stby                           0x08001dcd   Thumb Code    18  stspin220.o(.text.STSPIN220_Stby)
    STSPIN220_enable                         0x08001de1   Thumb Code    22  stspin220.o(.text.STSPIN220_enable)
    STSPIN220_setDirection                   0x08001df9   Thumb Code    22  stspin220.o(.text.STSPIN220_setDirection)
    SVC_Handler                              0x08001e11   Thumb Code     2  stm32h5xx_it.o(.text.SVC_Handler)
    SysTick_Handler                          0x08001e15   Thumb Code     4  stm32h5xx_it.o(.text.SysTick_Handler)
    SystemClock_Config                       0x08001e19   Thumb Code   198  main.o(.text.SystemClock_Config)
    SystemInit                               0x08001ee1   Thumb Code   168  system_stm32h5xx.o(.text.SystemInit)
    UsageFault_Handler                       0x08001f89   Thumb Code     2  stm32h5xx_it.o(.text.UsageFault_Handler)
    main                                     0x08001f8d   Thumb Code   190  main.o(.text.main)
    __scatterload_copy                       0x0800204b   Thumb Code    14  handlers.o(i.__scatterload_copy)
    __scatterload_null                       0x08002059   Thumb Code     2  handlers.o(i.__scatterload_null)
    __scatterload_zeroinit                   0x0800205b   Thumb Code    14  handlers.o(i.__scatterload_zeroinit)
    AHBPrescTable                            0x08002068   Data          16  system_stm32h5xx.o(.rodata.AHBPrescTable)
    Region$$Table$$Base                      0x08002098   Number         0  anon$$obj.o(Region$$Table)
    Region$$Table$$Limit                     0x080020b8   Number         0  anon$$obj.o(Region$$Table)
    uwTickFreq                               0x20000000   Data           1  stm32h5xx_hal.o(.data..L_MergedGlobals)
    uwTickPrio                               0x20000004   Data           4  stm32h5xx_hal.o(.data..L_MergedGlobals)
    SystemCoreClock                          0x20000008   Data           4  system_stm32h5xx.o(.data.SystemCoreClock)
    STSPIN220_PwmNum                         0x20000010   Data           2  main.o(.bss.STSPIN220_PwmNum)
    htim1                                    0x20000014   Data          76  tim.o(.bss.htim1)
    uwTick                                   0x20000060   Data           4  stm32h5xx_hal.o(.bss.uwTick)
    __initial_sp                             0x20004068   Data           0  startup_stm32h503xx.o(STACK)



==============================================================================

Memory Map of the image

  Image Entry point : 0x08000259

  Load Region LR_IROM1 (Base: 0x08000000, Size: 0x000020c8, Max: 0x00020000, ABSOLUTE)

    Execution Region ER_IROM1 (Exec base: 0x08000000, Load base: 0x08000000, Size: 0x000020b8, Max: 0x00020000, ABSOLUTE)

    Exec Addr    Load Addr    Size         Type   Attr      Idx    E Section Name        Object

    0x08000000   0x08000000   0x00000258   Data   RO            3    RESET               startup_stm32h503xx.o
    0x08000258   0x08000258   0x00000000   Code   RO         1123  * .ARM.Collect$$$$00000000  mc_w.l(entry.o)
    0x08000258   0x08000258   0x00000004   Code   RO         1128    .ARM.Collect$$$$00000001  mc_w.l(entry2.o)
    0x0800025c   0x0800025c   0x00000004   Code   RO         1131    .ARM.Collect$$$$00000004  mc_w.l(entry5.o)
    0x08000260   0x08000260   0x00000000   Code   RO         1133    .ARM.Collect$$$$00000008  mc_w.l(entry7b.o)
    0x08000260   0x08000260   0x00000000   Code   RO         1135    .ARM.Collect$$$$0000000A  mc_w.l(entry8b.o)
    0x08000260   0x08000260   0x00000008   Code   RO         1136    .ARM.Collect$$$$0000000B  mc_w.l(entry9a.o)
    0x08000268   0x08000268   0x00000000   Code   RO         1138    .ARM.Collect$$$$0000000D  mc_w.l(entry10a.o)
    0x08000268   0x08000268   0x00000000   Code   RO         1140    .ARM.Collect$$$$0000000F  mc_w.l(entry11a.o)
    0x08000268   0x08000268   0x00000004   Code   RO         1129    .ARM.Collect$$$$00002712  mc_w.l(entry2.o)
    0x0800026c   0x0800026c   0x00000028   Code   RO            4    .text               startup_stm32h503xx.o
    0x08000294   0x08000294   0x00000024   Code   RO         1126    .text               mc_w.l(memseta.o)
    0x080002b8   0x080002b8   0x00000024   Code   RO         1142    .text               mc_w.l(init.o)
    0x080002dc   0x080002dc   0x00000002   Code   RO           78    .text.BusFault_Handler  stm32h5xx_it.o
    0x080002de   0x080002de   0x00000002   PAD
    0x080002e0   0x080002e0   0x00000002   Code   RO           84    .text.DebugMon_Handler  stm32h5xx_it.o
    0x080002e2   0x080002e2   0x00000002   PAD
    0x080002e4   0x080002e4   0x00000006   Code   RO           33    .text.Error_Handler  main.o
    0x080002ea   0x080002ea   0x00000002   PAD
    0x080002ec   0x080002ec   0x00000028   Code   RO          615    .text.HAL_Delay     stm32h5xx_hal.o
    0x08000314   0x08000314   0x0000018e   Code   RO          334    .text.HAL_GPIO_Init  stm32h5xx_hal_gpio.o
    0x080004a2   0x080004a2   0x00000002   PAD
    0x080004a4   0x080004a4   0x0000000c   Code   RO          340    .text.HAL_GPIO_WritePin  stm32h5xx_hal_gpio.o
    0x080004b0   0x080004b0   0x0000000c   Code   RO          607    .text.HAL_GetTick   stm32h5xx_hal.o
    0x080004bc   0x080004bc   0x0000001a   Code   RO          605    .text.HAL_IncTick   stm32h5xx_hal.o
    0x080004d6   0x080004d6   0x00000002   PAD
    0x080004d8   0x080004d8   0x0000004c   Code   RO          595    .text.HAL_Init      stm32h5xx_hal.o
    0x08000524   0x08000524   0x000000aa   Code   RO          597    .text.HAL_InitTick  stm32h5xx_hal.o
    0x080005ce   0x080005ce   0x00000002   PAD
    0x080005d0   0x080005d0   0x00000002   Code   RO           97    .text.HAL_MspInit   stm32h5xx_hal_msp.o
    0x080005d2   0x080005d2   0x00000002   PAD
    0x080005d4   0x080005d4   0x00000056   Code   RO          107    .text.HAL_NVIC_SetPriority  stm32h5xx_hal_cortex.o
    0x0800062a   0x0800062a   0x00000002   PAD
    0x0800062c   0x0800062c   0x00000020   Code   RO          105    .text.HAL_NVIC_SetPriorityGrouping  stm32h5xx_hal_cortex.o
    0x0800064c   0x0800064c   0x0000026e   Code   RO          165    .text.HAL_RCC_ClockConfig  stm32h5xx_hal_rcc.o
    0x080008ba   0x080008ba   0x00000002   PAD
    0x080008bc   0x080008bc   0x0000012c   Code   RO          167    .text.HAL_RCC_GetSysClockFreq  stm32h5xx_hal_rcc.o
    0x080009e8   0x080009e8   0x0000064a   Code   RO          161    .text.HAL_RCC_OscConfig  stm32h5xx_hal_rcc.o
    0x08001032   0x08001032   0x00000002   PAD
    0x08001034   0x08001034   0x0000008e   Code   RO          131    .text.HAL_SYSTICK_CLKSourceConfig  stm32h5xx_hal_cortex.o
    0x080010c2   0x080010c2   0x00000002   PAD
    0x080010c4   0x080010c4   0x00000024   Code   RO          129    .text.HAL_SYSTICK_Config  stm32h5xx_hal_cortex.o
    0x080010e8   0x080010e8   0x00000030   Code   RO          133    .text.HAL_SYSTICK_GetCLKSourceConfig  stm32h5xx_hal_cortex.o
    0x08001118   0x08001118   0x000000c0   Code   RO         1032    .text.HAL_TIMEx_ConfigBreakDeadTime  stm32h5xx_hal_tim_ex.o
    0x080011d8   0x080011d8   0x00000070   Code   RO         1030    .text.HAL_TIMEx_MasterConfigSynchronization  stm32h5xx_hal_tim_ex.o
    0x08001248   0x08001248   0x000000d6   Code   RO          733    .text.HAL_TIM_Base_Init  stm32h5xx_hal_tim.o
    0x0800131e   0x0800131e   0x00000002   PAD
    0x08001320   0x08001320   0x00000032   Code   RO           59    .text.HAL_TIM_Base_MspInit  tim.o
    0x08001352   0x08001352   0x00000002   PAD
    0x08001354   0x08001354   0x0000022c   Code   RO          915    .text.HAL_TIM_ConfigClockSource  stm32h5xx_hal_tim.o
    0x08001580   0x08001580   0x00000322   Code   RO          889    .text.HAL_TIM_PWM_ConfigChannel  stm32h5xx_hal_tim.o
    0x080018a2   0x080018a2   0x00000002   PAD
    0x080018a4   0x080018a4   0x000000d6   Code   RO          789    .text.HAL_TIM_PWM_Init  stm32h5xx_hal_tim.o
    0x0800197a   0x0800197a   0x00000002   PAD
    0x0800197c   0x0800197c   0x00000002   Code   RO          791    .text.HAL_TIM_PWM_MspInit  stm32h5xx_hal_tim.o
    0x0800197e   0x0800197e   0x00000002   PAD
    0x08001980   0x08001980   0x00000164   Code   RO          801    .text.HAL_TIM_PWM_Start_IT  stm32h5xx_hal_tim.o
    0x08001ae4   0x08001ae4   0x00000002   Code   RO           74    .text.HardFault_Handler  stm32h5xx_it.o
    0x08001ae6   0x08001ae6   0x00000002   PAD
    0x08001ae8   0x08001ae8   0x00000088   Code   RO           46    .text.MX_GPIO_Init  gpio.o
    0x08001b70   0x08001b70   0x00000156   Code   RO           55    .text.MX_TIM1_Init  tim.o
    0x08001cc6   0x08001cc6   0x00000002   PAD
    0x08001cc8   0x08001cc8   0x00000002   Code   RO           76    .text.MemManage_Handler  stm32h5xx_it.o
    0x08001cca   0x08001cca   0x00000002   PAD
    0x08001ccc   0x08001ccc   0x00000002   Code   RO           72    .text.NMI_Handler   stm32h5xx_it.o
    0x08001cce   0x08001cce   0x00000002   PAD
    0x08001cd0   0x08001cd0   0x00000002   Code   RO           86    .text.PendSV_Handler  stm32h5xx_it.o
    0x08001cd2   0x08001cd2   0x00000002   PAD
    0x08001cd4   0x08001cd4   0x000000f8   Code   RO           11    .text.STSPIN220_SetStepMode  stspin220.o
    0x08001dcc   0x08001dcc   0x00000012   Code   RO           17    .text.STSPIN220_Stby  stspin220.o
    0x08001dde   0x08001dde   0x00000002   PAD
    0x08001de0   0x08001de0   0x00000016   Code   RO           13    .text.STSPIN220_enable  stspin220.o
    0x08001df6   0x08001df6   0x00000002   PAD
    0x08001df8   0x08001df8   0x00000016   Code   RO           15    .text.STSPIN220_setDirection  stspin220.o
    0x08001e0e   0x08001e0e   0x00000002   PAD
    0x08001e10   0x08001e10   0x00000002   Code   RO           82    .text.SVC_Handler   stm32h5xx_it.o
    0x08001e12   0x08001e12   0x00000002   PAD
    0x08001e14   0x08001e14   0x00000004   Code   RO           88    .text.SysTick_Handler  stm32h5xx_it.o
    0x08001e18   0x08001e18   0x000000c6   Code   RO           29    .text.SystemClock_Config  main.o
    0x08001ede   0x08001ede   0x00000002   PAD
    0x08001ee0   0x08001ee0   0x000000a8   Code   RO         1109    .text.SystemInit    system_stm32h5xx.o
    0x08001f88   0x08001f88   0x00000002   Code   RO           80    .text.UsageFault_Handler  stm32h5xx_it.o
    0x08001f8a   0x08001f8a   0x00000002   PAD
    0x08001f8c   0x08001f8c   0x000000be   Code   RO           27    .text.main          main.o
    0x0800204a   0x0800204a   0x0000000e   Code   RO         1146    i.__scatterload_copy  mc_w.l(handlers.o)
    0x08002058   0x08002058   0x00000002   Code   RO         1147    i.__scatterload_null  mc_w.l(handlers.o)
    0x0800205a   0x0800205a   0x0000000e   Code   RO         1148    i.__scatterload_zeroinit  mc_w.l(handlers.o)
    0x08002068   0x08002068   0x00000010   Data   RO         1114    .rodata.AHBPrescTable  system_stm32h5xx.o
    0x08002078   0x08002078   0x00000020   Data   RO          955    .rodata.cst16       stm32h5xx_hal_tim.o
    0x08002098   0x08002098   0x00000020   Data   RO         1145    Region$$Table       anon$$obj.o


    Execution Region RW_IRAM1 (Exec base: 0x20000000, Load base: 0x080020b8, Size: 0x00004068, Max: 0x00008000, ABSOLUTE)

    Exec Addr    Load Addr    Size         Type   Attr      Idx    E Section Name        Object

    0x20000000   0x080020b8   0x00000008   Data   RW          694    .data..L_MergedGlobals  stm32h5xx_hal.o
    0x20000008   0x080020c0   0x00000004   Data   RW         1113    .data.SystemCoreClock  system_stm32h5xx.o
    0x2000000c   0x080020c4   0x00000004   PAD
    0x20000010        -       0x00000002   Zero   RW           37    .bss.STSPIN220_PwmNum  main.o
    0x20000012   0x080020c4   0x00000002   PAD
    0x20000014        -       0x0000004c   Zero   RW           63    .bss.htim1          tim.o
    0x20000060        -       0x00000004   Zero   RW          693    .bss.uwTick         stm32h5xx_hal.o
    0x20000064   0x080020c4   0x00000004   PAD
    0x20000068        -       0x00004000   Zero   RW            1    STACK               startup_stm32h503xx.o


==============================================================================

Image component sizes


      Code (inc. data)   RO Data    RW Data    ZI Data      Debug   Object Name

       136          0          0          0          0       2943   gpio.o
       394          0          0          0          2       7225   main.o
        40         10        600          0      16384        904   startup_stm32h503xx.o
       324          0          0          8          4      12050   stm32h5xx_hal.o
       344          6          0          0          0      13542   stm32h5xx_hal_cortex.o
       410          0          0          0          0       5238   stm32h5xx_hal_gpio.o
         2          0          0          0          0        403   stm32h5xx_hal_msp.o
      2532         16          0          0          0      12198   stm32h5xx_hal_rcc.o
      2144         24         32          0          0      73812   stm32h5xx_hal_tim.o
       304          0          0          0          0      29681   stm32h5xx_hal_tim_ex.o
        20          0          0          0          0       1168   stm32h5xx_it.o
       310         66          0          0          0       1960   stspin220.o
       168          0         16          4          0       5360   system_stm32h5xx.o
       392          0          0          0         76       8745   tim.o

    ----------------------------------------------------------------------
      7574        122        680         12      16476     175229   Object Totals
         0          0         32          0          0          0   (incl. Generated)
        54          0          0          0         10          0   (incl. Padding)

    ----------------------------------------------------------------------

      Code (inc. data)   RO Data    RW Data    ZI Data      Debug   Library Member Name

         0          0          0          0          0          0   entry.o
         0          0          0          0          0          0   entry10a.o
         0          0          0          0          0          0   entry11a.o
         8          4          0          0          0          0   entry2.o
         4          0          0          0          0          0   entry5.o
         0          0          0          0          0          0   entry7b.o
         0          0          0          0          0          0   entry8b.o
         8          4          0          0          0          0   entry9a.o
        30          0          0          0          0          0   handlers.o
        36          8          0          0          0         68   init.o
        36          0          0          0          0        108   memseta.o

    ----------------------------------------------------------------------
       122         16          0          0          0        176   Library Totals
         0          0          0          0          0          0   (incl. Padding)

    ----------------------------------------------------------------------

      Code (inc. data)   RO Data    RW Data    ZI Data      Debug   Library Name

       122         16          0          0          0        176   mc_w.l

    ----------------------------------------------------------------------
       122         16          0          0          0        176   Library Totals

    ----------------------------------------------------------------------

==============================================================================


      Code (inc. data)   RO Data    RW Data    ZI Data      Debug   

      7696        138        680         12      16476     175369   Grand Totals
      7696        138        680         12      16476     175369   ELF Image Totals
      7696        138        680         12          0          0   ROM Totals

==============================================================================

    Total RO  Size (Code + RO Data)                 8376 (   8.18kB)
    Total RW  Size (RW Data + ZI Data)             16488 (  16.10kB)
    Total ROM Size (Code + RO Data + RW Data)       8388 (   8.19kB)

==============================================================================

