<!doctype html public "-//w3c//dtd html 4.0 transitional//en">
<html><head>
<title>Static Call Graph - [STM32H503_STSPIN220_Project1\STM32H503_STSPIN220_Project1.axf]</title></head>
<body><HR>
<H1>Static Call Graph for image STM32H503_STSPIN220_Project1\STM32H503_STSPIN220_Project1.axf</H1><HR>
<BR><P>#&#060CALLGRAPH&#062# ARM Linker, 6180002: Last Updated: Sun Jul 27 22:43:30 2025
<BR><P>
<H3>Maximum Stack Usage =        208 bytes + Unknown(Cycles, Untraceable Function Pointers)</H3><H3>
Call chain for Maximum Stack Depth:</H3>
main &rArr; MX_TIM1_Init &rArr; HAL_GPIO_Init
<P>
<H3>
Mutually Recursive functions
</H3> <LI><a href="#[2b]">ADC1_IRQHandler</a>&nbsp;&nbsp;&nbsp;&rArr;&nbsp;&nbsp;&nbsp;<a href="#[2b]">ADC1_IRQHandler</a><BR>
 <LI><a href="#[4]">BusFault_Handler</a>&nbsp;&nbsp;&nbsp;&rArr;&nbsp;&nbsp;&nbsp;<a href="#[4]">BusFault_Handler</a><BR>
 <LI><a href="#[2]">HardFault_Handler</a>&nbsp;&nbsp;&nbsp;&rArr;&nbsp;&nbsp;&nbsp;<a href="#[2]">HardFault_Handler</a><BR>
 <LI><a href="#[3]">MemManage_Handler</a>&nbsp;&nbsp;&nbsp;&rArr;&nbsp;&nbsp;&nbsp;<a href="#[3]">MemManage_Handler</a><BR>
 <LI><a href="#[1]">NMI_Handler</a>&nbsp;&nbsp;&nbsp;&rArr;&nbsp;&nbsp;&nbsp;<a href="#[1]">NMI_Handler</a><BR>
 <LI><a href="#[5]">UsageFault_Handler</a>&nbsp;&nbsp;&nbsp;&rArr;&nbsp;&nbsp;&nbsp;<a href="#[5]">UsageFault_Handler</a><BR>
</UL>
<P>
<H3>
Function Pointers
</H3><UL>
 <LI><a href="#[2b]">ADC1_IRQHandler</a> from startup_stm32h503xx.o(.text) referenced from startup_stm32h503xx.o(RESET)
 <LI><a href="#[4]">BusFault_Handler</a> from stm32h5xx_it.o(.text.BusFault_Handler) referenced from startup_stm32h503xx.o(RESET)
 <LI><a href="#[57]">COMP1_IRQHandler</a> from startup_stm32h503xx.o(.text) referenced from startup_stm32h503xx.o(RESET)
 <LI><a href="#[45]">CRS_IRQHandler</a> from startup_stm32h503xx.o(.text) referenced from startup_stm32h503xx.o(RESET)
 <LI><a href="#[2c]">DAC1_IRQHandler</a> from startup_stm32h503xx.o(.text) referenced from startup_stm32h503xx.o(RESET)
 <LI><a href="#[50]">DTS_IRQHandler</a> from startup_stm32h503xx.o(.text) referenced from startup_stm32h503xx.o(RESET)
 <LI><a href="#[7]">DebugMon_Handler</a> from stm32h5xx_it.o(.text.DebugMon_Handler) referenced from startup_stm32h503xx.o(RESET)
 <LI><a href="#[12]">EXTI0_IRQHandler</a> from startup_stm32h503xx.o(.text) referenced from startup_stm32h503xx.o(RESET)
 <LI><a href="#[1c]">EXTI10_IRQHandler</a> from startup_stm32h503xx.o(.text) referenced from startup_stm32h503xx.o(RESET)
 <LI><a href="#[1d]">EXTI11_IRQHandler</a> from startup_stm32h503xx.o(.text) referenced from startup_stm32h503xx.o(RESET)
 <LI><a href="#[1e]">EXTI12_IRQHandler</a> from startup_stm32h503xx.o(.text) referenced from startup_stm32h503xx.o(RESET)
 <LI><a href="#[1f]">EXTI13_IRQHandler</a> from startup_stm32h503xx.o(.text) referenced from startup_stm32h503xx.o(RESET)
 <LI><a href="#[20]">EXTI14_IRQHandler</a> from startup_stm32h503xx.o(.text) referenced from startup_stm32h503xx.o(RESET)
 <LI><a href="#[21]">EXTI15_IRQHandler</a> from startup_stm32h503xx.o(.text) referenced from startup_stm32h503xx.o(RESET)
 <LI><a href="#[13]">EXTI1_IRQHandler</a> from startup_stm32h503xx.o(.text) referenced from startup_stm32h503xx.o(RESET)
 <LI><a href="#[14]">EXTI2_IRQHandler</a> from startup_stm32h503xx.o(.text) referenced from startup_stm32h503xx.o(RESET)
 <LI><a href="#[15]">EXTI3_IRQHandler</a> from startup_stm32h503xx.o(.text) referenced from startup_stm32h503xx.o(RESET)
 <LI><a href="#[16]">EXTI4_IRQHandler</a> from startup_stm32h503xx.o(.text) referenced from startup_stm32h503xx.o(RESET)
 <LI><a href="#[17]">EXTI5_IRQHandler</a> from startup_stm32h503xx.o(.text) referenced from startup_stm32h503xx.o(RESET)
 <LI><a href="#[18]">EXTI6_IRQHandler</a> from startup_stm32h503xx.o(.text) referenced from startup_stm32h503xx.o(RESET)
 <LI><a href="#[19]">EXTI7_IRQHandler</a> from startup_stm32h503xx.o(.text) referenced from startup_stm32h503xx.o(RESET)
 <LI><a href="#[1a]">EXTI8_IRQHandler</a> from startup_stm32h503xx.o(.text) referenced from startup_stm32h503xx.o(RESET)
 <LI><a href="#[1b]">EXTI9_IRQHandler</a> from startup_stm32h503xx.o(.text) referenced from startup_stm32h503xx.o(RESET)
 <LI><a href="#[2d]">FDCAN1_IT0_IRQHandler</a> from startup_stm32h503xx.o(.text) referenced from startup_stm32h503xx.o(RESET)
 <LI><a href="#[2e]">FDCAN1_IT1_IRQHandler</a> from startup_stm32h503xx.o(.text) referenced from startup_stm32h503xx.o(RESET)
 <LI><a href="#[f]">FLASH_IRQHandler</a> from startup_stm32h503xx.o(.text) referenced from startup_stm32h503xx.o(RESET)
 <LI><a href="#[4e]">FPU_IRQHandler</a> from startup_stm32h503xx.o(.text) referenced from startup_stm32h503xx.o(RESET)
 <LI><a href="#[22]">GPDMA1_Channel0_IRQHandler</a> from startup_stm32h503xx.o(.text) referenced from startup_stm32h503xx.o(RESET)
 <LI><a href="#[23]">GPDMA1_Channel1_IRQHandler</a> from startup_stm32h503xx.o(.text) referenced from startup_stm32h503xx.o(RESET)
 <LI><a href="#[24]">GPDMA1_Channel2_IRQHandler</a> from startup_stm32h503xx.o(.text) referenced from startup_stm32h503xx.o(RESET)
 <LI><a href="#[25]">GPDMA1_Channel3_IRQHandler</a> from startup_stm32h503xx.o(.text) referenced from startup_stm32h503xx.o(RESET)
 <LI><a href="#[26]">GPDMA1_Channel4_IRQHandler</a> from startup_stm32h503xx.o(.text) referenced from startup_stm32h503xx.o(RESET)
 <LI><a href="#[27]">GPDMA1_Channel5_IRQHandler</a> from startup_stm32h503xx.o(.text) referenced from startup_stm32h503xx.o(RESET)
 <LI><a href="#[28]">GPDMA1_Channel6_IRQHandler</a> from startup_stm32h503xx.o(.text) referenced from startup_stm32h503xx.o(RESET)
 <LI><a href="#[29]">GPDMA1_Channel7_IRQHandler</a> from startup_stm32h503xx.o(.text) referenced from startup_stm32h503xx.o(RESET)
 <LI><a href="#[46]">GPDMA2_Channel0_IRQHandler</a> from startup_stm32h503xx.o(.text) referenced from startup_stm32h503xx.o(RESET)
 <LI><a href="#[47]">GPDMA2_Channel1_IRQHandler</a> from startup_stm32h503xx.o(.text) referenced from startup_stm32h503xx.o(RESET)
 <LI><a href="#[48]">GPDMA2_Channel2_IRQHandler</a> from startup_stm32h503xx.o(.text) referenced from startup_stm32h503xx.o(RESET)
 <LI><a href="#[49]">GPDMA2_Channel3_IRQHandler</a> from startup_stm32h503xx.o(.text) referenced from startup_stm32h503xx.o(RESET)
 <LI><a href="#[4a]">GPDMA2_Channel4_IRQHandler</a> from startup_stm32h503xx.o(.text) referenced from startup_stm32h503xx.o(RESET)
 <LI><a href="#[4b]">GPDMA2_Channel5_IRQHandler</a> from startup_stm32h503xx.o(.text) referenced from startup_stm32h503xx.o(RESET)
 <LI><a href="#[4c]">GPDMA2_Channel6_IRQHandler</a> from startup_stm32h503xx.o(.text) referenced from startup_stm32h503xx.o(RESET)
 <LI><a href="#[4d]">GPDMA2_Channel7_IRQHandler</a> from startup_stm32h503xx.o(.text) referenced from startup_stm32h503xx.o(RESET)
 <LI><a href="#[10]">GTZC_IRQHandler</a> from startup_stm32h503xx.o(.text) referenced from startup_stm32h503xx.o(RESET)
 <LI><a href="#[52]">HASH_IRQHandler</a> from startup_stm32h503xx.o(.text) referenced from startup_stm32h503xx.o(RESET)
 <LI><a href="#[2]">HardFault_Handler</a> from stm32h5xx_it.o(.text.HardFault_Handler) referenced from startup_stm32h503xx.o(RESET)
 <LI><a href="#[38]">I2C1_ER_IRQHandler</a> from startup_stm32h503xx.o(.text) referenced from startup_stm32h503xx.o(RESET)
 <LI><a href="#[37]">I2C1_EV_IRQHandler</a> from startup_stm32h503xx.o(.text) referenced from startup_stm32h503xx.o(RESET)
 <LI><a href="#[3a]">I2C2_ER_IRQHandler</a> from startup_stm32h503xx.o(.text) referenced from startup_stm32h503xx.o(RESET)
 <LI><a href="#[39]">I2C2_EV_IRQHandler</a> from startup_stm32h503xx.o(.text) referenced from startup_stm32h503xx.o(RESET)
 <LI><a href="#[54]">I3C1_ER_IRQHandler</a> from startup_stm32h503xx.o(.text) referenced from startup_stm32h503xx.o(RESET)
 <LI><a href="#[53]">I3C1_EV_IRQHandler</a> from startup_stm32h503xx.o(.text) referenced from startup_stm32h503xx.o(RESET)
 <LI><a href="#[56]">I3C2_ER_IRQHandler</a> from startup_stm32h503xx.o(.text) referenced from startup_stm32h503xx.o(RESET)
 <LI><a href="#[55]">I3C2_EV_IRQHandler</a> from startup_stm32h503xx.o(.text) referenced from startup_stm32h503xx.o(RESET)
 <LI><a href="#[4f]">ICACHE_IRQHandler</a> from startup_stm32h503xx.o(.text) referenced from startup_stm32h503xx.o(RESET)
 <LI><a href="#[2a]">IWDG_IRQHandler</a> from startup_stm32h503xx.o(.text) referenced from startup_stm32h503xx.o(RESET)
 <LI><a href="#[42]">LPTIM1_IRQHandler</a> from startup_stm32h503xx.o(.text) referenced from startup_stm32h503xx.o(RESET)
 <LI><a href="#[43]">LPTIM2_IRQHandler</a> from startup_stm32h503xx.o(.text) referenced from startup_stm32h503xx.o(RESET)
 <LI><a href="#[41]">LPUART1_IRQHandler</a> from startup_stm32h503xx.o(.text) referenced from startup_stm32h503xx.o(RESET)
 <LI><a href="#[3]">MemManage_Handler</a> from stm32h5xx_it.o(.text.MemManage_Handler) referenced from startup_stm32h503xx.o(RESET)
 <LI><a href="#[1]">NMI_Handler</a> from stm32h5xx_it.o(.text.NMI_Handler) referenced from startup_stm32h503xx.o(RESET)
 <LI><a href="#[b]">PVD_AVD_IRQHandler</a> from startup_stm32h503xx.o(.text) referenced from startup_stm32h503xx.o(RESET)
 <LI><a href="#[8]">PendSV_Handler</a> from stm32h5xx_it.o(.text.PendSV_Handler) referenced from startup_stm32h503xx.o(RESET)
 <LI><a href="#[e]">RAMCFG_IRQHandler</a> from startup_stm32h503xx.o(.text) referenced from startup_stm32h503xx.o(RESET)
 <LI><a href="#[11]">RCC_IRQHandler</a> from startup_stm32h503xx.o(.text) referenced from startup_stm32h503xx.o(RESET)
 <LI><a href="#[51]">RNG_IRQHandler</a> from startup_stm32h503xx.o(.text) referenced from startup_stm32h503xx.o(RESET)
 <LI><a href="#[c]">RTC_IRQHandler</a> from startup_stm32h503xx.o(.text) referenced from startup_stm32h503xx.o(RESET)
 <LI><a href="#[0]">Reset_Handler</a> from startup_stm32h503xx.o(.text) referenced from startup_stm32h503xx.o(RESET)
 <LI><a href="#[3b]">SPI1_IRQHandler</a> from startup_stm32h503xx.o(.text) referenced from startup_stm32h503xx.o(RESET)
 <LI><a href="#[3c]">SPI2_IRQHandler</a> from startup_stm32h503xx.o(.text) referenced from startup_stm32h503xx.o(RESET)
 <LI><a href="#[3d]">SPI3_IRQHandler</a> from startup_stm32h503xx.o(.text) referenced from startup_stm32h503xx.o(RESET)
 <LI><a href="#[6]">SVC_Handler</a> from stm32h5xx_it.o(.text.SVC_Handler) referenced from startup_stm32h503xx.o(RESET)
 <LI><a href="#[9]">SysTick_Handler</a> from stm32h5xx_it.o(.text.SysTick_Handler) referenced from startup_stm32h503xx.o(RESET)
 <LI><a href="#[59]">SystemInit</a> from system_stm32h5xx.o(.text.SystemInit) referenced from startup_stm32h503xx.o(.text)
 <LI><a href="#[d]">TAMP_IRQHandler</a> from startup_stm32h503xx.o(.text) referenced from startup_stm32h503xx.o(RESET)
 <LI><a href="#[2f]">TIM1_BRK_IRQHandler</a> from startup_stm32h503xx.o(.text) referenced from startup_stm32h503xx.o(RESET)
 <LI><a href="#[32]">TIM1_CC_IRQHandler</a> from startup_stm32h503xx.o(.text) referenced from startup_stm32h503xx.o(RESET)
 <LI><a href="#[31]">TIM1_TRG_COM_IRQHandler</a> from startup_stm32h503xx.o(.text) referenced from startup_stm32h503xx.o(RESET)
 <LI><a href="#[30]">TIM1_UP_IRQHandler</a> from startup_stm32h503xx.o(.text) referenced from startup_stm32h503xx.o(RESET)
 <LI><a href="#[33]">TIM2_IRQHandler</a> from startup_stm32h503xx.o(.text) referenced from startup_stm32h503xx.o(RESET)
 <LI><a href="#[34]">TIM3_IRQHandler</a> from startup_stm32h503xx.o(.text) referenced from startup_stm32h503xx.o(RESET)
 <LI><a href="#[35]">TIM6_IRQHandler</a> from startup_stm32h503xx.o(.text) referenced from startup_stm32h503xx.o(RESET)
 <LI><a href="#[36]">TIM7_IRQHandler</a> from startup_stm32h503xx.o(.text) referenced from startup_stm32h503xx.o(RESET)
 <LI><a href="#[3e]">USART1_IRQHandler</a> from startup_stm32h503xx.o(.text) referenced from startup_stm32h503xx.o(RESET)
 <LI><a href="#[3f]">USART2_IRQHandler</a> from startup_stm32h503xx.o(.text) referenced from startup_stm32h503xx.o(RESET)
 <LI><a href="#[40]">USART3_IRQHandler</a> from startup_stm32h503xx.o(.text) referenced from startup_stm32h503xx.o(RESET)
 <LI><a href="#[44]">USB_DRD_FS_IRQHandler</a> from startup_stm32h503xx.o(.text) referenced from startup_stm32h503xx.o(RESET)
 <LI><a href="#[5]">UsageFault_Handler</a> from stm32h5xx_it.o(.text.UsageFault_Handler) referenced from startup_stm32h503xx.o(RESET)
 <LI><a href="#[a]">WWDG_IRQHandler</a> from startup_stm32h503xx.o(.text) referenced from startup_stm32h503xx.o(RESET)
 <LI><a href="#[5a]">__main</a> from entry.o(.ARM.Collect$$$$00000000) referenced from startup_stm32h503xx.o(.text)
 <LI><a href="#[58]">main</a> from main.o(.text.main) referenced from entry9a.o(.ARM.Collect$$$$0000000B)
</UL>
<P>
<H3>
Global Symbols
</H3>
<P><STRONG><a name="[5a]"></a>__main</STRONG> (Thumb, 0 bytes, Stack size unknown bytes, entry.o(.ARM.Collect$$$$00000000))
<BR>[Address Reference Count : 1]<UL><LI> startup_stm32h503xx.o(.text)
</UL>
<P><STRONG><a name="[84]"></a>_main_stk</STRONG> (Thumb, 0 bytes, Stack size unknown bytes, entry2.o(.ARM.Collect$$$$00000001))

<P><STRONG><a name="[5b]"></a>_main_scatterload</STRONG> (Thumb, 0 bytes, Stack size unknown bytes, entry5.o(.ARM.Collect$$$$00000004))
<BR><BR>[Calls]<UL><LI><a href="#[5c]">&gt;&gt;</a>&nbsp;&nbsp;&nbsp;__scatterload
</UL>

<P><STRONG><a name="[61]"></a>__main_after_scatterload</STRONG> (Thumb, 0 bytes, Stack size unknown bytes, entry5.o(.ARM.Collect$$$$00000004))
<BR><BR>[Called By]<UL><LI><a href="#[5c]">&gt;&gt;</a>&nbsp;&nbsp;&nbsp;__scatterload
</UL>

<P><STRONG><a name="[85]"></a>_main_clock</STRONG> (Thumb, 0 bytes, Stack size unknown bytes, entry7b.o(.ARM.Collect$$$$00000008))

<P><STRONG><a name="[86]"></a>_main_cpp_init</STRONG> (Thumb, 0 bytes, Stack size unknown bytes, entry8b.o(.ARM.Collect$$$$0000000A))

<P><STRONG><a name="[87]"></a>_main_init</STRONG> (Thumb, 0 bytes, Stack size unknown bytes, entry9a.o(.ARM.Collect$$$$0000000B))

<P><STRONG><a name="[88]"></a>__rt_final_cpp</STRONG> (Thumb, 0 bytes, Stack size unknown bytes, entry10a.o(.ARM.Collect$$$$0000000D))

<P><STRONG><a name="[89]"></a>__rt_final_exit</STRONG> (Thumb, 0 bytes, Stack size unknown bytes, entry11a.o(.ARM.Collect$$$$0000000F))

<P><STRONG><a name="[0]"></a>Reset_Handler</STRONG> (Thumb, 8 bytes, Stack size 0 bytes, startup_stm32h503xx.o(.text))
<BR>[Address Reference Count : 1]<UL><LI> startup_stm32h503xx.o(RESET)
</UL>
<P><STRONG><a name="[5d]"></a>SecureFault_Handler</STRONG> (Thumb, 2 bytes, Stack size 0 bytes, startup_stm32h503xx.o(.text), UNUSED)
<BR><BR>[Calls]<UL><LI><a href="#[5d]">&gt;&gt;</a>&nbsp;&nbsp;&nbsp;SecureFault_Handler
</UL>
<BR>[Called By]<UL><LI><a href="#[5d]">&gt;&gt;</a>&nbsp;&nbsp;&nbsp;SecureFault_Handler
</UL>

<P><STRONG><a name="[2b]"></a>ADC1_IRQHandler</STRONG> (Thumb, 0 bytes, Stack size 0 bytes, startup_stm32h503xx.o(.text))
<BR><BR>[Calls]<UL><LI><a href="#[2b]">&gt;&gt;</a>&nbsp;&nbsp;&nbsp;ADC1_IRQHandler
</UL>
<BR>[Called By]<UL><LI><a href="#[2b]">&gt;&gt;</a>&nbsp;&nbsp;&nbsp;ADC1_IRQHandler
</UL>
<BR>[Address Reference Count : 1]<UL><LI> startup_stm32h503xx.o(RESET)
</UL>
<P><STRONG><a name="[57]"></a>COMP1_IRQHandler</STRONG> (Thumb, 0 bytes, Stack size 0 bytes, startup_stm32h503xx.o(.text))
<BR>[Address Reference Count : 1]<UL><LI> startup_stm32h503xx.o(RESET)
</UL>
<P><STRONG><a name="[45]"></a>CRS_IRQHandler</STRONG> (Thumb, 0 bytes, Stack size 0 bytes, startup_stm32h503xx.o(.text))
<BR>[Address Reference Count : 1]<UL><LI> startup_stm32h503xx.o(RESET)
</UL>
<P><STRONG><a name="[2c]"></a>DAC1_IRQHandler</STRONG> (Thumb, 0 bytes, Stack size 0 bytes, startup_stm32h503xx.o(.text))
<BR>[Address Reference Count : 1]<UL><LI> startup_stm32h503xx.o(RESET)
</UL>
<P><STRONG><a name="[50]"></a>DTS_IRQHandler</STRONG> (Thumb, 0 bytes, Stack size 0 bytes, startup_stm32h503xx.o(.text))
<BR>[Address Reference Count : 1]<UL><LI> startup_stm32h503xx.o(RESET)
</UL>
<P><STRONG><a name="[12]"></a>EXTI0_IRQHandler</STRONG> (Thumb, 0 bytes, Stack size 0 bytes, startup_stm32h503xx.o(.text))
<BR>[Address Reference Count : 1]<UL><LI> startup_stm32h503xx.o(RESET)
</UL>
<P><STRONG><a name="[1c]"></a>EXTI10_IRQHandler</STRONG> (Thumb, 0 bytes, Stack size 0 bytes, startup_stm32h503xx.o(.text))
<BR>[Address Reference Count : 1]<UL><LI> startup_stm32h503xx.o(RESET)
</UL>
<P><STRONG><a name="[1d]"></a>EXTI11_IRQHandler</STRONG> (Thumb, 0 bytes, Stack size 0 bytes, startup_stm32h503xx.o(.text))
<BR>[Address Reference Count : 1]<UL><LI> startup_stm32h503xx.o(RESET)
</UL>
<P><STRONG><a name="[1e]"></a>EXTI12_IRQHandler</STRONG> (Thumb, 0 bytes, Stack size 0 bytes, startup_stm32h503xx.o(.text))
<BR>[Address Reference Count : 1]<UL><LI> startup_stm32h503xx.o(RESET)
</UL>
<P><STRONG><a name="[1f]"></a>EXTI13_IRQHandler</STRONG> (Thumb, 0 bytes, Stack size 0 bytes, startup_stm32h503xx.o(.text))
<BR>[Address Reference Count : 1]<UL><LI> startup_stm32h503xx.o(RESET)
</UL>
<P><STRONG><a name="[20]"></a>EXTI14_IRQHandler</STRONG> (Thumb, 0 bytes, Stack size 0 bytes, startup_stm32h503xx.o(.text))
<BR>[Address Reference Count : 1]<UL><LI> startup_stm32h503xx.o(RESET)
</UL>
<P><STRONG><a name="[21]"></a>EXTI15_IRQHandler</STRONG> (Thumb, 0 bytes, Stack size 0 bytes, startup_stm32h503xx.o(.text))
<BR>[Address Reference Count : 1]<UL><LI> startup_stm32h503xx.o(RESET)
</UL>
<P><STRONG><a name="[13]"></a>EXTI1_IRQHandler</STRONG> (Thumb, 0 bytes, Stack size 0 bytes, startup_stm32h503xx.o(.text))
<BR>[Address Reference Count : 1]<UL><LI> startup_stm32h503xx.o(RESET)
</UL>
<P><STRONG><a name="[14]"></a>EXTI2_IRQHandler</STRONG> (Thumb, 0 bytes, Stack size 0 bytes, startup_stm32h503xx.o(.text))
<BR>[Address Reference Count : 1]<UL><LI> startup_stm32h503xx.o(RESET)
</UL>
<P><STRONG><a name="[15]"></a>EXTI3_IRQHandler</STRONG> (Thumb, 0 bytes, Stack size 0 bytes, startup_stm32h503xx.o(.text))
<BR>[Address Reference Count : 1]<UL><LI> startup_stm32h503xx.o(RESET)
</UL>
<P><STRONG><a name="[16]"></a>EXTI4_IRQHandler</STRONG> (Thumb, 0 bytes, Stack size 0 bytes, startup_stm32h503xx.o(.text))
<BR>[Address Reference Count : 1]<UL><LI> startup_stm32h503xx.o(RESET)
</UL>
<P><STRONG><a name="[17]"></a>EXTI5_IRQHandler</STRONG> (Thumb, 0 bytes, Stack size 0 bytes, startup_stm32h503xx.o(.text))
<BR>[Address Reference Count : 1]<UL><LI> startup_stm32h503xx.o(RESET)
</UL>
<P><STRONG><a name="[18]"></a>EXTI6_IRQHandler</STRONG> (Thumb, 0 bytes, Stack size 0 bytes, startup_stm32h503xx.o(.text))
<BR>[Address Reference Count : 1]<UL><LI> startup_stm32h503xx.o(RESET)
</UL>
<P><STRONG><a name="[19]"></a>EXTI7_IRQHandler</STRONG> (Thumb, 0 bytes, Stack size 0 bytes, startup_stm32h503xx.o(.text))
<BR>[Address Reference Count : 1]<UL><LI> startup_stm32h503xx.o(RESET)
</UL>
<P><STRONG><a name="[1a]"></a>EXTI8_IRQHandler</STRONG> (Thumb, 0 bytes, Stack size 0 bytes, startup_stm32h503xx.o(.text))
<BR>[Address Reference Count : 1]<UL><LI> startup_stm32h503xx.o(RESET)
</UL>
<P><STRONG><a name="[1b]"></a>EXTI9_IRQHandler</STRONG> (Thumb, 0 bytes, Stack size 0 bytes, startup_stm32h503xx.o(.text))
<BR>[Address Reference Count : 1]<UL><LI> startup_stm32h503xx.o(RESET)
</UL>
<P><STRONG><a name="[2d]"></a>FDCAN1_IT0_IRQHandler</STRONG> (Thumb, 0 bytes, Stack size 0 bytes, startup_stm32h503xx.o(.text))
<BR>[Address Reference Count : 1]<UL><LI> startup_stm32h503xx.o(RESET)
</UL>
<P><STRONG><a name="[2e]"></a>FDCAN1_IT1_IRQHandler</STRONG> (Thumb, 0 bytes, Stack size 0 bytes, startup_stm32h503xx.o(.text))
<BR>[Address Reference Count : 1]<UL><LI> startup_stm32h503xx.o(RESET)
</UL>
<P><STRONG><a name="[f]"></a>FLASH_IRQHandler</STRONG> (Thumb, 0 bytes, Stack size 0 bytes, startup_stm32h503xx.o(.text))
<BR>[Address Reference Count : 1]<UL><LI> startup_stm32h503xx.o(RESET)
</UL>
<P><STRONG><a name="[4e]"></a>FPU_IRQHandler</STRONG> (Thumb, 0 bytes, Stack size 0 bytes, startup_stm32h503xx.o(.text))
<BR>[Address Reference Count : 1]<UL><LI> startup_stm32h503xx.o(RESET)
</UL>
<P><STRONG><a name="[22]"></a>GPDMA1_Channel0_IRQHandler</STRONG> (Thumb, 0 bytes, Stack size 0 bytes, startup_stm32h503xx.o(.text))
<BR>[Address Reference Count : 1]<UL><LI> startup_stm32h503xx.o(RESET)
</UL>
<P><STRONG><a name="[23]"></a>GPDMA1_Channel1_IRQHandler</STRONG> (Thumb, 0 bytes, Stack size 0 bytes, startup_stm32h503xx.o(.text))
<BR>[Address Reference Count : 1]<UL><LI> startup_stm32h503xx.o(RESET)
</UL>
<P><STRONG><a name="[24]"></a>GPDMA1_Channel2_IRQHandler</STRONG> (Thumb, 0 bytes, Stack size 0 bytes, startup_stm32h503xx.o(.text))
<BR>[Address Reference Count : 1]<UL><LI> startup_stm32h503xx.o(RESET)
</UL>
<P><STRONG><a name="[25]"></a>GPDMA1_Channel3_IRQHandler</STRONG> (Thumb, 0 bytes, Stack size 0 bytes, startup_stm32h503xx.o(.text))
<BR>[Address Reference Count : 1]<UL><LI> startup_stm32h503xx.o(RESET)
</UL>
<P><STRONG><a name="[26]"></a>GPDMA1_Channel4_IRQHandler</STRONG> (Thumb, 0 bytes, Stack size 0 bytes, startup_stm32h503xx.o(.text))
<BR>[Address Reference Count : 1]<UL><LI> startup_stm32h503xx.o(RESET)
</UL>
<P><STRONG><a name="[27]"></a>GPDMA1_Channel5_IRQHandler</STRONG> (Thumb, 0 bytes, Stack size 0 bytes, startup_stm32h503xx.o(.text))
<BR>[Address Reference Count : 1]<UL><LI> startup_stm32h503xx.o(RESET)
</UL>
<P><STRONG><a name="[28]"></a>GPDMA1_Channel6_IRQHandler</STRONG> (Thumb, 0 bytes, Stack size 0 bytes, startup_stm32h503xx.o(.text))
<BR>[Address Reference Count : 1]<UL><LI> startup_stm32h503xx.o(RESET)
</UL>
<P><STRONG><a name="[29]"></a>GPDMA1_Channel7_IRQHandler</STRONG> (Thumb, 0 bytes, Stack size 0 bytes, startup_stm32h503xx.o(.text))
<BR>[Address Reference Count : 1]<UL><LI> startup_stm32h503xx.o(RESET)
</UL>
<P><STRONG><a name="[46]"></a>GPDMA2_Channel0_IRQHandler</STRONG> (Thumb, 0 bytes, Stack size 0 bytes, startup_stm32h503xx.o(.text))
<BR>[Address Reference Count : 1]<UL><LI> startup_stm32h503xx.o(RESET)
</UL>
<P><STRONG><a name="[47]"></a>GPDMA2_Channel1_IRQHandler</STRONG> (Thumb, 0 bytes, Stack size 0 bytes, startup_stm32h503xx.o(.text))
<BR>[Address Reference Count : 1]<UL><LI> startup_stm32h503xx.o(RESET)
</UL>
<P><STRONG><a name="[48]"></a>GPDMA2_Channel2_IRQHandler</STRONG> (Thumb, 0 bytes, Stack size 0 bytes, startup_stm32h503xx.o(.text))
<BR>[Address Reference Count : 1]<UL><LI> startup_stm32h503xx.o(RESET)
</UL>
<P><STRONG><a name="[49]"></a>GPDMA2_Channel3_IRQHandler</STRONG> (Thumb, 0 bytes, Stack size 0 bytes, startup_stm32h503xx.o(.text))
<BR>[Address Reference Count : 1]<UL><LI> startup_stm32h503xx.o(RESET)
</UL>
<P><STRONG><a name="[4a]"></a>GPDMA2_Channel4_IRQHandler</STRONG> (Thumb, 0 bytes, Stack size 0 bytes, startup_stm32h503xx.o(.text))
<BR>[Address Reference Count : 1]<UL><LI> startup_stm32h503xx.o(RESET)
</UL>
<P><STRONG><a name="[4b]"></a>GPDMA2_Channel5_IRQHandler</STRONG> (Thumb, 0 bytes, Stack size 0 bytes, startup_stm32h503xx.o(.text))
<BR>[Address Reference Count : 1]<UL><LI> startup_stm32h503xx.o(RESET)
</UL>
<P><STRONG><a name="[4c]"></a>GPDMA2_Channel6_IRQHandler</STRONG> (Thumb, 0 bytes, Stack size 0 bytes, startup_stm32h503xx.o(.text))
<BR>[Address Reference Count : 1]<UL><LI> startup_stm32h503xx.o(RESET)
</UL>
<P><STRONG><a name="[4d]"></a>GPDMA2_Channel7_IRQHandler</STRONG> (Thumb, 0 bytes, Stack size 0 bytes, startup_stm32h503xx.o(.text))
<BR>[Address Reference Count : 1]<UL><LI> startup_stm32h503xx.o(RESET)
</UL>
<P><STRONG><a name="[10]"></a>GTZC_IRQHandler</STRONG> (Thumb, 0 bytes, Stack size 0 bytes, startup_stm32h503xx.o(.text))
<BR>[Address Reference Count : 1]<UL><LI> startup_stm32h503xx.o(RESET)
</UL>
<P><STRONG><a name="[52]"></a>HASH_IRQHandler</STRONG> (Thumb, 0 bytes, Stack size 0 bytes, startup_stm32h503xx.o(.text))
<BR>[Address Reference Count : 1]<UL><LI> startup_stm32h503xx.o(RESET)
</UL>
<P><STRONG><a name="[38]"></a>I2C1_ER_IRQHandler</STRONG> (Thumb, 0 bytes, Stack size 0 bytes, startup_stm32h503xx.o(.text))
<BR>[Address Reference Count : 1]<UL><LI> startup_stm32h503xx.o(RESET)
</UL>
<P><STRONG><a name="[37]"></a>I2C1_EV_IRQHandler</STRONG> (Thumb, 0 bytes, Stack size 0 bytes, startup_stm32h503xx.o(.text))
<BR>[Address Reference Count : 1]<UL><LI> startup_stm32h503xx.o(RESET)
</UL>
<P><STRONG><a name="[3a]"></a>I2C2_ER_IRQHandler</STRONG> (Thumb, 0 bytes, Stack size 0 bytes, startup_stm32h503xx.o(.text))
<BR>[Address Reference Count : 1]<UL><LI> startup_stm32h503xx.o(RESET)
</UL>
<P><STRONG><a name="[39]"></a>I2C2_EV_IRQHandler</STRONG> (Thumb, 0 bytes, Stack size 0 bytes, startup_stm32h503xx.o(.text))
<BR>[Address Reference Count : 1]<UL><LI> startup_stm32h503xx.o(RESET)
</UL>
<P><STRONG><a name="[54]"></a>I3C1_ER_IRQHandler</STRONG> (Thumb, 0 bytes, Stack size 0 bytes, startup_stm32h503xx.o(.text))
<BR>[Address Reference Count : 1]<UL><LI> startup_stm32h503xx.o(RESET)
</UL>
<P><STRONG><a name="[53]"></a>I3C1_EV_IRQHandler</STRONG> (Thumb, 0 bytes, Stack size 0 bytes, startup_stm32h503xx.o(.text))
<BR>[Address Reference Count : 1]<UL><LI> startup_stm32h503xx.o(RESET)
</UL>
<P><STRONG><a name="[56]"></a>I3C2_ER_IRQHandler</STRONG> (Thumb, 0 bytes, Stack size 0 bytes, startup_stm32h503xx.o(.text))
<BR>[Address Reference Count : 1]<UL><LI> startup_stm32h503xx.o(RESET)
</UL>
<P><STRONG><a name="[55]"></a>I3C2_EV_IRQHandler</STRONG> (Thumb, 0 bytes, Stack size 0 bytes, startup_stm32h503xx.o(.text))
<BR>[Address Reference Count : 1]<UL><LI> startup_stm32h503xx.o(RESET)
</UL>
<P><STRONG><a name="[4f]"></a>ICACHE_IRQHandler</STRONG> (Thumb, 0 bytes, Stack size 0 bytes, startup_stm32h503xx.o(.text))
<BR>[Address Reference Count : 1]<UL><LI> startup_stm32h503xx.o(RESET)
</UL>
<P><STRONG><a name="[2a]"></a>IWDG_IRQHandler</STRONG> (Thumb, 0 bytes, Stack size 0 bytes, startup_stm32h503xx.o(.text))
<BR>[Address Reference Count : 1]<UL><LI> startup_stm32h503xx.o(RESET)
</UL>
<P><STRONG><a name="[42]"></a>LPTIM1_IRQHandler</STRONG> (Thumb, 0 bytes, Stack size 0 bytes, startup_stm32h503xx.o(.text))
<BR>[Address Reference Count : 1]<UL><LI> startup_stm32h503xx.o(RESET)
</UL>
<P><STRONG><a name="[43]"></a>LPTIM2_IRQHandler</STRONG> (Thumb, 0 bytes, Stack size 0 bytes, startup_stm32h503xx.o(.text))
<BR>[Address Reference Count : 1]<UL><LI> startup_stm32h503xx.o(RESET)
</UL>
<P><STRONG><a name="[41]"></a>LPUART1_IRQHandler</STRONG> (Thumb, 0 bytes, Stack size 0 bytes, startup_stm32h503xx.o(.text))
<BR>[Address Reference Count : 1]<UL><LI> startup_stm32h503xx.o(RESET)
</UL>
<P><STRONG><a name="[b]"></a>PVD_AVD_IRQHandler</STRONG> (Thumb, 0 bytes, Stack size 0 bytes, startup_stm32h503xx.o(.text))
<BR>[Address Reference Count : 1]<UL><LI> startup_stm32h503xx.o(RESET)
</UL>
<P><STRONG><a name="[e]"></a>RAMCFG_IRQHandler</STRONG> (Thumb, 0 bytes, Stack size 0 bytes, startup_stm32h503xx.o(.text))
<BR>[Address Reference Count : 1]<UL><LI> startup_stm32h503xx.o(RESET)
</UL>
<P><STRONG><a name="[11]"></a>RCC_IRQHandler</STRONG> (Thumb, 0 bytes, Stack size 0 bytes, startup_stm32h503xx.o(.text))
<BR>[Address Reference Count : 1]<UL><LI> startup_stm32h503xx.o(RESET)
</UL>
<P><STRONG><a name="[51]"></a>RNG_IRQHandler</STRONG> (Thumb, 0 bytes, Stack size 0 bytes, startup_stm32h503xx.o(.text))
<BR>[Address Reference Count : 1]<UL><LI> startup_stm32h503xx.o(RESET)
</UL>
<P><STRONG><a name="[c]"></a>RTC_IRQHandler</STRONG> (Thumb, 0 bytes, Stack size 0 bytes, startup_stm32h503xx.o(.text))
<BR>[Address Reference Count : 1]<UL><LI> startup_stm32h503xx.o(RESET)
</UL>
<P><STRONG><a name="[3b]"></a>SPI1_IRQHandler</STRONG> (Thumb, 0 bytes, Stack size 0 bytes, startup_stm32h503xx.o(.text))
<BR>[Address Reference Count : 1]<UL><LI> startup_stm32h503xx.o(RESET)
</UL>
<P><STRONG><a name="[3c]"></a>SPI2_IRQHandler</STRONG> (Thumb, 0 bytes, Stack size 0 bytes, startup_stm32h503xx.o(.text))
<BR>[Address Reference Count : 1]<UL><LI> startup_stm32h503xx.o(RESET)
</UL>
<P><STRONG><a name="[3d]"></a>SPI3_IRQHandler</STRONG> (Thumb, 0 bytes, Stack size 0 bytes, startup_stm32h503xx.o(.text))
<BR>[Address Reference Count : 1]<UL><LI> startup_stm32h503xx.o(RESET)
</UL>
<P><STRONG><a name="[d]"></a>TAMP_IRQHandler</STRONG> (Thumb, 0 bytes, Stack size 0 bytes, startup_stm32h503xx.o(.text))
<BR>[Address Reference Count : 1]<UL><LI> startup_stm32h503xx.o(RESET)
</UL>
<P><STRONG><a name="[2f]"></a>TIM1_BRK_IRQHandler</STRONG> (Thumb, 0 bytes, Stack size 0 bytes, startup_stm32h503xx.o(.text))
<BR>[Address Reference Count : 1]<UL><LI> startup_stm32h503xx.o(RESET)
</UL>
<P><STRONG><a name="[32]"></a>TIM1_CC_IRQHandler</STRONG> (Thumb, 0 bytes, Stack size 0 bytes, startup_stm32h503xx.o(.text))
<BR>[Address Reference Count : 1]<UL><LI> startup_stm32h503xx.o(RESET)
</UL>
<P><STRONG><a name="[31]"></a>TIM1_TRG_COM_IRQHandler</STRONG> (Thumb, 0 bytes, Stack size 0 bytes, startup_stm32h503xx.o(.text))
<BR>[Address Reference Count : 1]<UL><LI> startup_stm32h503xx.o(RESET)
</UL>
<P><STRONG><a name="[30]"></a>TIM1_UP_IRQHandler</STRONG> (Thumb, 0 bytes, Stack size 0 bytes, startup_stm32h503xx.o(.text))
<BR>[Address Reference Count : 1]<UL><LI> startup_stm32h503xx.o(RESET)
</UL>
<P><STRONG><a name="[33]"></a>TIM2_IRQHandler</STRONG> (Thumb, 0 bytes, Stack size 0 bytes, startup_stm32h503xx.o(.text))
<BR>[Address Reference Count : 1]<UL><LI> startup_stm32h503xx.o(RESET)
</UL>
<P><STRONG><a name="[34]"></a>TIM3_IRQHandler</STRONG> (Thumb, 0 bytes, Stack size 0 bytes, startup_stm32h503xx.o(.text))
<BR>[Address Reference Count : 1]<UL><LI> startup_stm32h503xx.o(RESET)
</UL>
<P><STRONG><a name="[35]"></a>TIM6_IRQHandler</STRONG> (Thumb, 0 bytes, Stack size 0 bytes, startup_stm32h503xx.o(.text))
<BR>[Address Reference Count : 1]<UL><LI> startup_stm32h503xx.o(RESET)
</UL>
<P><STRONG><a name="[36]"></a>TIM7_IRQHandler</STRONG> (Thumb, 0 bytes, Stack size 0 bytes, startup_stm32h503xx.o(.text))
<BR>[Address Reference Count : 1]<UL><LI> startup_stm32h503xx.o(RESET)
</UL>
<P><STRONG><a name="[3e]"></a>USART1_IRQHandler</STRONG> (Thumb, 0 bytes, Stack size 0 bytes, startup_stm32h503xx.o(.text))
<BR>[Address Reference Count : 1]<UL><LI> startup_stm32h503xx.o(RESET)
</UL>
<P><STRONG><a name="[3f]"></a>USART2_IRQHandler</STRONG> (Thumb, 0 bytes, Stack size 0 bytes, startup_stm32h503xx.o(.text))
<BR>[Address Reference Count : 1]<UL><LI> startup_stm32h503xx.o(RESET)
</UL>
<P><STRONG><a name="[40]"></a>USART3_IRQHandler</STRONG> (Thumb, 0 bytes, Stack size 0 bytes, startup_stm32h503xx.o(.text))
<BR>[Address Reference Count : 1]<UL><LI> startup_stm32h503xx.o(RESET)
</UL>
<P><STRONG><a name="[44]"></a>USB_DRD_FS_IRQHandler</STRONG> (Thumb, 0 bytes, Stack size 0 bytes, startup_stm32h503xx.o(.text))
<BR>[Address Reference Count : 1]<UL><LI> startup_stm32h503xx.o(RESET)
</UL>
<P><STRONG><a name="[a]"></a>WWDG_IRQHandler</STRONG> (Thumb, 0 bytes, Stack size 0 bytes, startup_stm32h503xx.o(.text))
<BR>[Address Reference Count : 1]<UL><LI> startup_stm32h503xx.o(RESET)
</UL>
<P><STRONG><a name="[5f]"></a>__aeabi_memset</STRONG> (Thumb, 14 bytes, Stack size 0 bytes, memseta.o(.text), UNUSED)
<BR><BR>[Called By]<UL><LI><a href="#[60]">&gt;&gt;</a>&nbsp;&nbsp;&nbsp;_memset$wrapper
<LI><a href="#[5e]">&gt;&gt;</a>&nbsp;&nbsp;&nbsp;__aeabi_memclr
</UL>

<P><STRONG><a name="[8a]"></a>__aeabi_memset4</STRONG> (Thumb, 0 bytes, Stack size 0 bytes, memseta.o(.text), UNUSED)

<P><STRONG><a name="[8b]"></a>__aeabi_memset8</STRONG> (Thumb, 0 bytes, Stack size 0 bytes, memseta.o(.text), UNUSED)

<P><STRONG><a name="[5e]"></a>__aeabi_memclr</STRONG> (Thumb, 4 bytes, Stack size 0 bytes, memseta.o(.text), UNUSED)
<BR><BR>[Calls]<UL><LI><a href="#[5f]">&gt;&gt;</a>&nbsp;&nbsp;&nbsp;__aeabi_memset
</UL>

<P><STRONG><a name="[77]"></a>__aeabi_memclr4</STRONG> (Thumb, 0 bytes, Stack size 0 bytes, memseta.o(.text))
<BR><BR>[Called By]<UL><LI><a href="#[76]">&gt;&gt;</a>&nbsp;&nbsp;&nbsp;MX_TIM1_Init
<LI><a href="#[82]">&gt;&gt;</a>&nbsp;&nbsp;&nbsp;SystemClock_Config
</UL>

<P><STRONG><a name="[8c]"></a>__aeabi_memclr8</STRONG> (Thumb, 0 bytes, Stack size 0 bytes, memseta.o(.text), UNUSED)

<P><STRONG><a name="[60]"></a>_memset$wrapper</STRONG> (Thumb, 18 bytes, Stack size 8 bytes, memseta.o(.text), UNUSED)
<BR><BR>[Calls]<UL><LI><a href="#[5f]">&gt;&gt;</a>&nbsp;&nbsp;&nbsp;__aeabi_memset
</UL>

<P><STRONG><a name="[5c]"></a>__scatterload</STRONG> (Thumb, 28 bytes, Stack size 0 bytes, init.o(.text))
<BR><BR>[Calls]<UL><LI><a href="#[61]">&gt;&gt;</a>&nbsp;&nbsp;&nbsp;__main_after_scatterload
</UL>
<BR>[Called By]<UL><LI><a href="#[5b]">&gt;&gt;</a>&nbsp;&nbsp;&nbsp;_main_scatterload
</UL>

<P><STRONG><a name="[8d]"></a>__scatterload_rt2</STRONG> (Thumb, 0 bytes, Stack size 0 bytes, init.o(.text), UNUSED)

<P><STRONG><a name="[4]"></a>BusFault_Handler</STRONG> (Thumb, 2 bytes, Stack size 0 bytes, stm32h5xx_it.o(.text.BusFault_Handler))
<BR><BR>[Calls]<UL><LI><a href="#[4]">&gt;&gt;</a>&nbsp;&nbsp;&nbsp;BusFault_Handler
</UL>
<BR>[Called By]<UL><LI><a href="#[4]">&gt;&gt;</a>&nbsp;&nbsp;&nbsp;BusFault_Handler
</UL>
<BR>[Address Reference Count : 1]<UL><LI> startup_stm32h503xx.o(RESET)
</UL>
<P><STRONG><a name="[7]"></a>DebugMon_Handler</STRONG> (Thumb, 2 bytes, Stack size 0 bytes, stm32h5xx_it.o(.text.DebugMon_Handler))
<BR>[Address Reference Count : 1]<UL><LI> startup_stm32h503xx.o(RESET)
</UL>
<P><STRONG><a name="[78]"></a>Error_Handler</STRONG> (Thumb, 6 bytes, Stack size 0 bytes, main.o(.text.Error_Handler))
<BR><BR>[Called By]<UL><LI><a href="#[76]">&gt;&gt;</a>&nbsp;&nbsp;&nbsp;MX_TIM1_Init
</UL>

<P><STRONG><a name="[62]"></a>HAL_Delay</STRONG> (Thumb, 40 bytes, Stack size 16 bytes, stm32h5xx_hal.o(.text.HAL_Delay))
<BR><BR>[Stack]<UL><LI>Max Depth = 16<LI>Call Chain = HAL_Delay
</UL>
<BR>[Calls]<UL><LI><a href="#[63]">&gt;&gt;</a>&nbsp;&nbsp;&nbsp;HAL_GetTick
</UL>
<BR>[Called By]<UL><LI><a href="#[58]">&gt;&gt;</a>&nbsp;&nbsp;&nbsp;main
</UL>

<P><STRONG><a name="[75]"></a>HAL_GPIO_Init</STRONG> (Thumb, 398 bytes, Stack size 40 bytes, stm32h5xx_hal_gpio.o(.text.HAL_GPIO_Init))
<BR><BR>[Stack]<UL><LI>Max Depth = 40<LI>Call Chain = HAL_GPIO_Init
</UL>
<BR>[Called By]<UL><LI><a href="#[76]">&gt;&gt;</a>&nbsp;&nbsp;&nbsp;MX_TIM1_Init
<LI><a href="#[73]">&gt;&gt;</a>&nbsp;&nbsp;&nbsp;MX_GPIO_Init
<LI><a href="#[58]">&gt;&gt;</a>&nbsp;&nbsp;&nbsp;main
</UL>

<P><STRONG><a name="[74]"></a>HAL_GPIO_WritePin</STRONG> (Thumb, 12 bytes, Stack size 0 bytes, stm32h5xx_hal_gpio.o(.text.HAL_GPIO_WritePin))
<BR><BR>[Called By]<UL><LI><a href="#[73]">&gt;&gt;</a>&nbsp;&nbsp;&nbsp;MX_GPIO_Init
<LI><a href="#[58]">&gt;&gt;</a>&nbsp;&nbsp;&nbsp;main
<LI><a href="#[7e]">&gt;&gt;</a>&nbsp;&nbsp;&nbsp;STSPIN220_Stby
<LI><a href="#[80]">&gt;&gt;</a>&nbsp;&nbsp;&nbsp;STSPIN220_setDirection
<LI><a href="#[7f]">&gt;&gt;</a>&nbsp;&nbsp;&nbsp;STSPIN220_enable
<LI><a href="#[7d]">&gt;&gt;</a>&nbsp;&nbsp;&nbsp;STSPIN220_SetStepMode
</UL>

<P><STRONG><a name="[63]"></a>HAL_GetTick</STRONG> (Thumb, 12 bytes, Stack size 0 bytes, stm32h5xx_hal.o(.text.HAL_GetTick))
<BR><BR>[Called By]<UL><LI><a href="#[6d]">&gt;&gt;</a>&nbsp;&nbsp;&nbsp;HAL_RCC_ClockConfig
<LI><a href="#[6e]">&gt;&gt;</a>&nbsp;&nbsp;&nbsp;HAL_RCC_OscConfig
<LI><a href="#[62]">&gt;&gt;</a>&nbsp;&nbsp;&nbsp;HAL_Delay
</UL>

<P><STRONG><a name="[81]"></a>HAL_IncTick</STRONG> (Thumb, 26 bytes, Stack size 0 bytes, stm32h5xx_hal.o(.text.HAL_IncTick))
<BR><BR>[Called By]<UL><LI><a href="#[9]">&gt;&gt;</a>&nbsp;&nbsp;&nbsp;SysTick_Handler
</UL>

<P><STRONG><a name="[64]"></a>HAL_Init</STRONG> (Thumb, 76 bytes, Stack size 8 bytes, stm32h5xx_hal.o(.text.HAL_Init))
<BR><BR>[Stack]<UL><LI>Max Depth = 32<LI>Call Chain = HAL_Init &rArr; HAL_InitTick &rArr; HAL_NVIC_SetPriority
</UL>
<BR>[Calls]<UL><LI><a href="#[66]">&gt;&gt;</a>&nbsp;&nbsp;&nbsp;HAL_RCC_GetSysClockFreq
<LI><a href="#[68]">&gt;&gt;</a>&nbsp;&nbsp;&nbsp;HAL_InitTick
<LI><a href="#[67]">&gt;&gt;</a>&nbsp;&nbsp;&nbsp;HAL_SYSTICK_CLKSourceConfig
<LI><a href="#[65]">&gt;&gt;</a>&nbsp;&nbsp;&nbsp;HAL_NVIC_SetPriorityGrouping
<LI><a href="#[69]">&gt;&gt;</a>&nbsp;&nbsp;&nbsp;HAL_MspInit
</UL>
<BR>[Called By]<UL><LI><a href="#[58]">&gt;&gt;</a>&nbsp;&nbsp;&nbsp;main
</UL>

<P><STRONG><a name="[68]"></a>HAL_InitTick</STRONG> (Thumb, 170 bytes, Stack size 16 bytes, stm32h5xx_hal.o(.text.HAL_InitTick))
<BR><BR>[Stack]<UL><LI>Max Depth = 24<LI>Call Chain = HAL_InitTick &rArr; HAL_NVIC_SetPriority
</UL>
<BR>[Calls]<UL><LI><a href="#[6a]">&gt;&gt;</a>&nbsp;&nbsp;&nbsp;HAL_SYSTICK_GetCLKSourceConfig
<LI><a href="#[6b]">&gt;&gt;</a>&nbsp;&nbsp;&nbsp;HAL_SYSTICK_Config
<LI><a href="#[6c]">&gt;&gt;</a>&nbsp;&nbsp;&nbsp;HAL_NVIC_SetPriority
</UL>
<BR>[Called By]<UL><LI><a href="#[6d]">&gt;&gt;</a>&nbsp;&nbsp;&nbsp;HAL_RCC_ClockConfig
<LI><a href="#[6e]">&gt;&gt;</a>&nbsp;&nbsp;&nbsp;HAL_RCC_OscConfig
<LI><a href="#[64]">&gt;&gt;</a>&nbsp;&nbsp;&nbsp;HAL_Init
</UL>

<P><STRONG><a name="[69]"></a>HAL_MspInit</STRONG> (Thumb, 2 bytes, Stack size 0 bytes, stm32h5xx_hal_msp.o(.text.HAL_MspInit))
<BR><BR>[Called By]<UL><LI><a href="#[64]">&gt;&gt;</a>&nbsp;&nbsp;&nbsp;HAL_Init
</UL>

<P><STRONG><a name="[6c]"></a>HAL_NVIC_SetPriority</STRONG> (Thumb, 86 bytes, Stack size 8 bytes, stm32h5xx_hal_cortex.o(.text.HAL_NVIC_SetPriority))
<BR><BR>[Stack]<UL><LI>Max Depth = 8<LI>Call Chain = HAL_NVIC_SetPriority
</UL>
<BR>[Called By]<UL><LI><a href="#[68]">&gt;&gt;</a>&nbsp;&nbsp;&nbsp;HAL_InitTick
</UL>

<P><STRONG><a name="[65]"></a>HAL_NVIC_SetPriorityGrouping</STRONG> (Thumb, 32 bytes, Stack size 0 bytes, stm32h5xx_hal_cortex.o(.text.HAL_NVIC_SetPriorityGrouping))
<BR><BR>[Called By]<UL><LI><a href="#[64]">&gt;&gt;</a>&nbsp;&nbsp;&nbsp;HAL_Init
</UL>

<P><STRONG><a name="[6d]"></a>HAL_RCC_ClockConfig</STRONG> (Thumb, 622 bytes, Stack size 32 bytes, stm32h5xx_hal_rcc.o(.text.HAL_RCC_ClockConfig))
<BR><BR>[Stack]<UL><LI>Max Depth = 56<LI>Call Chain = HAL_RCC_ClockConfig &rArr; HAL_InitTick &rArr; HAL_NVIC_SetPriority
</UL>
<BR>[Calls]<UL><LI><a href="#[66]">&gt;&gt;</a>&nbsp;&nbsp;&nbsp;HAL_RCC_GetSysClockFreq
<LI><a href="#[68]">&gt;&gt;</a>&nbsp;&nbsp;&nbsp;HAL_InitTick
<LI><a href="#[63]">&gt;&gt;</a>&nbsp;&nbsp;&nbsp;HAL_GetTick
</UL>
<BR>[Called By]<UL><LI><a href="#[82]">&gt;&gt;</a>&nbsp;&nbsp;&nbsp;SystemClock_Config
</UL>

<P><STRONG><a name="[66]"></a>HAL_RCC_GetSysClockFreq</STRONG> (Thumb, 300 bytes, Stack size 8 bytes, stm32h5xx_hal_rcc.o(.text.HAL_RCC_GetSysClockFreq))
<BR><BR>[Stack]<UL><LI>Max Depth = 8<LI>Call Chain = HAL_RCC_GetSysClockFreq
</UL>
<BR>[Called By]<UL><LI><a href="#[6d]">&gt;&gt;</a>&nbsp;&nbsp;&nbsp;HAL_RCC_ClockConfig
<LI><a href="#[6e]">&gt;&gt;</a>&nbsp;&nbsp;&nbsp;HAL_RCC_OscConfig
<LI><a href="#[64]">&gt;&gt;</a>&nbsp;&nbsp;&nbsp;HAL_Init
</UL>

<P><STRONG><a name="[6e]"></a>HAL_RCC_OscConfig</STRONG> (Thumb, 1610 bytes, Stack size 32 bytes, stm32h5xx_hal_rcc.o(.text.HAL_RCC_OscConfig))
<BR><BR>[Stack]<UL><LI>Max Depth = 56<LI>Call Chain = HAL_RCC_OscConfig &rArr; HAL_InitTick &rArr; HAL_NVIC_SetPriority
</UL>
<BR>[Calls]<UL><LI><a href="#[66]">&gt;&gt;</a>&nbsp;&nbsp;&nbsp;HAL_RCC_GetSysClockFreq
<LI><a href="#[68]">&gt;&gt;</a>&nbsp;&nbsp;&nbsp;HAL_InitTick
<LI><a href="#[63]">&gt;&gt;</a>&nbsp;&nbsp;&nbsp;HAL_GetTick
</UL>
<BR>[Called By]<UL><LI><a href="#[82]">&gt;&gt;</a>&nbsp;&nbsp;&nbsp;SystemClock_Config
</UL>

<P><STRONG><a name="[67]"></a>HAL_SYSTICK_CLKSourceConfig</STRONG> (Thumb, 142 bytes, Stack size 0 bytes, stm32h5xx_hal_cortex.o(.text.HAL_SYSTICK_CLKSourceConfig))
<BR><BR>[Called By]<UL><LI><a href="#[64]">&gt;&gt;</a>&nbsp;&nbsp;&nbsp;HAL_Init
</UL>

<P><STRONG><a name="[6b]"></a>HAL_SYSTICK_Config</STRONG> (Thumb, 36 bytes, Stack size 0 bytes, stm32h5xx_hal_cortex.o(.text.HAL_SYSTICK_Config))
<BR><BR>[Called By]<UL><LI><a href="#[68]">&gt;&gt;</a>&nbsp;&nbsp;&nbsp;HAL_InitTick
</UL>

<P><STRONG><a name="[6a]"></a>HAL_SYSTICK_GetCLKSourceConfig</STRONG> (Thumb, 48 bytes, Stack size 0 bytes, stm32h5xx_hal_cortex.o(.text.HAL_SYSTICK_GetCLKSourceConfig))
<BR><BR>[Called By]<UL><LI><a href="#[68]">&gt;&gt;</a>&nbsp;&nbsp;&nbsp;HAL_InitTick
</UL>

<P><STRONG><a name="[7c]"></a>HAL_TIMEx_ConfigBreakDeadTime</STRONG> (Thumb, 192 bytes, Stack size 16 bytes, stm32h5xx_hal_tim_ex.o(.text.HAL_TIMEx_ConfigBreakDeadTime))
<BR><BR>[Stack]<UL><LI>Max Depth = 16<LI>Call Chain = HAL_TIMEx_ConfigBreakDeadTime
</UL>
<BR>[Called By]<UL><LI><a href="#[76]">&gt;&gt;</a>&nbsp;&nbsp;&nbsp;MX_TIM1_Init
</UL>

<P><STRONG><a name="[7a]"></a>HAL_TIMEx_MasterConfigSynchronization</STRONG> (Thumb, 112 bytes, Stack size 16 bytes, stm32h5xx_hal_tim_ex.o(.text.HAL_TIMEx_MasterConfigSynchronization))
<BR><BR>[Stack]<UL><LI>Max Depth = 16<LI>Call Chain = HAL_TIMEx_MasterConfigSynchronization
</UL>
<BR>[Called By]<UL><LI><a href="#[76]">&gt;&gt;</a>&nbsp;&nbsp;&nbsp;MX_TIM1_Init
</UL>

<P><STRONG><a name="[6f]"></a>HAL_TIM_Base_Init</STRONG> (Thumb, 214 bytes, Stack size 8 bytes, stm32h5xx_hal_tim.o(.text.HAL_TIM_Base_Init))
<BR><BR>[Stack]<UL><LI>Max Depth = 12<LI>Call Chain = HAL_TIM_Base_Init &rArr; HAL_TIM_Base_MspInit
</UL>
<BR>[Calls]<UL><LI><a href="#[70]">&gt;&gt;</a>&nbsp;&nbsp;&nbsp;HAL_TIM_Base_MspInit
</UL>
<BR>[Called By]<UL><LI><a href="#[76]">&gt;&gt;</a>&nbsp;&nbsp;&nbsp;MX_TIM1_Init
</UL>

<P><STRONG><a name="[70]"></a>HAL_TIM_Base_MspInit</STRONG> (Thumb, 50 bytes, Stack size 4 bytes, tim.o(.text.HAL_TIM_Base_MspInit))
<BR><BR>[Stack]<UL><LI>Max Depth = 4<LI>Call Chain = HAL_TIM_Base_MspInit
</UL>
<BR>[Called By]<UL><LI><a href="#[6f]">&gt;&gt;</a>&nbsp;&nbsp;&nbsp;HAL_TIM_Base_Init
</UL>

<P><STRONG><a name="[79]"></a>HAL_TIM_ConfigClockSource</STRONG> (Thumb, 556 bytes, Stack size 8 bytes, stm32h5xx_hal_tim.o(.text.HAL_TIM_ConfigClockSource))
<BR><BR>[Stack]<UL><LI>Max Depth = 8<LI>Call Chain = HAL_TIM_ConfigClockSource
</UL>
<BR>[Called By]<UL><LI><a href="#[76]">&gt;&gt;</a>&nbsp;&nbsp;&nbsp;MX_TIM1_Init
</UL>

<P><STRONG><a name="[7b]"></a>HAL_TIM_PWM_ConfigChannel</STRONG> (Thumb, 802 bytes, Stack size 32 bytes, stm32h5xx_hal_tim.o(.text.HAL_TIM_PWM_ConfigChannel))
<BR><BR>[Stack]<UL><LI>Max Depth = 32<LI>Call Chain = HAL_TIM_PWM_ConfigChannel
</UL>
<BR>[Called By]<UL><LI><a href="#[76]">&gt;&gt;</a>&nbsp;&nbsp;&nbsp;MX_TIM1_Init
</UL>

<P><STRONG><a name="[71]"></a>HAL_TIM_PWM_Init</STRONG> (Thumb, 214 bytes, Stack size 8 bytes, stm32h5xx_hal_tim.o(.text.HAL_TIM_PWM_Init))
<BR><BR>[Stack]<UL><LI>Max Depth = 8<LI>Call Chain = HAL_TIM_PWM_Init
</UL>
<BR>[Calls]<UL><LI><a href="#[72]">&gt;&gt;</a>&nbsp;&nbsp;&nbsp;HAL_TIM_PWM_MspInit
</UL>
<BR>[Called By]<UL><LI><a href="#[76]">&gt;&gt;</a>&nbsp;&nbsp;&nbsp;MX_TIM1_Init
</UL>

<P><STRONG><a name="[72]"></a>HAL_TIM_PWM_MspInit</STRONG> (Thumb, 2 bytes, Stack size 0 bytes, stm32h5xx_hal_tim.o(.text.HAL_TIM_PWM_MspInit))
<BR><BR>[Called By]<UL><LI><a href="#[71]">&gt;&gt;</a>&nbsp;&nbsp;&nbsp;HAL_TIM_PWM_Init
</UL>

<P><STRONG><a name="[83]"></a>HAL_TIM_PWM_Start_IT</STRONG> (Thumb, 356 bytes, Stack size 0 bytes, stm32h5xx_hal_tim.o(.text.HAL_TIM_PWM_Start_IT))
<BR><BR>[Called By]<UL><LI><a href="#[58]">&gt;&gt;</a>&nbsp;&nbsp;&nbsp;main
</UL>

<P><STRONG><a name="[2]"></a>HardFault_Handler</STRONG> (Thumb, 2 bytes, Stack size 0 bytes, stm32h5xx_it.o(.text.HardFault_Handler))
<BR><BR>[Calls]<UL><LI><a href="#[2]">&gt;&gt;</a>&nbsp;&nbsp;&nbsp;HardFault_Handler
</UL>
<BR>[Called By]<UL><LI><a href="#[2]">&gt;&gt;</a>&nbsp;&nbsp;&nbsp;HardFault_Handler
</UL>
<BR>[Address Reference Count : 1]<UL><LI> startup_stm32h503xx.o(RESET)
</UL>
<P><STRONG><a name="[73]"></a>MX_GPIO_Init</STRONG> (Thumb, 136 bytes, Stack size 56 bytes, gpio.o(.text.MX_GPIO_Init))
<BR><BR>[Stack]<UL><LI>Max Depth = 96<LI>Call Chain = MX_GPIO_Init &rArr; HAL_GPIO_Init
</UL>
<BR>[Calls]<UL><LI><a href="#[75]">&gt;&gt;</a>&nbsp;&nbsp;&nbsp;HAL_GPIO_Init
<LI><a href="#[74]">&gt;&gt;</a>&nbsp;&nbsp;&nbsp;HAL_GPIO_WritePin
</UL>
<BR>[Called By]<UL><LI><a href="#[58]">&gt;&gt;</a>&nbsp;&nbsp;&nbsp;main
</UL>

<P><STRONG><a name="[76]"></a>MX_TIM1_Init</STRONG> (Thumb, 342 bytes, Stack size 144 bytes, tim.o(.text.MX_TIM1_Init))
<BR><BR>[Stack]<UL><LI>Max Depth = 184<LI>Call Chain = MX_TIM1_Init &rArr; HAL_GPIO_Init
</UL>
<BR>[Calls]<UL><LI><a href="#[7c]">&gt;&gt;</a>&nbsp;&nbsp;&nbsp;HAL_TIMEx_ConfigBreakDeadTime
<LI><a href="#[7b]">&gt;&gt;</a>&nbsp;&nbsp;&nbsp;HAL_TIM_PWM_ConfigChannel
<LI><a href="#[7a]">&gt;&gt;</a>&nbsp;&nbsp;&nbsp;HAL_TIMEx_MasterConfigSynchronization
<LI><a href="#[71]">&gt;&gt;</a>&nbsp;&nbsp;&nbsp;HAL_TIM_PWM_Init
<LI><a href="#[79]">&gt;&gt;</a>&nbsp;&nbsp;&nbsp;HAL_TIM_ConfigClockSource
<LI><a href="#[6f]">&gt;&gt;</a>&nbsp;&nbsp;&nbsp;HAL_TIM_Base_Init
<LI><a href="#[78]">&gt;&gt;</a>&nbsp;&nbsp;&nbsp;Error_Handler
<LI><a href="#[75]">&gt;&gt;</a>&nbsp;&nbsp;&nbsp;HAL_GPIO_Init
<LI><a href="#[77]">&gt;&gt;</a>&nbsp;&nbsp;&nbsp;__aeabi_memclr4
</UL>
<BR>[Called By]<UL><LI><a href="#[58]">&gt;&gt;</a>&nbsp;&nbsp;&nbsp;main
</UL>

<P><STRONG><a name="[3]"></a>MemManage_Handler</STRONG> (Thumb, 2 bytes, Stack size 0 bytes, stm32h5xx_it.o(.text.MemManage_Handler))
<BR><BR>[Calls]<UL><LI><a href="#[3]">&gt;&gt;</a>&nbsp;&nbsp;&nbsp;MemManage_Handler
</UL>
<BR>[Called By]<UL><LI><a href="#[3]">&gt;&gt;</a>&nbsp;&nbsp;&nbsp;MemManage_Handler
</UL>
<BR>[Address Reference Count : 1]<UL><LI> startup_stm32h503xx.o(RESET)
</UL>
<P><STRONG><a name="[1]"></a>NMI_Handler</STRONG> (Thumb, 2 bytes, Stack size 0 bytes, stm32h5xx_it.o(.text.NMI_Handler))
<BR><BR>[Calls]<UL><LI><a href="#[1]">&gt;&gt;</a>&nbsp;&nbsp;&nbsp;NMI_Handler
</UL>
<BR>[Called By]<UL><LI><a href="#[1]">&gt;&gt;</a>&nbsp;&nbsp;&nbsp;NMI_Handler
</UL>
<BR>[Address Reference Count : 1]<UL><LI> startup_stm32h503xx.o(RESET)
</UL>
<P><STRONG><a name="[8]"></a>PendSV_Handler</STRONG> (Thumb, 2 bytes, Stack size 0 bytes, stm32h5xx_it.o(.text.PendSV_Handler))
<BR>[Address Reference Count : 1]<UL><LI> startup_stm32h503xx.o(RESET)
</UL>
<P><STRONG><a name="[7d]"></a>STSPIN220_SetStepMode</STRONG> (Thumb, 248 bytes, Stack size 24 bytes, stspin220.o(.text.STSPIN220_SetStepMode))
<BR><BR>[Stack]<UL><LI>Max Depth = 24<LI>Call Chain = STSPIN220_SetStepMode
</UL>
<BR>[Calls]<UL><LI><a href="#[74]">&gt;&gt;</a>&nbsp;&nbsp;&nbsp;HAL_GPIO_WritePin
</UL>
<BR>[Called By]<UL><LI><a href="#[58]">&gt;&gt;</a>&nbsp;&nbsp;&nbsp;main
</UL>

<P><STRONG><a name="[7e]"></a>STSPIN220_Stby</STRONG> (Thumb, 18 bytes, Stack size 0 bytes, stspin220.o(.text.STSPIN220_Stby))
<BR><BR>[Calls]<UL><LI><a href="#[74]">&gt;&gt;</a>&nbsp;&nbsp;&nbsp;HAL_GPIO_WritePin
</UL>
<BR>[Called By]<UL><LI><a href="#[58]">&gt;&gt;</a>&nbsp;&nbsp;&nbsp;main
</UL>

<P><STRONG><a name="[7f]"></a>STSPIN220_enable</STRONG> (Thumb, 22 bytes, Stack size 0 bytes, stspin220.o(.text.STSPIN220_enable))
<BR><BR>[Calls]<UL><LI><a href="#[74]">&gt;&gt;</a>&nbsp;&nbsp;&nbsp;HAL_GPIO_WritePin
</UL>
<BR>[Called By]<UL><LI><a href="#[58]">&gt;&gt;</a>&nbsp;&nbsp;&nbsp;main
</UL>

<P><STRONG><a name="[80]"></a>STSPIN220_setDirection</STRONG> (Thumb, 22 bytes, Stack size 0 bytes, stspin220.o(.text.STSPIN220_setDirection))
<BR><BR>[Calls]<UL><LI><a href="#[74]">&gt;&gt;</a>&nbsp;&nbsp;&nbsp;HAL_GPIO_WritePin
</UL>
<BR>[Called By]<UL><LI><a href="#[58]">&gt;&gt;</a>&nbsp;&nbsp;&nbsp;main
</UL>

<P><STRONG><a name="[6]"></a>SVC_Handler</STRONG> (Thumb, 2 bytes, Stack size 0 bytes, stm32h5xx_it.o(.text.SVC_Handler))
<BR>[Address Reference Count : 1]<UL><LI> startup_stm32h503xx.o(RESET)
</UL>
<P><STRONG><a name="[9]"></a>SysTick_Handler</STRONG> (Thumb, 4 bytes, Stack size 0 bytes, stm32h5xx_it.o(.text.SysTick_Handler))
<BR><BR>[Calls]<UL><LI><a href="#[81]">&gt;&gt;</a>&nbsp;&nbsp;&nbsp;HAL_IncTick
</UL>
<BR>[Address Reference Count : 1]<UL><LI> startup_stm32h503xx.o(RESET)
</UL>
<P><STRONG><a name="[82]"></a>SystemClock_Config</STRONG> (Thumb, 198 bytes, Stack size 120 bytes, main.o(.text.SystemClock_Config))
<BR><BR>[Stack]<UL><LI>Max Depth = 176<LI>Call Chain = SystemClock_Config &rArr; HAL_RCC_ClockConfig &rArr; HAL_InitTick &rArr; HAL_NVIC_SetPriority
</UL>
<BR>[Calls]<UL><LI><a href="#[6d]">&gt;&gt;</a>&nbsp;&nbsp;&nbsp;HAL_RCC_ClockConfig
<LI><a href="#[6e]">&gt;&gt;</a>&nbsp;&nbsp;&nbsp;HAL_RCC_OscConfig
<LI><a href="#[77]">&gt;&gt;</a>&nbsp;&nbsp;&nbsp;__aeabi_memclr4
</UL>
<BR>[Called By]<UL><LI><a href="#[58]">&gt;&gt;</a>&nbsp;&nbsp;&nbsp;main
</UL>

<P><STRONG><a name="[59]"></a>SystemInit</STRONG> (Thumb, 168 bytes, Stack size 0 bytes, system_stm32h5xx.o(.text.SystemInit))
<BR>[Address Reference Count : 1]<UL><LI> startup_stm32h503xx.o(.text)
</UL>
<P><STRONG><a name="[5]"></a>UsageFault_Handler</STRONG> (Thumb, 2 bytes, Stack size 0 bytes, stm32h5xx_it.o(.text.UsageFault_Handler))
<BR><BR>[Calls]<UL><LI><a href="#[5]">&gt;&gt;</a>&nbsp;&nbsp;&nbsp;UsageFault_Handler
</UL>
<BR>[Called By]<UL><LI><a href="#[5]">&gt;&gt;</a>&nbsp;&nbsp;&nbsp;UsageFault_Handler
</UL>
<BR>[Address Reference Count : 1]<UL><LI> startup_stm32h503xx.o(RESET)
</UL>
<P><STRONG><a name="[58]"></a>main</STRONG> (Thumb, 190 bytes, Stack size 24 bytes, main.o(.text.main))
<BR><BR>[Stack]<UL><LI>Max Depth = 208<LI>Call Chain = main &rArr; MX_TIM1_Init &rArr; HAL_GPIO_Init
</UL>
<BR>[Calls]<UL><LI><a href="#[83]">&gt;&gt;</a>&nbsp;&nbsp;&nbsp;HAL_TIM_PWM_Start_IT
<LI><a href="#[76]">&gt;&gt;</a>&nbsp;&nbsp;&nbsp;MX_TIM1_Init
<LI><a href="#[62]">&gt;&gt;</a>&nbsp;&nbsp;&nbsp;HAL_Delay
<LI><a href="#[75]">&gt;&gt;</a>&nbsp;&nbsp;&nbsp;HAL_GPIO_Init
<LI><a href="#[73]">&gt;&gt;</a>&nbsp;&nbsp;&nbsp;MX_GPIO_Init
<LI><a href="#[82]">&gt;&gt;</a>&nbsp;&nbsp;&nbsp;SystemClock_Config
<LI><a href="#[64]">&gt;&gt;</a>&nbsp;&nbsp;&nbsp;HAL_Init
<LI><a href="#[7e]">&gt;&gt;</a>&nbsp;&nbsp;&nbsp;STSPIN220_Stby
<LI><a href="#[80]">&gt;&gt;</a>&nbsp;&nbsp;&nbsp;STSPIN220_setDirection
<LI><a href="#[7f]">&gt;&gt;</a>&nbsp;&nbsp;&nbsp;STSPIN220_enable
<LI><a href="#[74]">&gt;&gt;</a>&nbsp;&nbsp;&nbsp;HAL_GPIO_WritePin
<LI><a href="#[7d]">&gt;&gt;</a>&nbsp;&nbsp;&nbsp;STSPIN220_SetStepMode
</UL>
<BR>[Address Reference Count : 1]<UL><LI> entry9a.o(.ARM.Collect$$$$0000000B)
</UL>
<P><STRONG><a name="[8e]"></a>__scatterload_copy</STRONG> (Thumb, 14 bytes, Stack size unknown bytes, handlers.o(i.__scatterload_copy), UNUSED)

<P><STRONG><a name="[8f]"></a>__scatterload_null</STRONG> (Thumb, 2 bytes, Stack size unknown bytes, handlers.o(i.__scatterload_null), UNUSED)

<P><STRONG><a name="[90]"></a>__scatterload_zeroinit</STRONG> (Thumb, 14 bytes, Stack size unknown bytes, handlers.o(i.__scatterload_zeroinit), UNUSED)
<P>
<H3>
Local Symbols
</H3><P>
<H3>
Undefined Global Symbols
</H3><HR></body></html>
